12-29 20:59:02.035 I/AVMCombinedCameraDeviceSessionExtend(  540): CameraDeviceSession::handle current opened service id 2 request
12-29 20:59:02.035 W/ZeekrRenderEngine(  540): [cvFuncMutiHwBuf2RGB32H264@AI_CV_Func_Processor.cpp(421)] srcs[0] index: 0
12-29 20:59:02.035 W/ZeekrRenderEngine(  540): [cvFuncMutiHwBuf2RGB32H264@AI_CV_Func_Processor.cpp(421)] srcs[1] index: 5
12-29 20:59:02.035 W/ZeekrRenderEngine(  540): [cvFuncMutiHwBuf2RGB32H264@AI_CV_Func_Processor.cpp(421)] srcs[2] index: 10
12-29 20:59:02.035 W/ZeekrRenderEngine(  540): [cvFuncMutiHwBuf2RGB32H264@AI_CV_Func_Processor.cpp(421)] srcs[3] index: 15
12-29 20:59:02.035 I/AVMCombinedCameraDeviceSessionExtend(  540): after CVP_Func_MUTI_SRC_CROP_2_RGB32ENC 0927
12-29 20:59:02.038 D/AVMCombinedCameraDeviceSessionExtend(  540): notifyCaptureResult notify capture result, service id is:2, camera id is {8,9,10,11}
12-29 20:59:02.038 I/ZeekrCameraService( 3891): <CameraHalCallback>[zeekr_onCameraDataChangeNotify] msg_type 0, msg_content 26, size 11796480, format 26, cameralist size 4, memory addr 0x7355003188
12-29 20:59:02.038 I/Jni-Camera( 3891): <NanoImageUtil>[dumpInfo] format 7
12-29 20:59:02.038 I/Jni-Camera( 3891): <NanoImageUtil>[dumpInfo] width 1920
12-29 20:59:02.038 I/Jni-Camera( 3891): <NanoImageUtil>[dumpInfo] height 1536
12-29 20:59:02.038 I/Jni-Camera( 3891): <NanoImageUtil>[dumpInfo] size 11796480
12-29 20:59:02.038 I/Jni-Camera( 3891): <NanoImageUtil>[dumpInfo] channels 0
12-29 20:59:02.038 I/ZeekrCameraService( 3891): <ZeekrCameraHal>[zeekr_onCameraDataChangeNotify] image.size 11796480, msg.size 11796480
12-29 20:59:02.038 D/AlgoService( 3891): <CameraManager>[onCameraFrame] convert avm frame +
12-29 20:59:02.040 D/AlgoService( 3891): <CameraManager>[onCameraFrame] convert avm frame -
12-29 20:59:02.040 I/AlgoService( 3891): execute called, (1920x1536) format:7
12-29 20:59:02.040 I/AlgoService( 3891): <AlgoQueueMessage>[execute] monitor startSafety algo.
12-29 20:59:02.050 D/[ZVS][155][2024-12-18]Base[1.0.7]AdasMapperImpl( 4083): onChange FaultListInfo [vUID = 4007;vOperation = 0] 
12-29 20:59:02.050 D/[ZVS][155][2024-12-18]Base[1.0.7]CacheHelper0( 4083):  set value 2response moduleName:adas,propertyName:FaultListInfo,extra:oneValue
12-29 20:59:02.050 I/SomeipAlertManager( 2994): mFaultObserver size:1
12-29 20:59:02.069 I/AVMCombinedCameraDeviceSessionExtend(  540): CameraDeviceSession::handle current opened service id 2 request
12-29 20:59:02.071 D/AIRecorder( 4373):  publish pcm =  5120
12-29 20:59:02.089 D/SomeipAlertManager( 2994): handlerSomeipAlarm not exist0
12-29 20:59:02.102 I/AVMCombinedCameraDeviceSessionExtend(  540): CameraDeviceSession::handle current opened service id 2 request
12-29 20:59:02.102 W/ZeekrRenderEngine(  540): [cvFuncMutiHwBuf2RGB32H264@AI_CV_Func_Processor.cpp(421)] srcs[0] index: 2
12-29 20:59:02.102 W/ZeekrRenderEngine(  540): [cvFuncMutiHwBuf2RGB32H264@AI_CV_Func_Processor.cpp(421)] srcs[1] index: 7
12-29 20:59:02.102 W/ZeekrRenderEngine(  540): [cvFuncMutiHwBuf2RGB32H264@AI_CV_Func_Processor.cpp(421)] srcs[2] index: 12
12-29 20:59:02.102 W/ZeekrRenderEngine(  540): [cvFuncMutiHwBuf2RGB32H264@AI_CV_Func_Processor.cpp(421)] srcs[3] index: 17
12-29 20:59:02.102 I/AVMCombinedCameraDeviceSessionExtend(  540): after CVP_Func_MUTI_SRC_CROP_2_RGB32ENC 0927
12-29 20:59:02.102 D/[ZVS][155][2024-12-18]Base[1.0.7]AdasMapperImpl( 4083): onChange FaultListInfo [vUID = 4007;vOperation = 1] 
12-29 20:59:02.102 D/[ZVS][155][2024-12-18]Base[1.0.7]CacheHelper0( 4083):  set value 2response moduleName:adas,propertyName:FaultListInfo,extra:oneValue
12-29 20:59:02.103 I/SomeipAlertManager( 2994): mFaultObserver size:1
12-29 20:59:02.103 D/SomeipAlertManager( 2994): handlerSomeipAlarm not exist4007
12-29 20:59:02.106 D/AVMCombinedCameraDeviceSessionExtend(  540): notifyCaptureResult notify capture result, service id is:2, camera id is {8,9,10,11}
12-29 20:59:02.106 I/ZeekrCameraService( 3891): <CameraHalCallback>[zeekr_onCameraDataChangeNotify] msg_type 0, msg_content 26, size 11796480, format 26, cameralist size 4, memory addr 0x7355003188
12-29 20:59:02.106 I/Jni-Camera( 3891): <NanoImageUtil>[dumpInfo] format 7
12-29 20:59:02.106 I/Jni-Camera( 3891): <NanoImageUtil>[dumpInfo] width 1920
12-29 20:59:02.106 I/Jni-Camera( 3891): <NanoImageUtil>[dumpInfo] height 1536
12-29 20:59:02.106 I/Jni-Camera( 3891): <NanoImageUtil>[dumpInfo] size 11796480
12-29 20:59:02.106 I/Jni-Camera( 3891): <NanoImageUtil>[dumpInfo] channels 0
12-29 20:59:02.106 I/ZeekrCameraService( 3891): <ZeekrCameraHal>[zeekr_onCameraDataChangeNotify] image.size 11796480, msg.size 11796480
12-29 20:59:02.106 D/AlgoService( 3891): <CameraManager>[onCameraFrame] convert avm frame +
12-29 20:59:02.108 D/AlgoService( 3891): <CameraManager>[onCameraFrame] convert avm frame -
12-29 20:59:02.108 I/AlgoService( 3891): execute called, (1920x1536) format:7
12-29 20:59:02.108 I/AlgoService( 3891): <AlgoQueueMessage>[execute] monitor startSafety algo.
12-29 20:59:02.118 D/CarLocationManager( 4529): setProperty, propId: 0x102, area: 0x0, class: class [B, val: [B@2d638d5
12-29 20:59:02.118 I/CAR.PHS.LOCATION( 1569): setProperty mId=0x102 halId=0x21701010 areaId=0x0 status=0x0 bytes=[1, 31, -1, 3, 2, 0, 31, 1, -1, 7, 7, 1, -1, -1]
12-29 20:59:02.118 D/APTIV.VHAL.VPLAT(  369): Socket:TX=0x0508543000000000011fff0302001f01ff070701ffff
12-29 20:59:02.119 D/resolv  (  451): res_nquery: (1, 12)
12-29 20:59:02.119 D/resolv  (  451): res_nmkquery: (QUERY, IN, PTR)
12-29 20:59:02.119 D/resolv  (  451): res_nsend
12-29 20:59:02.119 I/resolv  (  451): resolv_cache_lookup: lookup
12-29 20:59:02.119 I/resolv  (  451): resolv_cache_lookup: FOUND IN CACHE entry=0xb4000076b33d0950
12-29 20:59:02.119 D/resolv  (  451): res_nquery: rcode = (NXDOMAIN), counts = an:0 ns:1 ar:0
12-29 20:59:02.119 D/libnetd_resolv(  451): dns_gethtbyaddr: res_nquery failed (-1)
12-29 20:59:02.119 D/resolv  (  451): GetHostByAddrHandler::run: result: No address associated with hostname
12-29 20:59:02.120 I/EthernetChecker(  365): [checkReachable]: www.baidu.com True -> 64 bytes from 103.235.46.115: icmp_seq=1 ttl=45 time=235 ms
12-29 20:59:02.133 D/CAR.HAL ( 1569): onPropertyEvent -> mServicesToDispatch.size: 1
12-29 20:59:02.133 I/EthernetChecker(  365): [checkReachable]: 198.18.32.1 True -> 64 bytes from 198.18.32.1: icmp_seq=1 ttl=64 time=1.64 ms
12-29 20:59:02.133 D/CAR.PropertyHalService( 1569): onHalEvents mId=0x11600207 halId=0x11600207 areaId=0x0 status=0x0 timestamp=2371400091490 floatValues=[0.0]
12-29 20:59:02.135 I/AVMCombinedCameraDeviceSessionExtend(  540): CameraDeviceSession::handle current opened service id 2 request
12-29 20:59:02.138 D/CarLocationManager( 4529): setProperty, propId: 0x105, area: 0x0, class: class java.lang.Integer, val: 0
12-29 20:59:02.138 I/CAR.PHS.LOCATION( 1569): setProperty mId=0x105 halId=0x21401015 areaId=0x0 status=0x0 int32Values=[0]
12-29 20:59:02.138 D/APTIV.VHAL.VPLAT(  369): Socket:TX=0x0508543c0000000000000000
12-29 20:59:02.150 D/[ZVS][155][2024-12-18]Base[1.0.7]AdasMapperImpl( 4083): onChange FaultListInfo [vUID = 4007;vOperation = 0] 
12-29 20:59:02.150 D/[ZVS][155][2024-12-18]Base[1.0.7]CacheHelper0( 4083):  set value 2response moduleName:adas,propertyName:FaultListInfo,extra:oneValue
12-29 20:59:02.151 I/SomeipAlertManager( 2994): mFaultObserver size:1
12-29 20:59:02.159 D/APTIV.VHAL.VPLAT(  369): Socket:RX=0x0c015b110000000000000000
12-29 20:59:02.159 D/APTIV.VHAL.PLATVHAL(  369): setPropertyFromVehicle success,doHalEvent:0x2260f1d4
12-29 20:59:02.169 I/AVMCombinedCameraDeviceSessionExtend(  540): CameraDeviceSession::handle current opened service id 2 request
12-29 20:59:02.169 W/ZeekrRenderEngine(  540): [cvFuncMutiHwBuf2RGB32H264@AI_CV_Func_Processor.cpp(421)] srcs[0] index: 4
12-29 20:59:02.169 W/ZeekrRenderEngine(  540): [cvFuncMutiHwBuf2RGB32H264@AI_CV_Func_Processor.cpp(421)] srcs[1] index: 9
12-29 20:59:02.169 W/ZeekrRenderEngine(  540): [cvFuncMutiHwBuf2RGB32H264@AI_CV_Func_Processor.cpp(421)] srcs[2] index: 14
12-29 20:59:02.169 W/ZeekrRenderEngine(  540): [cvFuncMutiHwBuf2RGB32H264@AI_CV_Func_Processor.cpp(421)] srcs[3] index: 19
12-29 20:59:02.169 I/AVMCombinedCameraDeviceSessionExtend(  540): after CVP_Func_MUTI_SRC_CROP_2_RGB32ENC 0927
12-29 20:59:02.173 D/AVMCombinedCameraDeviceSessionExtend(  540): notifyCaptureResult notify capture result, service id is:2, camera id is {8,9,10,11}
12-29 20:59:02.173 I/ZeekrCameraService( 3891): <CameraHalCallback>[zeekr_onCameraDataChangeNotify] msg_type 0, msg_content 26, size 11796480, format 26, cameralist size 4, memory addr 0x7355003188
12-29 20:59:02.173 I/Jni-Camera( 3891): <NanoImageUtil>[dumpInfo] format 7
12-29 20:59:02.173 I/Jni-Camera( 3891): <NanoImageUtil>[dumpInfo] width 1920
12-29 20:59:02.173 I/Jni-Camera( 3891): <NanoImageUtil>[dumpInfo] height 1536
12-29 20:59:02.173 I/Jni-Camera( 3891): <NanoImageUtil>[dumpInfo] size 11796480
12-29 20:59:02.173 I/Jni-Camera( 3891): <NanoImageUtil>[dumpInfo] channels 0
12-29 20:59:02.173 I/ZeekrCameraService( 3891): <ZeekrCameraHal>[zeekr_onCameraDataChangeNotify] image.size 11796480, msg.size 11796480
12-29 20:59:02.173 D/AlgoService( 3891): <CameraManager>[onCameraFrame] convert avm frame +
12-29 20:59:02.174 D/AlgoService( 3891): <CameraManager>[onCameraFrame] convert avm frame -
12-29 20:59:02.175 I/AlgoService( 3891): execute called, (1920x1536) format:7
12-29 20:59:02.175 I/AlgoService( 3891): <AlgoQueueMessage>[execute] monitor startSafety algo.
12-29 20:59:02.175 D/SafeStart( 3891): start executeDetect 
12-29 20:59:02.175 D/SafeStart( 3891): after frame_rgba
12-29 20:59:02.175 D/SafeStart( 3891): after cvtColor
12-29 20:59:02.177 D/SafeStart( 3891): PreProcess 2395 time: 10.753000 ms
12-29 20:59:02.191 D/SomeipAlertManager( 2994): handlerSomeipAlarm not exist0
12-29 20:59:02.192 D/SafeStart( 3891): QNNForward end  
12-29 20:59:02.194 D/SafeStart( 3891): PostProcess end  
12-29 20:59:02.194 D/SafeStart( 3891): results.size() 0
12-29 20:59:02.194 D/SafeStart( 3891): this_frame_result 0,0,0,0
12-29 20:59:02.194 D/SafeStart( 3891): before 0_camera_result
12-29 20:59:02.194 D/SafeStart( 3891): this_frame_result[j] 0 all_camera_result[j]
12-29 20:59:02.194 D/SafeStart( 3891): after 0_camera_result
12-29 20:59:02.194 D/SafeStart( 3891): before result_0or1[j] 3
12-29 20:59:02.194 D/SafeStart( 3891): after result_0or1[j] 4
12-29 20:59:02.194 D/SafeStart( 3891): result_0or1 cam:0 init_result 0 0 0 0
12-29 20:59:02.194 D/SafeStart( 3891): after 0 push_back
12-29 20:59:02.195 D/SafeStart( 3891): before 1_camera_result
12-29 20:59:02.195 D/SafeStart( 3891): this_frame_result[j] 0 all_camera_result[j]
12-29 20:59:02.195 D/SafeStart( 3891): after 1_camera_result
12-29 20:59:02.195 D/SafeStart( 3891): before result_0or1[j] 3
12-29 20:59:02.195 D/SafeStart( 3891): after result_0or1[j] 4
12-29 20:59:02.195 D/SafeStart( 3891): result_0or1 cam:1 init_result 0 0 0 0
12-29 20:59:02.195 D/SafeStart( 3891): after 1 push_back
12-29 20:59:02.195 D/SafeStart( 3891): before 2_camera_result
12-29 20:59:02.195 D/SafeStart( 3891): this_frame_result[j] 0 all_camera_result[j]
12-29 20:59:02.195 D/SafeStart( 3891): after 2_camera_result
12-29 20:59:02.195 D/SafeStart( 3891): before result_0or1[j] 3
12-29 20:59:02.195 D/SafeStart( 3891): after result_0or1[j] 4
12-29 20:59:02.195 D/SafeStart( 3891): result_0or1 cam:2 init_result 0 0 0 0
12-29 20:59:02.195 D/SafeStart( 3891): after 2 push_back
12-29 20:59:02.195 D/SafeStart( 3891): before 3_camera_result
12-29 20:59:02.195 D/SafeStart( 3891): this_frame_result[j] 0 all_camera_result[j]
12-29 20:59:02.195 D/SafeStart( 3891): after 3_camera_result
12-29 20:59:02.195 D/SafeStart( 3891): before result_0or1[j] 3
12-29 20:59:02.195 D/SafeStart( 3891): after result_0or1[j] 4
12-29 20:59:02.195 D/SafeStart( 3891): result_0or1 cam:3 init_result 0 0 0 0
12-29 20:59:02.195 D/SafeStart( 3891): after 3 push_back
12-29 20:59:02.195 D/SafeStart( 3891): all_camera_result 0,0,0,0
12-29 20:59:02.195 D/SafeStart( 3891): after paint_result
12-29 20:59:02.195 D/SafeStart( 3891): frame_id 2395 time: 16.880000 ms
12-29 20:59:02.195 I/AlgoService( 3891): <AlgoService>[postJavaMessage] called, algoType 8, event 2001
12-29 20:59:02.195 D/AlgoService( 3891): <AlgoService>[postJavaMessage] data is empty!
12-29 20:59:02.195 I/AlgoService( 3891): <AlgoService>[postJavaMessage] event 2001, data size 0
12-29 20:59:02.195 D/AlgoService( 3891): <BaseAlgoService> transmit data: AlgoCbData{algoType=8, event=2001, payload={"algoType":8,"event":2001,"payload":{"size":0,"data":[]}}}
12-29 20:59:02.195 I/[AIScene][127]VisualPerceptionImpl( 3891): onUpdate, json: {"algoType":8,"event":2001,"payload":{"size":0,"data":[]}}
12-29 20:59:02.195 I/[AIScene][127]VisualPerceptionImpl( 3891): onUpdate, get bean: n4.p@890b911, VisualDispatcherBean{iVisualDispatcher=n4.p@890b911, type= add: {2 }; init: {2 }
12-29 20:59:02.196 I/[AIScene][127]VisualPerceptionImpl( 3891): onUpdate, get bean: r4.f@a143c6, VisualDispatcherBean{iVisualDispatcher=r4.f@a143c6, type= add: {8 }; init: {8 }
12-29 20:59:02.196 I/[AIScene][127]SafeRemindService( 3891): to send safe remind data receive, algotype->8, jsonStr->{"algoType":8,"event":2001,"payload":{"size":0,"data":[]}}
12-29 20:59:02.196 D/[AIScene][127]SafeRemindService( 3891): safe remind data update, algotype->8, jsonStr->{"algoType":8,"event":2001,"payload":{"size":0,"data":[]}}
12-29 20:59:02.196 D/[AIScene][127]SafeRemindService( 3891): safe remind data to json success!
12-29 20:59:02.196 D/[AIScene][127]SafeRemindService( 3891): not need send pay load data to qnx
12-29 20:59:02.201 D/[ZVS][155][2024-12-18]Base[1.0.7]AdasMapperImpl( 4083): onChange FaultListInfo [vUID = 4007;vOperation = 1] 
12-29 20:59:02.201 D/[ZVS][155][2024-12-18]Base[1.0.7]CacheHelper0( 4083):  set value 2response moduleName:adas,propertyName:FaultListInfo,extra:oneValue
12-29 20:59:02.202 I/SomeipAlertManager( 2994): mFaultObserver size:1
12-29 20:59:02.202 D/SomeipAlertManager( 2994): handlerSomeipAlarm not exist4007
12-29 20:59:02.202 I/AVMCombinedCameraDeviceSessionExtend(  540): CameraDeviceSession::handle current opened service id 2 request
--------- beginning of kernel
12-29 20:59:02.209 I/logd    (    0): logdr: UID=2000 GID=2000 PID=32042 b tail=0 logMask=99 pid=0 start=0ns deadline=0ns
12-29 20:59:02.218 D/CarLocationManager( 4529): setProperty, propId: 0x102, area: 0x0, class: class [B, val: [B@44548ea
12-29 20:59:02.218 I/CAR.PHS.LOCATION( 1569): setProperty mId=0x102 halId=0x21701010 areaId=0x0 status=0x0 bytes=[1, 31, -1, 0, 2, 0, 31, 1, -1, 7, 7, 1, -1, -1]
12-29 20:59:02.219 D/APTIV.VHAL.VPLAT(  369): Socket:TX=0x0508543000000000011fff0002001f01ff070701ffff
12-29 20:59:02.235 I/AVMCombinedCameraDeviceSessionExtend(  540): CameraDeviceSession::handle current opened service id 2 request
12-29 20:59:02.235 W/ZeekrRenderEngine(  540): [cvFuncMutiHwBuf2RGB32H264@AI_CV_Func_Processor.cpp(421)] srcs[0] index: 1
12-29 20:59:02.235 W/ZeekrRenderEngine(  540): [cvFuncMutiHwBuf2RGB32H264@AI_CV_Func_Processor.cpp(421)] srcs[1] index: 6
12-29 20:59:02.235 W/ZeekrRenderEngine(  540): [cvFuncMutiHwBuf2RGB32H264@AI_CV_Func_Processor.cpp(421)] srcs[2] index: 11
12-29 20:59:02.235 W/ZeekrRenderEngine(  540): [cvFuncMutiHwBuf2RGB32H264@AI_CV_Func_Processor.cpp(421)] srcs[3] index: 16
12-29 20:59:02.236 I/AVMCombinedCameraDeviceSessionExtend(  540): after CVP_Func_MUTI_SRC_CROP_2_RGB32ENC 0927
12-29 20:59:02.239 D/AVMCombinedCameraDeviceSessionExtend(  540): notifyCaptureResult notify capture result, service id is:2, camera id is {8,9,10,11}
12-29 20:59:02.239 I/ZeekrCameraService( 3891): <CameraHalCallback>[zeekr_onCameraDataChangeNotify] msg_type 0, msg_content 26, size 11796480, format 26, cameralist size 4, memory addr 0x7355003188
12-29 20:59:02.239 I/Jni-Camera( 3891): <NanoImageUtil>[dumpInfo] format 7
12-29 20:59:02.240 I/Jni-Camera( 3891): <NanoImageUtil>[dumpInfo] width 1920
12-29 20:59:02.240 I/Jni-Camera( 3891): <NanoImageUtil>[dumpInfo] height 1536
12-29 20:59:02.240 I/Jni-Camera( 3891): <NanoImageUtil>[dumpInfo] size 11796480
12-29 20:59:02.240 I/Jni-Camera( 3891): <NanoImageUtil>[dumpInfo] channels 0
12-29 20:59:02.240 I/ZeekrCameraService( 3891): <ZeekrCameraHal>[zeekr_onCameraDataChangeNotify] image.size 11796480, msg.size 11796480
12-29 20:59:02.240 D/AlgoService( 3891): <CameraManager>[onCameraFrame] convert avm frame +
12-29 20:59:02.242 D/AlgoService( 3891): <CameraManager>[onCameraFrame] convert avm frame -
12-29 20:59:02.242 I/AlgoService( 3891): execute called, (1920x1536) format:7
12-29 20:59:02.242 I/AlgoService( 3891): <AlgoQueueMessage>[execute] monitor startSafety algo.
12-29 20:59:02.252 D/[ZVS][155][2024-12-18]Base[1.0.7]AdasMapperImpl( 4083): onChange FaultListInfo [vUID = 4007;vOperation = 0] 
12-29 20:59:02.252 D/[ZVS][155][2024-12-18]Base[1.0.7]CacheHelper0( 4083):  set value 2response moduleName:adas,propertyName:FaultListInfo,extra:oneValue
12-29 20:59:02.252 I/SomeipAlertManager( 2994): mFaultObserver size:1
12-29 20:59:02.265 I/OTA::   ( 2371): 20251229 20:59:02.265705 03538 I workspace/basecomponent/OIP3/src/OIP.cpp 0253 request() start. reqData={"methodName":"GetConnectivitySts"}
12-29 20:59:02.267 I/dhu_if_proxy_sdk( 1725): current request {"methodName":"GetConnectivitySts"}, form FOTA_MASTER
12-29 20:59:02.267 D/ProxySdkResolverImpl( 1725): current message {"methodName":"GetConnectivitySts"}
12-29 20:59:02.267 I/ZeekrOTA_v1.0_Adapt-IpcpManager( 1725): clientSendNoArgsMsg funcKey = 12651346
12-29 20:59:02.268 D/IPCP.ClientManager( 1852): functionid : 0xc10b52  : doRequest without payload ....
12-29 20:59:02.268 I/IPCP.ClientManager( 1852): add request: entry.client = IpcpClientImpl{mPid=1725, mUid=1000}...IpcpClientImpl{mPid=1725, mUid=1000}, cbcode = 0
12-29 20:59:02.268 I/ipcptest( 1852): serviceid : 193 operationid : functionid : 0x008c 
12-29 20:59:02.268 I/ipcptest( 1852): seqNrPlus operationid before: functionid : 0x008c 
12-29 20:59:02.268 I/ipcptest( 1852): seqNrPlus operationid after: functionid : 0x008d 
12-29 20:59:02.268 I/Ipcp_Client( 1852): JavaIpcpClientSendMsgWithAddr - IN, sid:0xc1(193)
12-29 20:59:02.268 D/Ipcp_Client( 1852): IPCPClient find_client_mp_handler ok (sid:0xc1,handler:0xb400007440c34070)
12-29 20:59:02.268 D/Ipcp_Client( 1852): IPCPClient SendMsgWithAddr In!
12-29 20:59:02.268 I/Ipcp_Client( 1852): >>>>> CLI-JNI-SND >>>>> [198.18.32.17:50193] sid:0xc1(193), opId:0xb52(2898), opType:0(0), seqNr:141(0x8d-141), proc:0, dataType:0, payloadLen:0(0,0)
12-29 20:59:02.268 D/libvintf(  310): HalManifest::getHidlTransport(framework): Cannot find vendor.zeekr.hardware.iplm@1.0::IIplm/default
12-29 20:59:02.269 I/AVMCombinedCameraDeviceSessionExtend(  540): CameraDeviceSession::handle current opened service id 2 request
12-29 20:59:02.269 I/IPLM_Impl(  820): getRGState, get 0x2-[RG-1] state - success, state:1
12-29 20:59:02.270 I/IPLM_MANAGER( 1852): GetRGState, sid:0xc1(193), rgIndex:2, rgState:1
12-29 20:59:02.270 I/libipcp ( 1852): sanity_upper_msg: opType = [0], opTypeInSenderHandleId = [0]
12-29 20:59:02.270 I/libipcp ( 1852): ipcp_send: >>>>> IPCP-SND >>>>> [198.18.32.17:50193] sid:0xc1(193), opId:0xb52(2898), opType:0(0), senderHandleId:0xc152008d, seqNr:0x8d(141), proc:0, dataType:0, length:8
12-29 20:59:02.270 D/libipcp ( 1852): lookup_service_config: [6/19, 1/10] Found the config 0xb4000074b0c1a890 with the same sid:0xc1(193) and opid:0xb52(2898)!
12-29 20:59:02.270 D/Ipcp_Impl( 1852): sendmsg ipcp success!
12-29 20:59:02.270 D/Ipcp_Client( 1852): IPCPClient SendMsgWithAddr Out!
12-29 20:59:02.270 I/Ipcp_Client( 1852): JavaIpcpClientSendMsgWithAddr - OUT, sid:0xc1(193), ret:1
12-29 20:59:02.270 D/IPCP Utils( 1852): byte2hex: data is NULL
12-29 20:59:02.270 I/IPCP.Client( 1852): sendClientMessage true, msgInfo: IpcpMsgInfo{header=IpcpMsgHeader{serviceId=193, operationId=2898, seqNr=141, opType=0, dataType=0}, len=0, payload=}
12-29 20:59:02.270 I/libipcp ( 1852): ipcp_do_xmit: >>>>> DO-XMIT >>>>> [198.18.32.17:50193] sid:0xc1(193), opId:0xb52(2898), opType:0(0), senderHandleId:0xc152008d, seqNr:0x8d(141), proc:0, dataType:0, length:8
12-29 20:59:02.270 D/libipcp ( 1852): ipcp_do_xmit: ipcp_do_xmit udp in (wfa_list_len:0, pkt:0xb400007470c3ef30_0xc152008d)
12-29 20:59:02.270 I/libipcp ( 1852): append_package_to_wfa_list: Append pkg 0xb400007470c3ef30_0xc152008d to WFA list(len:1)
12-29 20:59:02.270 D/libipcp ( 1852): append_package_to_retry_list: Append pkg 0xb400007470c3f050_0xc152008d to Retry list(len:1)
12-29 20:59:02.270 I/libipcp ( 1852): update_wfa_timer: >>>>> WFA-TMR >>>>> For packet [0xb400007470c3f050] 0xc152008d, WFA retry count: 1, WFA Timeout: 1000
12-29 20:59:02.270 D/libipcp ( 1852): ipcp_do_xmit: ipcp_do_xmit udp out (wfa_list_len:1, pkt:0xb400007470c3ef30_0xc152008d)
12-29 20:59:02.270 D/libipcp ( 1852): lookup_service_config: [6/19, 1/10] Found the config 0xb4000074b0c1a890 with the same sid:0xc1(193) and opid:0xb52(2898)!
12-29 20:59:02.270 I/libipcp ( 1852): ipcp_transport_send: [10.1.2.6:50193] -> [198.18.32.17:50193]
12-29 20:59:02.270 I/ipcp_osi_socket( 1852): >>>>> UDP-SND >>>>> fd:178, [198.18.32.17:50193], dataSize:16, sendLen:16
12-29 20:59:02.270 I/libipcp ( 1852): ipcp_do_xmit: ipcp_do_xmit out(sentLen:16)
12-29 20:59:02.272 I/libipcp ( 1852): socket_says_data_received: <<<<< RCV-DATA <<<<< [198.18.32.17:50193] sid:0xc1(193), opId:0xb52(2898), opType:0x70(112), senderHandleId:0xc152008d, seqNr:0x8d(141), proc:0, dataType:0, length:8(16)
12-29 20:59:02.272 D/libipcp ( 1852): socket_says_data_received: add to dispatch queue: 193 2898 8 -1051590515 3 112 0 0
12-29 20:59:02.272 I/libipcp ( 1852): dispatch_handler: <<<<< DISPATCH <<<<< START - [198.18.32.17:50193] sid:0xc1(193), opId:0xb52(2898), opType:0x70(112), senderHandleId:0xc152008d, seqNr:0x8d(141), proc:0, dataType:0, length:8
12-29 20:59:02.272 D/libipcp ( 1852): update_receive_ack_status_for_wfa: Update ACK status of pkg 0xb400007470c3ef30_0xc152008d in WFA list(len:1) and cancel timer.
12-29 20:59:02.272 D/libipcp ( 1852): update_receive_ack_status_for_retry: Update ACK status of pkg 0xb400007470c3f050_0xc152008d in Retry list(len:1) and cancel timer.
12-29 20:59:02.272 D/libipcp ( 1852): handle_incoming_ack: Thread post notify ack to upper
12-29 20:59:02.272 I/libipcp ( 1852): dispatch_handler: <<<<< DISPATCH <<<<<  END
12-29 20:59:02.272 I/libipcp ( 1852): notify_ack: notify_ack - IN
12-29 20:59:02.272 D/libipcp ( 1852): lookup_service_config: [6/19, 1/10] Found the config 0xb4000074b0c1a890 with the same sid:0xc1(193) and opid:0xb52(2898)!
12-29 20:59:02.272 I/Ipcp_Client( 1852): received_cb_client - IN([198.18.32.17:50193])
12-29 20:59:02.272 D/Ipcp_Client( 1852): IPCPClient find_client_mp_handler ok (sid:0xc1,handler:0xb400007440c34070)
12-29 20:59:02.272 I/Ipcp_Client( 1852): <<<<< CLI-RCV-CB <<<<< cbCode:1, [198.18.32.17:50193] sid:0xc1(193), opId:0xb52(2898), opType:0x70(112), seqNr:28813(0x708d-141), proc:0, dataType:0, length:0(0)
12-29 20:59:02.272 D/Ipcp_Client( 1852): callClientCallBack, add msg to client callback queue
12-29 20:59:02.272 I/Ipcp_Client( 1852): received_cb_client - OUT([198.18.32.17:50193])
12-29 20:59:02.272 I/libipcp ( 1852): notify_ack: notify_ack - OUT
12-29 20:59:02.272 I/Ipcp_Client( 1852): <<<<< CLI-JNI-CB <<<<< START - cbCode:1, [198.18.32.17:50193] sid:0xc1(193), opId:0xb52(2898), opType:0x70(112), seqNr:28813(0x708d-141), proc:0, dataType:0, length:0
12-29 20:59:02.272 D/IPCP Utils( 1852): byte2hex: data is NULL
12-29 20:59:02.272 D/IPCP.Client( 1852): ClientCbData{mCbCode=1, serviceId=193, operationId=2898, mSeqNr=28813, opType=112, dataType=0, proc=0, payloadLen=0, payload=}
12-29 20:59:02.272 I/Ipcp_Client( 1852): <<<<< CLI-JNI-CB <<<<<  END  - cbCode:1, [198.18.32.17:50193] sid:0xc1(193), opId:0xb52(2898), opType:0x70(112), seqNr:28813(0x708d-141), proc:0, dataType:0, length:0
12-29 20:59:02.272 D/IPCP.ClientManager( 1852): ack recv success, tell app
12-29 20:59:02.272 I/ZeekrOTA_v1.0_Adapt-IpcpManager( 1725): Client onProcResult funcKey = 12651346, result = 1
12-29 20:59:02.272 I/ZeekrOTA_v1.0_Adapt-IpcpManager( 1725): ReceiveHandler RECEIVE_CLIENT_SEND_STATE funcKey = 12651346, result = 1
12-29 20:59:02.272 I/ZeekrOTA_v1.0_Adapt-IpcpManager( 1725): callBackClientSendState funcKey = 12651346, mClientMsgMap.size() = 10
12-29 20:59:02.277 I/libipcp ( 1852): socket_says_data_received: <<<<< RCV-DATA <<<<< [198.18.32.17:50193] sid:0xc1(193), opId:0xb52(2898), opType:0x4(4), senderHandleId:0xc152008d, seqNr:0x8d(141), proc:0, dataType:0, length:9(17)
12-29 20:59:02.277 D/libipcp ( 1852): socket_says_data_received: add to dispatch queue: 193 2898 9 -1051590515 3 4 0 0
12-29 20:59:02.277 I/libipcp ( 1852): dispatch_handler: <<<<< DISPATCH <<<<< START - [198.18.32.17:50193] sid:0xc1(193), opId:0xb52(2898), opType:0x4(4), senderHandleId:0xc152008d, seqNr:0x8d(141), proc:0, dataType:0, length:9
12-29 20:59:02.277 D/libipcp ( 1852): update_receive_ack_status_for_wfa: Update ACK status of pkg 0xb400007470c3ef30_0xc152008d in WFA list(len:1) and cancel timer.
12-29 20:59:02.277 D/libipcp ( 1852): update_receive_ack_status_for_retry: Update ACK status of pkg 0xb400007470c3f050_0xc152008d in Retry list(len:1) and cancel timer.
12-29 20:59:02.277 D/libipcp ( 1852): handle_incoming_response: Thread post notify response to upper
12-29 20:59:02.277 I/libipcp ( 1852): ipcp_do_xmit: >>>>> DO-XMIT >>>>> [198.18.32.17:50193] sid:0xc1(193), opId:0xb52(2898), opType:0x70(112), senderHandleId:0xc152008d, seqNr:0x8d(141), proc:0, dataType:0, length:8
12-29 20:59:02.277 I/libipcp ( 1852): notify_response: notify_response - IN
12-29 20:59:02.277 D/libipcp ( 1852): lookup_service_config: [6/19, 1/10] Found the config 0xb4000074b0c1a890 with the same sid:0xc1(193) and opid:0xb52(2898)!
12-29 20:59:02.277 I/Ipcp_Client( 1852): received_cb_client - IN([198.18.32.17:50193])
12-29 20:59:02.277 D/Ipcp_Client( 1852): IPCPClient find_client_mp_handler ok (sid:0xc1,handler:0xb400007440c34070)
12-29 20:59:02.277 I/Ipcp_Client( 1852): <<<<< CLI-RCV-CB <<<<< cbCode:0, [198.18.32.17:50193] sid:0xc1(193), opId:0xb52(2898), opType:0x4(4), seqNr:1165(0x48d-141), proc:0, dataType:0, length:1(1)
12-29 20:59:02.277 D/libipcp ( 1852): ipcp_do_xmit: ipcp_do_xmit others
12-29 20:59:02.277 I/libipcp ( 1852): dispatch_handler: <<<<< DISPATCH <<<<<  END
12-29 20:59:02.277 D/Ipcp_Client( 1852): callClientCallBack, add msg to client callback queue
12-29 20:59:02.277 I/Ipcp_Client( 1852): received_cb_client - OUT([198.18.32.17:50193])
12-29 20:59:02.277 I/Ipcp_Client( 1852): <<<<< CLI-JNI-CB <<<<< START - cbCode:0, [198.18.32.17:50193] sid:0xc1(193), opId:0xb52(2898), opType:0x4(4), seqNr:1165(0x48d-141), proc:0, dataType:0, length:1
12-29 20:59:02.277 I/libipcp ( 1852): notify_response: notify_response - OUT
12-29 20:59:02.277 D/IPCP.Client( 1852): ClientCbData{mCbCode=0, serviceId=193, operationId=2898, mSeqNr=1165, opType=4, dataType=0, proc=0, payloadLen=0, payload= 00}
12-29 20:59:02.278 D/libipcp ( 1852): lookup_service_config: [6/19, 1/10] Found the config 0xb4000074b0c1a890 with the same sid:0xc1(193) and opid:0xb52(2898)!
12-29 20:59:02.278 I/libipcp ( 1852): ipcp_transport_send: [10.1.2.6:50193] -> [198.18.32.17:50193]
12-29 20:59:02.278 I/Ipcp_Client( 1852): <<<<< CLI-JNI-CB <<<<<  END  - cbCode:0, [198.18.32.17:50193] sid:0xc1(193), opId:0xb52(2898), opType:0x4(4), seqNr:1165(0x48d-141), proc:0, dataType:0, length:1
12-29 20:59:02.278 I/IPCP.ClientManager( 1852): diliveryResponse: entry.client = IpcpClientImpl{mPid=1725, mUid=1000}
12-29 20:59:02.278 D/IPCP.ClientManager( 1852): recv response, travel next
12-29 20:59:02.278 I/ipcp_osi_socket( 1852): >>>>> UDP-SND >>>>> fd:178, [198.18.32.17:50193], dataSize:16, sendLen:16
12-29 20:59:02.278 I/libipcp ( 1852): ipcp_do_xmit: ipcp_do_xmit release the sent ACK packet
12-29 20:59:02.278 D/libipcp ( 1852): free_retry_ineffective_packet: Remove and free ineffective pkg 0xb400007470c3f050_0xc152008d from Retry list(len:0)
12-29 20:59:02.278 D/libipcp ( 1852): free_wfa_completed_packet: Remove and free pkg 0xb400007470c3ef30_0xc152008d from WFA list(len:0)
12-29 20:59:02.278 I/libipcp ( 1852): ipcp_do_xmit: ipcp_do_xmit out(sentLen:16)
12-29 20:59:02.278 I/ZeekrOTA_v1.0_Adapt-IpcpManager( 1725): onClientCallback funcKey = 12651346
12-29 20:59:02.278 I/ZeekrOTA_v1.0_Adapt-IpcpManager( 1725): ReceiveHandler RECEIVE_CLIENT funcKey = 12651346
12-29 20:59:02.278 I/ZeekrOTA_v1.0_Adapt-IpcpManager( 1725): callBackClientMsg funcKey = 12651346, mClientMsgMap.size() = 10
12-29 20:59:02.278 D/ZeekrOTA_v1.0_FOTAMasterProxy( 1725): MasterHandler handleMessage what = 0
12-29 20:59:02.278 D/ZeekrOTA_v1.0_FOTAMasterProxy( 1725): onClientDataCallback, IPCP_OTA_CONNECTIVITY_STS response, value = 2
12-29 20:59:02.278 I/ZeekrOTA_v1.0_IpcpManagerProxy( 1725): onClientDataCallback, IPCP_OTA30_CONNECTIVITYSTS notify, value = 2
12-29 20:59:02.278 D/ZeekrOTA_v1.0_OTAManagerService( 1725): handleMessage NEW_TSP_CONNECTION_CHG objectStr = false
12-29 20:59:02.278 D/ZeekrOTA_v1.0_FOTAMasterProxy( 1725): doGetConnectivitySts, value = 2 result = 0
12-29 20:59:02.278 I/dhu_if_proxy_sdk( 1725): current response 0
12-29 20:59:02.278 D/AdaptB_1_3_1202_IB_AdaptInternalImplOTA( 1826): onInternalServiceDataEvent->onInternalServiceDataEvent: domain = Adapt-OTA, ifname = adaptservice.out.to.adaptlib, msgId = OTA_TSP_STATUS_CHANGED, data = {"status":false}
12-29 20:59:02.279 D/AdaptB_1_3_1202_AdaptInternalImplService( 1826): onInternalServiceDataEvent ifname: adaptservice.out.to.adaptlib, msgId: OTA_TSP_STATUS_CHANGED, data: {"status":false}
12-29 20:59:02.279 D/AdaptL_3707_AdaptInternalManager( 3707): onInternalDataEvent domain = Adapt-OTA, ifname = adaptservice.out.to.adaptlib, msgId = OTA_TSP_STATUS_CHANGED, data = {"status":false}
12-29 20:59:02.279 D/AdaptL_3932_AdaptInternalManager( 3932): onInternalDataEvent domain = Adapt-OTA, ifname = adaptservice.out.to.adaptlib, msgId = OTA_TSP_STATUS_CHANGED, data = {"status":false}
12-29 20:59:02.279 D/AdaptL_3658_AdaptInternalManager( 3658): onInternalDataEvent domain = Adapt-OTA, ifname = adaptservice.out.to.adaptlib, msgId = OTA_TSP_STATUS_CHANGED, data = {"status":false}
12-29 20:59:02.280 D/AdaptL_3707_OTAImpl( 3707): OTAHandler receive message : 17
12-29 20:59:02.280 D/AdaptL_3707_OTAImpl( 3707): onTspStatusChanged : com.fringtech.ota.extension.OTAExtension$1@2282a76,mConnectStatus = false
12-29 20:59:02.280 D/AdaptL_3658_OTAImpl( 3658): OTAHandler receive message : 17
12-29 20:59:02.280 D/AdaptL_3707_OTAExtension( 3707): callback.onTspStatusChanged...
12-29 20:59:02.280 D/AdaptL_3658_OTAImpl( 3658): onTspStatusChanged : com.fringtech.ota.extension.OTAExtension$1@cd1ccf0,mConnectStatus = false
12-29 20:59:02.280 D/AdaptL_3658_OTAExtension( 3658): callback.onTspStatusChanged...
12-29 20:59:02.280 D/AdaptL_3045_AdaptInternalManager( 3045): onInternalDataEvent domain = Adapt-OTA, ifname = adaptservice.out.to.adaptlib, msgId = OTA_TSP_STATUS_CHANGED, data = {"status":false}
12-29 20:59:02.280 D/AdaptB_1_3_1202_AdaptInternalImplService( 1826): onInternalServiceDataEvent pids:[3707, 3932, 3658, 9074, 20465, 8809, 3045, 1977, 7733] domain:Adapt-OTA ifname:adaptservice.out.to.adaptlib msgId:OTA_TSP_STATUS_CHANGED
12-29 20:59:02.280 D/AdaptL_1977_AdaptInternalManager( 1977): onInternalDataEvent domain = Adapt-OTA, ifname = adaptservice.out.to.adaptlib, msgId = OTA_TSP_STATUS_CHANGED, data = {"status":false}
12-29 20:59:02.280 D/AdaptL_7733_AdaptInternalManager( 7733): onInternalDataEvent domain = Adapt-OTA, ifname = adaptservice.out.to.adaptlib, msgId = OTA_TSP_STATUS_CHANGED, data = {"status":false}
12-29 20:59:02.280 D/AdaptL_9074_AdaptInternalManager( 9074): onInternalDataEvent domain = Adapt-OTA, ifname = adaptservice.out.to.adaptlib, msgId = OTA_TSP_STATUS_CHANGED, data = {"status":false}
12-29 20:59:02.280 D/AdaptL_1977_OTAImpl( 1977): OTAHandler receive message : 17
12-29 20:59:02.280 D/AdaptL_8809_AdaptInternalManager( 8809): onInternalDataEvent domain = Adapt-OTA, ifname = adaptservice.out.to.adaptlib, msgId = OTA_TSP_STATUS_CHANGED, data = {"status":false}
12-29 20:59:02.280 D/AdaptL_1977_OTAImpl( 1977): onTspStatusChanged : com.fringtech.ota.extension.OTAExtension$1@3e6bbbf,mConnectStatus = false
12-29 20:59:02.280 D/AdaptL_3045_OTAImpl( 3045): OTAHandler receive message : 17
12-29 20:59:02.280 D/AdaptL_9074_OTAImpl( 9074): OTAHandler receive message : 17
12-29 20:59:02.280 D/AdaptL_9074_OTAImpl( 9074): onTspStatusChanged : com.fringtech.ota.extension.OTAExtension$1@70b362c,mConnectStatus = false
12-29 20:59:02.280 D/AdaptL_9074_OTAExtension( 9074): callback.onTspStatusChanged...
12-29 20:59:02.280 D/AdaptL_3045_OTAImpl( 3045): onTspStatusChanged : com.fringtech.ota.extension.OTAExtension$1@b07abb5,mConnectStatus = false
12-29 20:59:02.280 D/AdaptL_8809_OTAImpl( 8809): OTAHandler receive message : 17
12-29 20:59:02.280 D/AdaptL_8809_OTAImpl( 8809): onTspStatusChanged : com.fringtech.ota.extension.OTAExtension$1@ff0e38b,mConnectStatus = false
12-29 20:59:02.280 D/AdaptL_8809_OTAExtension( 8809): callback.onTspStatusChanged...
12-29 20:59:02.280 D/AdaptL_20465_AdaptInternalManager(20465): onInternalDataEvent domain = Adapt-OTA, ifname = adaptservice.out.to.adaptlib, msgId = OTA_TSP_STATUS_CHANGED, data = {"status":false}
12-29 20:59:02.280 D/AdaptL_3045_OTAExtension( 3045): callback.onTspStatusChanged...
12-29 20:59:02.280 D/AdaptL_20465_OTAImpl(20465): OTAHandler receive message : 17
12-29 20:59:02.280 D/AdaptL_20465_OTAImpl(20465): onTspStatusChanged : com.fringtech.ota.extension.OTAExtension$1@3e7f0dc,mConnectStatus = false
12-29 20:59:02.280 D/AdaptL_20465_OTAExtension(20465): callback.onTspStatusChanged...
12-29 20:59:02.280 W/ecarx.upgrade_20241114-20241114__OTAManager( 3045): onTspStatusChanged status : false: mainUpdateClick:false
12-29 20:59:02.281 D/AdaptL_3932_OTAImpl( 3932): OTAHandler receive message : 17
12-29 20:59:02.281 D/AdaptL_3932_OTAImpl( 3932): onTspStatusChanged : com.fringtech.ota.extension.OTAExtension$1@20f1ee0,mConnectStatus = false
12-29 20:59:02.281 D/AdaptL_7733_OTAImpl( 7733): OTAHandler receive message : 17
12-29 20:59:02.281 D/AdaptL_7733_OTAImpl( 7733): onTspStatusChanged : com.fringtech.ota.extension.OTAExtension$1@d3fc156,mConnectStatus = false
12-29 20:59:02.281 D/AdaptL_7733_OTAExtension( 7733): callback.onTspStatusChanged...
12-29 20:59:02.281 D/SELog   ( 7733): OTAManager ->  onTspStatusChanged() , status:false
12-29 20:59:02.288 D/SomeipAlertManager( 2994): handlerSomeipAlarm not exist0
12-29 20:59:02.291 I/IPLM_Impl(  820): doReceive, recevied IP_activity from ECU [VGM] [ip:198.18.32.1], recvSize is 20
12-29 20:59:02.291 I/IPLM_Impl(  820): handleRequestData, ecuNode: [VGM], action: 0xf, priority: 0, function: 0
12-29 20:59:02.292 D/AdaptL_3658_AdaptInternalManager( 3658): set domain = Adapt-Privatelock, msgId = MSGID_CALLBACK_PRIVATE_LOCK_STATUS, jsonString{"position":48,"activate":false,"REASON":0,"ISCYCLE":true}
12-29 20:59:02.293 I/AdaptB_1_3_1202_AdaptInternalImplService( 1826): set pid:0 domain:Adapt-Privatelock msgId:MSGID_CALLBACK_PRIVATE_LOCK_STATUS
12-29 20:59:02.293 I/Adapt_1_3_1202_AdaptInternalImplPrivateLock( 1826): setMsg:domainAdapt-Privatelock msgId MSGID_CALLBACK_PRIVATE_LOCK_STATUS jsonString {"position":48,"activate":false,"REASON":0,"ISCYCLE":true}
12-29 20:59:02.293 I/Adapt_1_3_1202_Adapt-IpcpManager( 1826): serverSendCicleMsg funcKey = 12124163
12-29 20:59:02.293 D/IPCP.ServerManager( 1852): functionid : 0xb90003  doNotifyCicle
12-29 20:59:02.293 I/ipcptest( 1852): seqNrPlus operationid before: functionid : 0x002f 
12-29 20:59:02.293 I/ipcptest( 1852): seqNrPlus operationid after: functionid : 0x0030 
12-29 20:59:02.293 I/Ipcp_Server( 1852): Java_ipcp_native_1nativeServerNotificationMessage - IN, sid:0xb9(185)
12-29 20:59:02.293 D/Ipcp_Server( 1852): IPCPServer find_server_mp_handler ok (sid:0xb9,handler:0xb400007440c329f0)
12-29 20:59:02.293 D/Ipcp_Server( 1852): IPCPServer NotificationMessage In!
12-29 20:59:02.293 I/Ipcp_Server( 1852): >>>>> SVR-JNI-SND >>>>> sid:0xb9(185), opId:0x3(3), opType:0x6(6), seqNr:1584(0x630-48), proc:0, dataType:0, payloadLen:2(2,2)
12-29 20:59:02.293 D/libvintf(  310): HalManifest::getHidlTransport(framework): Cannot find vendor.zeekr.hardware.iplm@1.0::IIplm/default
12-29 20:59:02.294 I/IPLM_Impl(  820): getRGState, get 0x2-[RG-1] state - success, state:1
12-29 20:59:02.294 I/IPLM_MANAGER( 1852): GetRGState, sid:0xb9(185), rgIndex:2, rgState:1
12-29 20:59:02.294 I/libipcp ( 1852): sanity_upper_msg: opType = [6], opTypeInSenderHandleId = [6]
12-29 20:59:02.294 I/libipcp ( 1852): ipcp_send: >>>>> IPCP-SND >>>>> [198.18.32.17:50185] sid:0xb9(185), opId:0x3(3), opType:0x6(6), senderHandleId:0xb9030630, seqNr:0x30(48), proc:0, dataType:0, length:10
12-29 20:59:02.294 D/libipcp ( 1852): lookup_service_config: [13/19, 3/5] Found the config 0xb4000074b0c1b4f0 with the same sid:0xb9(185) and opid:0x3(3)!
12-29 20:59:02.294 I/libipcp ( 1852): ipcp_do_xmit: >>>>> DO-XMIT >>>>> [198.18.32.17:50185] sid:0xb9(185), opId:0x3(3), opType:0x6(6), senderHandleId:0xb9030630, seqNr:0x30(48), proc:0, dataType:0, length:10
12-29 20:59:02.294 D/libipcp ( 1852): ipcp_do_xmit: ipcp_do_xmit others
12-29 20:59:02.294 D/libipcp ( 1852): lookup_service_config: [13/19, 3/5] Found the config 0xb4000074b0c1b4f0 with the same sid:0xb9(185) and opid:0x3(3)!
12-29 20:59:02.294 D/Ipcp_Impl( 1852): notificationMessage ipcp success!
12-29 20:59:02.294 I/libipcp ( 1852): ipcp_transport_send: [10.1.2.6:50185] -> [198.18.32.17:50185]
12-29 20:59:02.294 D/Ipcp_Server( 1852): IPCPServer NotificationMessage Out!
12-29 20:59:02.294 I/Ipcp_Server( 1852): Java_ipcp_native_1nativeServerNotificationMessage - OUT, sid:0xb9(185), ret:1
12-29 20:59:02.294 I/IPCP.Server( 1852): sendServerMessage truemsgInfo: IpcpMsgInfo{header=IpcpMsgHeader{serviceId=185, operationId=3, seqNr=1584, opType=6, dataType=0}, len=2, payload= 22 00}
12-29 20:59:02.294 I/ipcp_osi_socket( 1852): >>>>> UDP-SND >>>>> fd:193, [198.18.32.17:50185], dataSize:18, sendLen:18
12-29 20:59:02.294 I/libipcp ( 1852): ipcp_do_xmit: ipcp_do_xmit release the sent ACK packet
12-29 20:59:02.294 E/libipcp ( 1852): free_retry_ineffective_packet: Retry list is null or empty
12-29 20:59:02.294 E/libipcp ( 1852): free_wfa_completed_packet: WFA list is null or empty
12-29 20:59:02.294 I/libipcp ( 1852): ipcp_do_xmit: ipcp_do_xmit out(sentLen:18)
12-29 20:59:02.302 D/[ZVS][155][2024-12-18]Base[1.0.7]AdasMapperImpl( 4083): onChange FaultListInfo [vUID = 4007;vOperation = 1] 
12-29 20:59:02.302 I/AVMCombinedCameraDeviceSessionExtend(  540): CameraDeviceSession::handle current opened service id 2 request
12-29 20:59:02.303 D/[ZVS][155][2024-12-18]Base[1.0.7]CacheHelper0( 4083):  set value 2response moduleName:adas,propertyName:FaultListInfo,extra:oneValue
12-29 20:59:02.303 W/ZeekrRenderEngine(  540): [cvFuncMutiHwBuf2RGB32H264@AI_CV_Func_Processor.cpp(421)] srcs[0] index: 3
12-29 20:59:02.303 W/ZeekrRenderEngine(  540): [cvFuncMutiHwBuf2RGB32H264@AI_CV_Func_Processor.cpp(421)] srcs[1] index: 8
12-29 20:59:02.303 W/ZeekrRenderEngine(  540): [cvFuncMutiHwBuf2RGB32H264@AI_CV_Func_Processor.cpp(421)] srcs[2] index: 13
12-29 20:59:02.303 W/ZeekrRenderEngine(  540): [cvFuncMutiHwBuf2RGB32H264@AI_CV_Func_Processor.cpp(421)] srcs[3] index: 18
12-29 20:59:02.303 I/SomeipAlertManager( 2994): mFaultObserver size:1
12-29 20:59:02.303 I/AVMCombinedCameraDeviceSessionExtend(  540): after CVP_Func_MUTI_SRC_CROP_2_RGB32ENC 0927
12-29 20:59:02.303 D/SomeipAlertManager( 2994): handlerSomeipAlarm not exist4007
12-29 20:59:02.307 D/AVMCombinedCameraDeviceSessionExtend(  540): notifyCaptureResult notify capture result, service id is:2, camera id is {8,9,10,11}
12-29 20:59:02.307 I/ZeekrCameraService( 3891): <CameraHalCallback>[zeekr_onCameraDataChangeNotify] msg_type 0, msg_content 26, size 11796480, format 26, cameralist size 4, memory addr 0x7355003188
12-29 20:59:02.307 I/Jni-Camera( 3891): <NanoImageUtil>[dumpInfo] format 7
12-29 20:59:02.307 I/Jni-Camera( 3891): <NanoImageUtil>[dumpInfo] width 1920
12-29 20:59:02.307 I/Jni-Camera( 3891): <NanoImageUtil>[dumpInfo] height 1536
12-29 20:59:02.307 I/Jni-Camera( 3891): <NanoImageUtil>[dumpInfo] size 11796480
12-29 20:59:02.307 I/Jni-Camera( 3891): <NanoImageUtil>[dumpInfo] channels 0
12-29 20:59:02.307 I/ZeekrCameraService( 3891): <ZeekrCameraHal>[zeekr_onCameraDataChangeNotify] image.size 11796480, msg.size 11796480
12-29 20:59:02.307 D/AlgoService( 3891): <CameraManager>[onCameraFrame] convert avm frame +
12-29 20:59:02.309 I/OTA::   ( 2371): 20251229 20:59:02.308976 03538 I workspace/basecomponent/OIP3/src/OIP.cpp 0342 request() end. rspData={"result":0,"connectionStatus":2}
12-29 20:59:02.309 D/AlgoService( 3891): <CameraManager>[onCameraFrame] convert avm frame -
12-29 20:59:02.310 I/AlgoService( 3891): execute called, (1920x1536) format:7
12-29 20:59:02.310 I/AlgoService( 3891): <AlgoQueueMessage>[execute] monitor startSafety algo.
12-29 20:59:02.317 D/CarLocationManager( 4529): setProperty, propId: 0x102, area: 0x0, class: class [B, val: [B@cb387db
12-29 20:59:02.317 I/CAR.PHS.LOCATION( 1569): setProperty mId=0x102 halId=0x21701010 areaId=0x0 status=0x0 bytes=[1, 31, -1, 1, 2, 0, 31, 1, -1, 7, 7, 1, -1, -1]
12-29 20:59:02.318 D/APTIV.VHAL.VPLAT(  369): Socket:TX=0x0508543000000000011fff0102001f01ff070701ffff
12-29 20:59:02.329 D/CAR.HAL ( 1569): onPropertyEvent -> mServicesToDispatch.size: 1
12-29 20:59:02.329 D/CAR.PropertyHalService( 1569): onHalEvents mId=0x11600207 halId=0x11600207 areaId=0x0 status=0x0 timestamp=2371600108104 floatValues=[0.0]
12-29 20:59:02.335 I/AVMCombinedCameraDeviceSessionExtend(  540): CameraDeviceSession::handle current opened service id 2 request
12-29 20:59:02.351 D/[ZVS][155][2024-12-18]Base[1.0.7]AdasMapperImpl( 4083): onChange FaultListInfo [vUID = 4007;vOperation = 0] 
12-29 20:59:02.351 D/[ZVS][155][2024-12-18]Base[1.0.7]CacheHelper0( 4083):  set value 2response moduleName:adas,propertyName:FaultListInfo,extra:oneValue
12-29 20:59:02.352 I/SomeipAlertManager( 2994): mFaultObserver size:1
12-29 20:59:02.359 D/APTIV.VHAL.VPLAT(  369): Socket:RX=0x0c015b110000000000000000
12-29 20:59:02.359 D/APTIV.VHAL.PLATVHAL(  369): setPropertyFromVehicle success,doHalEvent:0x2260f1d4
12-29 20:59:02.369 I/AVMCombinedCameraDeviceSessionExtend(  540): CameraDeviceSession::handle current opened service id 2 request
12-29 20:59:02.369 W/ZeekrRenderEngine(  540): [cvFuncMutiHwBuf2RGB32H264@AI_CV_Func_Processor.cpp(421)] srcs[0] index: 0
12-29 20:59:02.369 W/ZeekrRenderEngine(  540): [cvFuncMutiHwBuf2RGB32H264@AI_CV_Func_Processor.cpp(421)] srcs[1] index: 5
12-29 20:59:02.369 W/ZeekrRenderEngine(  540): [cvFuncMutiHwBuf2RGB32H264@AI_CV_Func_Processor.cpp(421)] srcs[2] index: 10
12-29 20:59:02.369 W/ZeekrRenderEngine(  540): [cvFuncMutiHwBuf2RGB32H264@AI_CV_Func_Processor.cpp(421)] srcs[3] index: 15
12-29 20:59:02.370 I/AVMCombinedCameraDeviceSessionExtend(  540): after CVP_Func_MUTI_SRC_CROP_2_RGB32ENC 0927
12-29 20:59:02.372 D/AVMCombinedCameraDeviceSessionExtend(  540): notifyCaptureResult notify capture result, service id is:2, camera id is {8,9,10,11}
12-29 20:59:02.372 I/ZeekrCameraService( 3891): <CameraHalCallback>[zeekr_onCameraDataChangeNotify] msg_type 0, msg_content 26, size 11796480, format 26, cameralist size 4, memory addr 0x7355003188
12-29 20:59:02.373 I/Jni-Camera( 3891): <NanoImageUtil>[dumpInfo] format 7
12-29 20:59:02.373 I/Jni-Camera( 3891): <NanoImageUtil>[dumpInfo] width 1920
12-29 20:59:02.373 I/Jni-Camera( 3891): <NanoImageUtil>[dumpInfo] height 1536
12-29 20:59:02.373 I/Jni-Camera( 3891): <NanoImageUtil>[dumpInfo] size 11796480
12-29 20:59:02.373 I/Jni-Camera( 3891): <NanoImageUtil>[dumpInfo] channels 0
12-29 20:59:02.373 I/ZeekrCameraService( 3891): <ZeekrCameraHal>[zeekr_onCameraDataChangeNotify] image.size 11796480, msg.size 11796480
12-29 20:59:02.373 D/AlgoService( 3891): <CameraManager>[onCameraFrame] convert avm frame +
12-29 20:59:02.376 D/AlgoService( 3891): <CameraManager>[onCameraFrame] convert avm frame -
12-29 20:59:02.376 I/AlgoService( 3891): execute called, (1920x1536) format:7
12-29 20:59:02.376 I/AlgoService( 3891): <AlgoQueueMessage>[execute] monitor startSafety algo.
12-29 20:59:02.387 D/SomeipAlertManager( 2994): handlerSomeipAlarm not exist0
12-29 20:59:02.399 D/[ZVS][155][2024-12-18]Base[1.0.7]AdasMapperImpl( 4083): onChange FaultListInfo [vUID = 4007;vOperation = 1] 
12-29 20:59:02.400 D/[ZVS][155][2024-12-18]Base[1.0.7]CacheHelper0( 4083):  set value 2response moduleName:adas,propertyName:FaultListInfo,extra:oneValue
12-29 20:59:02.400 I/SomeipAlertManager( 2994): mFaultObserver size:1
12-29 20:59:02.401 D/SomeipAlertManager( 2994): handlerSomeipAlarm not exist4007
12-29 20:59:02.403 I/AVMCombinedCameraDeviceSessionExtend(  540): CameraDeviceSession::handle current opened service id 2 request
12-29 20:59:02.418 D/CarLocationManager( 4529): setProperty, propId: 0x102, area: 0x0, class: class [B, val: [B@a37c278
12-29 20:59:02.418 I/CAR.PHS.LOCATION( 1569): setProperty mId=0x102 halId=0x21701010 areaId=0x0 status=0x0 bytes=[1, 31, -1, 2, 2, 0, 31, 1, -1, 7, 7, 1, -1, -1]
12-29 20:59:02.419 D/APTIV.VHAL.VPLAT(  369): Socket:TX=0x0508543000000000011fff0202001f01ff070701ffff
12-29 20:59:02.435 I/AVMCombinedCameraDeviceSessionExtend(  540): CameraDeviceSession::handle current opened service id 2 request
12-29 20:59:02.435 W/ZeekrRenderEngine(  540): [cvFuncMutiHwBuf2RGB32H264@AI_CV_Func_Processor.cpp(421)] srcs[0] index: 2
12-29 20:59:02.435 W/ZeekrRenderEngine(  540): [cvFuncMutiHwBuf2RGB32H264@AI_CV_Func_Processor.cpp(421)] srcs[1] index: 7
12-29 20:59:02.435 W/ZeekrRenderEngine(  540): [cvFuncMutiHwBuf2RGB32H264@AI_CV_Func_Processor.cpp(421)] srcs[2] index: 12
12-29 20:59:02.435 W/ZeekrRenderEngine(  540): [cvFuncMutiHwBuf2RGB32H264@AI_CV_Func_Processor.cpp(421)] srcs[3] index: 17
12-29 20:59:02.436 I/AVMCombinedCameraDeviceSessionExtend(  540): after CVP_Func_MUTI_SRC_CROP_2_RGB32ENC 0927
12-29 20:59:02.438 D/CarLocationManager( 4529): setProperty, propId: 0x105, area: 0x0, class: class java.lang.Integer, val: 0
12-29 20:59:02.438 I/CAR.PHS.LOCATION( 1569): setProperty mId=0x105 halId=0x21401015 areaId=0x0 status=0x0 int32Values=[0]
12-29 20:59:02.439 D/AVMCombinedCameraDeviceSessionExtend(  540): notifyCaptureResult notify capture result, service id is:2, camera id is {8,9,10,11}
12-29 20:59:02.439 I/ZeekrCameraService( 3891): <CameraHalCallback>[zeekr_onCameraDataChangeNotify] msg_type 0, msg_content 26, size 11796480, format 26, cameralist size 4, memory addr 0x7355003188
12-29 20:59:02.440 D/APTIV.VHAL.VPLAT(  369): Socket:TX=0x0508543c0000000000000000
12-29 20:59:02.440 I/Jni-Camera( 3891): <NanoImageUtil>[dumpInfo] format 7
12-29 20:59:02.440 I/Jni-Camera( 3891): <NanoImageUtil>[dumpInfo] width 1920
12-29 20:59:02.440 I/Jni-Camera( 3891): <NanoImageUtil>[dumpInfo] height 1536
12-29 20:59:02.440 I/Jni-Camera( 3891): <NanoImageUtil>[dumpInfo] size 11796480
12-29 20:59:02.440 I/Jni-Camera( 3891): <NanoImageUtil>[dumpInfo] channels 0
12-29 20:59:02.440 I/ZeekrCameraService( 3891): <ZeekrCameraHal>[zeekr_onCameraDataChangeNotify] image.size 11796480, msg.size 11796480
12-29 20:59:02.441 D/AlgoService( 3891): <CameraManager>[onCameraFrame] convert avm frame +
12-29 20:59:02.443 D/AlgoService( 3891): <CameraManager>[onCameraFrame] convert avm frame -
12-29 20:59:02.443 I/AlgoService( 3891): execute called, (1920x1536) format:7
12-29 20:59:02.443 I/AlgoService( 3891): <AlgoQueueMessage>[execute] monitor startSafety algo.
12-29 20:59:02.450 D/[ZVS][155][2024-12-18]Base[1.0.7]AdasMapperImpl( 4083): onChange FaultListInfo [vUID = 4007;vOperation = 0] 
12-29 20:59:02.450 D/[ZVS][155][2024-12-18]Base[1.0.7]CacheHelper0( 4083):  set value 2response moduleName:adas,propertyName:FaultListInfo,extra:oneValue
12-29 20:59:02.450 I/SomeipAlertManager( 2994): mFaultObserver size:1
12-29 20:59:02.469 I/AVMCombinedCameraDeviceSessionExtend(  540): CameraDeviceSession::handle current opened service id 2 request
12-29 20:59:02.484 D/APTIV.VHAL.VPLAT(  369): Socket:RX=0x0c01ca510000000039000000
12-29 20:59:02.484 D/APTIV.VHAL.PLATVHAL(  369): setPropertyFromVehicle success,doHalEvent:0x2140f399
12-29 20:59:02.488 D/SomeipAlertManager( 2994): handlerSomeipAlarm not exist0
12-29 20:59:02.502 D/[ZVS][155][2024-12-18]Base[1.0.7]AdasMapperImpl( 4083): onChange FaultListInfo [vUID = 4007;vOperation = 1] 
12-29 20:59:02.502 D/[ZVS][155][2024-12-18]Base[1.0.7]CacheHelper0( 4083):  set value 2response moduleName:adas,propertyName:FaultListInfo,extra:oneValue
12-29 20:59:02.502 I/AVMCombinedCameraDeviceSessionExtend(  540): CameraDeviceSession::handle current opened service id 2 request
12-29 20:59:02.502 W/ZeekrRenderEngine(  540): [cvFuncMutiHwBuf2RGB32H264@AI_CV_Func_Processor.cpp(421)] srcs[0] index: 4
12-29 20:59:02.502 W/ZeekrRenderEngine(  540): [cvFuncMutiHwBuf2RGB32H264@AI_CV_Func_Processor.cpp(421)] srcs[1] index: 9
12-29 20:59:02.502 W/ZeekrRenderEngine(  540): [cvFuncMutiHwBuf2RGB32H264@AI_CV_Func_Processor.cpp(421)] srcs[2] index: 14
12-29 20:59:02.502 W/ZeekrRenderEngine(  540): [cvFuncMutiHwBuf2RGB32H264@AI_CV_Func_Processor.cpp(421)] srcs[3] index: 19
12-29 20:59:02.502 I/ZeekrRenderEngine(  540): [printFpsPreSec@AI_CV_Func_Processor.cpp(545)] printFpsPreSec<doCovertRender> fps: 45
12-29 20:59:02.502 I/SomeipAlertManager( 2994): mFaultObserver size:1
12-29 20:59:02.502 D/SomeipAlertManager( 2994): handlerSomeipAlarm not exist4007
12-29 20:59:02.502 I/AVMCombinedCameraDeviceSessionExtend(  540): after CVP_Func_MUTI_SRC_CROP_2_RGB32ENC 0927
12-29 20:59:02.506 D/AVMCombinedCameraDeviceSessionExtend(  540): notifyCaptureResult notify capture result, service id is:2, camera id is {8,9,10,11}
12-29 20:59:02.506 I/ZeekrCameraService( 3891): <CameraHalCallback>[zeekr_onCameraDataChangeNotify] msg_type 0, msg_content 26, size 11796480, format 26, cameralist size 4, memory addr 0x7355003188
