12-29 20:58:58.894 D/IPCP.Client( 1852): ClientCbData{mCbCode=0, serviceId=166, operationId=7, mSeqNr=1384, opType=5, dataType=0, proc=0, payloadLen=0, payload= 80 00 00 00 00 00 00 00 00 00 00 00 00 00 00 00 00}
12-29 20:58:58.894 I/Ipcp_Client( 1852): <<<<< CLI-JNI-CB <<<<<  END  - cbCode:0, [198.18.32.17:50166] sid:0xa6(166), opId:0x7(7), opType:0x5(5), seqNr:1384(0x568-104), proc:0, dataType:0, length:17
12-29 20:58:58.894 I/Adapt_1_3_1202_Adapt-IpcpManager( 1826): onClientCallback funcKey = 10878983
12-29 20:58:58.894 I/TCAMinfoImpl( 1711): uploadStatus = 1
12-29 20:58:58.894 I/Adapt_1_3_1202_Adapt-IpcpManager( 1826): ReceiveHandler RECEIVE_CLIENT funcKey = 10878983
12-29 20:58:58.894 I/Adapt_1_3_1202_Adapt-IpcpManager( 1826): callBackClientMsg funcKey = 10878983, mClientMsgMap.size() = 41
12-29 20:58:58.894 D/Adapt_1_3_1202_CarFuncImplSetting( 1826): handleIpcpDataChanged funckey:10878983
12-29 20:58:58.894 D/Adapt_1_3_1202_CarFuncImplSetting( 1826): IpcpContact.IPCP_SECROW_FACIALINFO_UPLOAD value: 1
12-29 20:58:58.894 D/AdaptB_1_3_1202_ICarFunctionImplService( 1826): handleIntPropChanged functionId:540191232 zone:0x80000000 value:1 pids: [3658]
12-29 20:58:58.895 D/AdaptL_3658_AdaptFuncManager( 3658): onFunctionValueChanged:540191232, zone = 0x80000000, value = 1
12-29 20:58:58.895 I/com.geely.pma.settings20241111_CarControlService( 3658): onFunctionValueChanged functionId: 540191232, zone: -2147483648, type: 1, value: 1
12-29 20:58:58.895 I/com.geely.pma.settings20241111_CarControlService( 3658): map size=1,hashCode=452551780865
12-29 20:58:58.895 I/com.geely.pma.settings20241111_CarControlService( 3658): callback get functionId: 540191232, zone: -2147483648, type: 1, dataSource: CALLBACK_VALUE, int value: 1 is same
12-29 20:58:58.902 D/[ZVS][155][2024-12-18]Base[1.0.7]AdasMapperImpl( 4083): onChange FaultListInfo [vUID = 4007;vOperation = 1] 
12-29 20:58:58.903 D/[ZVS][155][2024-12-18]Base[1.0.7]CacheHelper0( 4083):  set value 2response moduleName:adas,propertyName:FaultListInfo,extra:oneValue
12-29 20:58:58.903 I/AVMCombinedCameraDeviceSessionExtend(  540): CameraDeviceSession::handle current opened service id 2 request
12-29 20:58:58.903 W/ZeekrRenderEngine(  540): [cvFuncMutiHwBuf2RGB32H264@AI_CV_Func_Processor.cpp(421)] srcs[0] index: 1
12-29 20:58:58.903 W/ZeekrRenderEngine(  540): [cvFuncMutiHwBuf2RGB32H264@AI_CV_Func_Processor.cpp(421)] srcs[1] index: 6
12-29 20:58:58.903 W/ZeekrRenderEngine(  540): [cvFuncMutiHwBuf2RGB32H264@AI_CV_Func_Processor.cpp(421)] srcs[2] index: 11
12-29 20:58:58.903 W/ZeekrRenderEngine(  540): [cvFuncMutiHwBuf2RGB32H264@AI_CV_Func_Processor.cpp(421)] srcs[3] index: 16
12-29 20:58:58.903 I/SomeipAlertManager( 2994): mFaultObserver size:1
12-29 20:58:58.903 D/SomeipAlertManager( 2994): handlerSomeipAlarm not exist4007
12-29 20:58:58.904 I/AVMCombinedCameraDeviceSessionExtend(  540): after CVP_Func_MUTI_SRC_CROP_2_RGB32ENC 0927
12-29 20:58:58.907 D/AVMCombinedCameraDeviceSessionExtend(  540): notifyCaptureResult notify capture result, service id is:2, camera id is {8,9,10,11}
12-29 20:58:58.907 I/ZeekrCameraService( 3891): <CameraHalCallback>[zeekr_onCameraDataChangeNotify] msg_type 0, msg_content 26, size 11796480, format 26, cameralist size 4, memory addr 0x7355003188
12-29 20:58:58.907 I/Jni-Camera( 3891): <NanoImageUtil>[dumpInfo] format 7
12-29 20:58:58.907 I/Jni-Camera( 3891): <NanoImageUtil>[dumpInfo] width 1920
12-29 20:58:58.907 I/Jni-Camera( 3891): <NanoImageUtil>[dumpInfo] height 1536
12-29 20:58:58.907 I/Jni-Camera( 3891): <NanoImageUtil>[dumpInfo] size 11796480
12-29 20:58:58.907 I/Jni-Camera( 3891): <NanoImageUtil>[dumpInfo] channels 0
12-29 20:58:58.907 I/ZeekrCameraService( 3891): <ZeekrCameraHal>[zeekr_onCameraDataChangeNotify] image.size 11796480, msg.size 11796480
12-29 20:58:58.907 D/AlgoService( 3891): <CameraManager>[onCameraFrame] convert avm frame +
12-29 20:58:58.908 D/AlgoService( 3891): <CameraManager>[onCameraFrame] convert avm frame -
12-29 20:58:58.908 I/AlgoService( 3891): execute called, (1920x1536) format:7
12-29 20:58:58.908 I/AlgoService( 3891): <AlgoQueueMessage>[execute] monitor startSafety algo.
12-29 20:58:58.911 D/CarLocationManager( 4529): setProperty, propId: 0x102, area: 0x0, class: class [B, val: [B@dcf152c
12-29 20:58:58.911 I/CAR.PHS.LOCATION( 1569): setProperty mId=0x102 halId=0x21701010 areaId=0x0 status=0x0 bytes=[1, 31, -1, 3, 2, 0, 31, 1, -1, 7, 7, 1, -1, -1]
12-29 20:58:58.912 D/APTIV.VHAL.VPLAT(  369): Socket:TX=0x0508543000000000011fff0302001f01ff070701ffff
12-29 20:58:58.933 D/CAR.HAL ( 1569): onPropertyEvent -> mServicesToDispatch.size: 1
12-29 20:58:58.933 D/CAR.PropertyHalService( 1569): onHalEvents mId=0x11600207 halId=0x11600207 areaId=0x0 status=0x0 timestamp=2368200218731 floatValues=[0.0]
12-29 20:58:58.934 I/AVMCombinedCameraDeviceSessionExtend(  540): CameraDeviceSession::handle current opened service id 2 request
12-29 20:58:58.949 D/[ZVS][155][2024-12-18]Base[1.0.7]AdasMapperImpl( 4083): onChange FaultListInfo [vUID = 4007;vOperation = 0] 
12-29 20:58:58.949 D/[ZVS][155][2024-12-18]Base[1.0.7]CacheHelper0( 4083):  set value 2response moduleName:adas,propertyName:FaultListInfo,extra:oneValue
12-29 20:58:58.950 I/SomeipAlertManager( 2994): mFaultObserver size:1
12-29 20:58:58.950 D/AIN-PingTestHolder( 4373): getPingVal() called pingVal = 0
12-29 20:58:58.950 D/AIN-PingWorker( 4373): Thread id :78 ,try connect host log.aispeech.com ,delay : 219
12-29 20:58:58.950 D/AIN-TimesNetPolicy( 4373): onDelay add ping delay :219
12-29 20:58:58.951 D/AIN-TimesNetPolicy( 4373): HEALTHY , queue size = 1 , checkTimes = 3 , timeoutTimes =  0.0 , weakTimes = 0.0 , healthyTimes = 1.0
12-29 20:58:58.951 W/AIN-NetCheckerOutputer( 4373): receive healthy net state ,check out to cloud dmPolicy:2,isSpeechReady:true
12-29 20:58:58.951 D/AIN-SpeechNetUtils( 4373): setOnline() called with: online = [true]
12-29 20:58:58.951 D/AIN-NetCheckerOutputer( 4373): checkDm() called with: policy = [2]
12-29 20:58:58.951 D/AIN-DuiInputer( 4373): isSpeechReady
12-29 20:58:58.951 D/AIN-DuiSpeechHawk( 4373): isSpeechReady:true, true
12-29 20:58:58.951 D/AIN-NetCheckerOutputer( 4373): checkTTSMode,currentTTSMode:1,policy:2
12-29 20:58:58.951 D/AIN-AIConfigInstance( 4373): readProp:is_use_offline_qsg,value:true
12-29 20:58:58.951 D/AIN-TimesNetPolicy( 4373): check net state : HEALTHY to :HEALTHY
12-29 20:58:58.959 D/APTIV.VHAL.VPLAT(  369): Socket:RX=0x0c015b110000000000000000
12-29 20:58:58.959 D/APTIV.VHAL.PLATVHAL(  369): setPropertyFromVehicle success,doHalEvent:0x2260f1d4
12-29 20:58:58.969 I/AVMCombinedCameraDeviceSessionExtend(  540): CameraDeviceSession::handle current opened service id 2 request
12-29 20:58:58.969 W/ZeekrRenderEngine(  540): [cvFuncMutiHwBuf2RGB32H264@AI_CV_Func_Processor.cpp(421)] srcs[0] index: 3
12-29 20:58:58.969 W/ZeekrRenderEngine(  540): [cvFuncMutiHwBuf2RGB32H264@AI_CV_Func_Processor.cpp(421)] srcs[1] index: 8
12-29 20:58:58.969 W/ZeekrRenderEngine(  540): [cvFuncMutiHwBuf2RGB32H264@AI_CV_Func_Processor.cpp(421)] srcs[2] index: 13
12-29 20:58:58.969 W/ZeekrRenderEngine(  540): [cvFuncMutiHwBuf2RGB32H264@AI_CV_Func_Processor.cpp(421)] srcs[3] index: 18
12-29 20:58:58.969 I/AVMCombinedCameraDeviceSessionExtend(  540): after CVP_Func_MUTI_SRC_CROP_2_RGB32ENC 0927
12-29 20:58:58.972 D/AVMCombinedCameraDeviceSessionExtend(  540): notifyCaptureResult notify capture result, service id is:2, camera id is {8,9,10,11}
12-29 20:58:58.972 I/ZeekrCameraService( 3891): <CameraHalCallback>[zeekr_onCameraDataChangeNotify] msg_type 0, msg_content 26, size 11796480, format 26, cameralist size 4, memory addr 0x7355003188
12-29 20:58:58.972 I/Jni-Camera( 3891): <NanoImageUtil>[dumpInfo] format 7
12-29 20:58:58.972 I/Jni-Camera( 3891): <NanoImageUtil>[dumpInfo] width 1920
12-29 20:58:58.972 I/Jni-Camera( 3891): <NanoImageUtil>[dumpInfo] height 1536
12-29 20:58:58.972 I/Jni-Camera( 3891): <NanoImageUtil>[dumpInfo] size 11796480
12-29 20:58:58.972 I/Jni-Camera( 3891): <NanoImageUtil>[dumpInfo] channels 0
12-29 20:58:58.972 I/ZeekrCameraService( 3891): <ZeekrCameraHal>[zeekr_onCameraDataChangeNotify] image.size 11796480, msg.size 11796480
12-29 20:58:58.972 D/AlgoService( 3891): <CameraManager>[onCameraFrame] convert avm frame +
12-29 20:58:58.974 D/AlgoService( 3891): <CameraManager>[onCameraFrame] convert avm frame -
12-29 20:58:58.974 I/AlgoService( 3891): execute called, (1920x1536) format:7
12-29 20:58:58.974 I/AlgoService( 3891): <AlgoQueueMessage>[execute] monitor startSafety algo.
12-29 20:58:58.976 D/SomeipAlertManager( 2994): handlerSomeipAlarm not exist0
12-29 20:58:59.001 I/AVMCombinedCameraDeviceSessionExtend(  540): CameraDeviceSession::handle current opened service id 2 request
12-29 20:58:59.001 D/[ZVS][155][2024-12-18]Base[1.0.7]AdasMapperImpl( 4083): onChange FaultListInfo [vUID = 4007;vOperation = 1] 
12-29 20:58:59.001 D/[ZVS][155][2024-12-18]Base[1.0.7]CacheHelper0( 4083):  set value 2response moduleName:adas,propertyName:FaultListInfo,extra:oneValue
12-29 20:58:59.002 I/SomeipAlertManager( 2994): mFaultObserver size:1
12-29 20:58:59.002 D/SomeipAlertManager( 2994): handlerSomeipAlarm not exist4007
12-29 20:58:59.010 D/CarLocationManager( 4529): setProperty, propId: 0x102, area: 0x0, class: class [B, val: [B@5a79bf5
12-29 20:58:59.010 I/CAR.PHS.LOCATION( 1569): setProperty mId=0x102 halId=0x21701010 areaId=0x0 status=0x0 bytes=[1, 31, -1, 0, 2, 0, 31, 1, -1, 7, 7, 1, -1, -1]
12-29 20:58:59.011 D/APTIV.VHAL.VPLAT(  369): Socket:TX=0x0508543000000000011fff0002001f01ff070701ffff
12-29 20:58:59.034 I/AVMCombinedCameraDeviceSessionExtend(  540): CameraDeviceSession::handle current opened service id 2 request
12-29 20:58:59.034 W/ZeekrRenderEngine(  540): [cvFuncMutiHwBuf2RGB32H264@AI_CV_Func_Processor.cpp(421)] srcs[0] index: 0
12-29 20:58:59.034 W/ZeekrRenderEngine(  540): [cvFuncMutiHwBuf2RGB32H264@AI_CV_Func_Processor.cpp(421)] srcs[1] index: 5
12-29 20:58:59.034 W/ZeekrRenderEngine(  540): [cvFuncMutiHwBuf2RGB32H264@AI_CV_Func_Processor.cpp(421)] srcs[2] index: 10
12-29 20:58:59.034 W/ZeekrRenderEngine(  540): [cvFuncMutiHwBuf2RGB32H264@AI_CV_Func_Processor.cpp(421)] srcs[3] index: 15
12-29 20:58:59.035 I/AVMCombinedCameraDeviceSessionExtend(  540): after CVP_Func_MUTI_SRC_CROP_2_RGB32ENC 0927
12-29 20:58:59.037 D/AVMCombinedCameraDeviceSessionExtend(  540): notifyCaptureResult notify capture result, service id is:2, camera id is {8,9,10,11}
12-29 20:58:59.037 I/ZeekrCameraService( 3891): <CameraHalCallback>[zeekr_onCameraDataChangeNotify] msg_type 0, msg_content 26, size 11796480, format 26, cameralist size 4, memory addr 0x7355003188
12-29 20:58:59.037 I/Jni-Camera( 3891): <NanoImageUtil>[dumpInfo] format 7
12-29 20:58:59.037 I/Jni-Camera( 3891): <NanoImageUtil>[dumpInfo] width 1920
12-29 20:58:59.037 I/Jni-Camera( 3891): <NanoImageUtil>[dumpInfo] height 1536
12-29 20:58:59.037 I/Jni-Camera( 3891): <NanoImageUtil>[dumpInfo] size 11796480
12-29 20:58:59.037 I/Jni-Camera( 3891): <NanoImageUtil>[dumpInfo] channels 0
12-29 20:58:59.037 I/ZeekrCameraService( 3891): <ZeekrCameraHal>[zeekr_onCameraDataChangeNotify] image.size 11796480, msg.size 11796480
12-29 20:58:59.037 D/AlgoService( 3891): <CameraManager>[onCameraFrame] convert avm frame +
12-29 20:58:59.039 D/AlgoService( 3891): <CameraManager>[onCameraFrame] convert avm frame -
12-29 20:58:59.040 I/AlgoService( 3891): execute called, (1920x1536) format:7
12-29 20:58:59.040 I/AlgoService( 3891): <AlgoQueueMessage>[execute] monitor startSafety algo.
12-29 20:58:59.050 D/[ZVS][155][2024-12-18]Base[1.0.7]AdasMapperImpl( 4083): onChange FaultListInfo [vUID = 4007;vOperation = 0] 
12-29 20:58:59.050 D/[ZVS][155][2024-12-18]Base[1.0.7]CacheHelper0( 4083):  set value 2response moduleName:adas,propertyName:FaultListInfo,extra:oneValue
12-29 20:58:59.050 I/SomeipAlertManager( 2994): mFaultObserver size:1
12-29 20:58:59.068 I/AVMCombinedCameraDeviceSessionExtend(  540): CameraDeviceSession::handle current opened service id 2 request
12-29 20:58:59.077 D/SomeipAlertManager( 2994): handlerSomeipAlarm not exist0
12-29 20:58:59.101 D/[ZVS][155][2024-12-18]Base[1.0.7]AdasMapperImpl( 4083): onChange FaultListInfo [vUID = 4007;vOperation = 1] 
12-29 20:58:59.101 D/[ZVS][155][2024-12-18]Base[1.0.7]CacheHelper0( 4083):  set value 2response moduleName:adas,propertyName:FaultListInfo,extra:oneValue
12-29 20:58:59.101 I/AVMCombinedCameraDeviceSessionExtend(  540): CameraDeviceSession::handle current opened service id 2 request
12-29 20:58:59.101 W/ZeekrRenderEngine(  540): [cvFuncMutiHwBuf2RGB32H264@AI_CV_Func_Processor.cpp(421)] srcs[0] index: 2
12-29 20:58:59.101 W/ZeekrRenderEngine(  540): [cvFuncMutiHwBuf2RGB32H264@AI_CV_Func_Processor.cpp(421)] srcs[1] index: 7
12-29 20:58:59.101 W/ZeekrRenderEngine(  540): [cvFuncMutiHwBuf2RGB32H264@AI_CV_Func_Processor.cpp(421)] srcs[2] index: 12
12-29 20:58:59.101 W/ZeekrRenderEngine(  540): [cvFuncMutiHwBuf2RGB32H264@AI_CV_Func_Processor.cpp(421)] srcs[3] index: 17
12-29 20:58:59.101 I/SomeipAlertManager( 2994): mFaultObserver size:1
12-29 20:58:59.101 D/SomeipAlertManager( 2994): handlerSomeipAlarm not exist4007
12-29 20:58:59.102 I/AVMCombinedCameraDeviceSessionExtend(  540): after CVP_Func_MUTI_SRC_CROP_2_RGB32ENC 0927
12-29 20:58:59.103 D/AVMCombinedCameraDeviceSessionExtend(  540): notifyCaptureResult notify capture result, service id is:2, camera id is {8,9,10,11}
12-29 20:58:59.104 I/ZeekrCameraService( 3891): <CameraHalCallback>[zeekr_onCameraDataChangeNotify] msg_type 0, msg_content 26, size 11796480, format 26, cameralist size 4, memory addr 0x7355003188
12-29 20:58:59.104 I/Jni-Camera( 3891): <NanoImageUtil>[dumpInfo] format 7
12-29 20:58:59.104 I/Jni-Camera( 3891): <NanoImageUtil>[dumpInfo] width 1920
12-29 20:58:59.104 I/Jni-Camera( 3891): <NanoImageUtil>[dumpInfo] height 1536
12-29 20:58:59.104 I/Jni-Camera( 3891): <NanoImageUtil>[dumpInfo] size 11796480
12-29 20:58:59.104 I/Jni-Camera( 3891): <NanoImageUtil>[dumpInfo] channels 0
12-29 20:58:59.104 I/ZeekrCameraService( 3891): <ZeekrCameraHal>[zeekr_onCameraDataChangeNotify] image.size 11796480, msg.size 11796480
12-29 20:58:59.104 D/AlgoService( 3891): <CameraManager>[onCameraFrame] convert avm frame +
12-29 20:58:59.107 D/AlgoService( 3891): <CameraManager>[onCameraFrame] convert avm frame -
12-29 20:58:59.107 I/AlgoService( 3891): execute called, (1920x1536) format:7
12-29 20:58:59.107 I/AlgoService( 3891): <AlgoQueueMessage>[execute] monitor startSafety algo.
12-29 20:58:59.111 D/CarLocationManager( 4529): setProperty, propId: 0x102, area: 0x0, class: class [B, val: [B@e603d8a
12-29 20:58:59.111 I/CAR.PHS.LOCATION( 1569): setProperty mId=0x102 halId=0x21701010 areaId=0x0 status=0x0 bytes=[1, 31, -1, 1, 2, 0, 31, 1, -1, 7, 7, 1, -1, -1]
12-29 20:58:59.112 D/APTIV.VHAL.VPLAT(  369): Socket:TX=0x0508543000000000011fff0102001f01ff070701ffff
12-29 20:58:59.134 D/CAR.HAL ( 1569): onPropertyEvent -> mServicesToDispatch.size: 1
12-29 20:58:59.134 D/CAR.PropertyHalService( 1569): onHalEvents mId=0x11600207 halId=0x11600207 areaId=0x0 status=0x0 timestamp=2368400157481 floatValues=[0.0]
12-29 20:58:59.134 I/AVMCombinedCameraDeviceSessionExtend(  540): CameraDeviceSession::handle current opened service id 2 request
12-29 20:58:59.134 D/CarLocationManager( 4529): setProperty, propId: 0x105, area: 0x0, class: class java.lang.Integer, val: 0
12-29 20:58:59.135 I/CAR.PHS.LOCATION( 1569): setProperty mId=0x105 halId=0x21401015 areaId=0x0 status=0x0 int32Values=[0]
12-29 20:58:59.135 D/APTIV.VHAL.VPLAT(  369): Socket:TX=0x0508543c0000000000000000
12-29 20:58:59.150 D/[ZVS][155][2024-12-18]Base[1.0.7]AdasMapperImpl( 4083): onChange FaultListInfo [vUID = 4007;vOperation = 0] 
12-29 20:58:59.151 D/[ZVS][155][2024-12-18]Base[1.0.7]CacheHelper0( 4083):  set value 2response moduleName:adas,propertyName:FaultListInfo,extra:oneValue
12-29 20:58:59.151 I/SomeipAlertManager( 2994): mFaultObserver size:1
12-29 20:58:59.159 D/APTIV.VHAL.VPLAT(  369): Socket:RX=0x0c015b110000000000000000
12-29 20:58:59.159 D/APTIV.VHAL.PLATVHAL(  369): setPropertyFromVehicle success,doHalEvent:0x2260f1d4
12-29 20:58:59.168 I/AVMCombinedCameraDeviceSessionExtend(  540): CameraDeviceSession::handle current opened service id 2 request
12-29 20:58:59.168 W/ZeekrRenderEngine(  540): [cvFuncMutiHwBuf2RGB32H264@AI_CV_Func_Processor.cpp(421)] srcs[0] index: 4
12-29 20:58:59.168 W/ZeekrRenderEngine(  540): [cvFuncMutiHwBuf2RGB32H264@AI_CV_Func_Processor.cpp(421)] srcs[1] index: 9
12-29 20:58:59.168 W/ZeekrRenderEngine(  540): [cvFuncMutiHwBuf2RGB32H264@AI_CV_Func_Processor.cpp(421)] srcs[2] index: 14
12-29 20:58:59.168 W/ZeekrRenderEngine(  540): [cvFuncMutiHwBuf2RGB32H264@AI_CV_Func_Processor.cpp(421)] srcs[3] index: 19
12-29 20:58:59.168 I/ZeekrRenderEngine(  540): [printFpsPreSec@AI_CV_Func_Processor.cpp(545)] printFpsPreSec<doCovertRender> fps: 45
12-29 20:58:59.169 I/AVMCombinedCameraDeviceSessionExtend(  540): after CVP_Func_MUTI_SRC_CROP_2_RGB32ENC 0927
12-29 20:58:59.172 D/AVMCombinedCameraDeviceSessionExtend(  540): notifyCaptureResult notify capture result, service id is:2, camera id is {8,9,10,11}
12-29 20:58:59.172 I/ZeekrCameraService( 3891): <CameraHalCallback>[zeekr_onCameraDataChangeNotify] msg_type 0, msg_content 26, size 11796480, format 26, cameralist size 4, memory addr 0x7355003188
12-29 20:58:59.172 I/Jni-Camera( 3891): <NanoImageUtil>[dumpInfo] format 7
12-29 20:58:59.172 I/Jni-Camera( 3891): <NanoImageUtil>[dumpInfo] width 1920
12-29 20:58:59.172 I/Jni-Camera( 3891): <NanoImageUtil>[dumpInfo] height 1536
12-29 20:58:59.172 I/Jni-Camera( 3891): <NanoImageUtil>[dumpInfo] size 11796480
12-29 20:58:59.172 I/Jni-Camera( 3891): <NanoImageUtil>[dumpInfo] channels 0
12-29 20:58:59.172 I/ZeekrCameraService( 3891): <ZeekrCameraHal>[zeekr_onCameraDataChangeNotify] image.size 11796480, msg.size 11796480
12-29 20:58:59.172 D/AlgoService( 3891): <CameraManager>[onCameraFrame] convert avm frame +
12-29 20:58:59.174 D/AlgoService( 3891): <CameraManager>[onCameraFrame] convert avm frame -
12-29 20:58:59.174 I/AlgoService( 3891): execute called, (1920x1536) format:7
12-29 20:58:59.174 I/AlgoService( 3891): <AlgoQueueMessage>[execute] monitor startSafety algo.
12-29 20:58:59.174 D/SafeStart( 3891): start executeDetect 
12-29 20:58:59.174 D/SafeStart( 3891): after frame_rgba
12-29 20:58:59.175 D/SafeStart( 3891): after cvtColor
12-29 20:58:59.177 D/SafeStart( 3891): PreProcess 2350 time: 11.222000 ms
12-29 20:58:59.177 D/SomeipAlertManager( 2994): handlerSomeipAlarm not exist0
12-29 20:58:59.190 I/libipcp ( 1852): socket_says_data_received: <<<<< RCV-DATA <<<<< [198.18.32.17:50177] sid:0xb1(177), opId:0x1(1), opType:0x6(6), senderHandleId:0xb1010677, seqNr:0x77(119), proc:0, dataType:0, length:21(29)
12-29 20:58:59.190 D/libipcp ( 1852): socket_says_data_received: add to dispatch queue: 177 1 21 -1325332873 3 6 0 0
12-29 20:58:59.190 I/libipcp ( 1852): dispatch_handler: <<<<< DISPATCH <<<<< START - [198.18.32.17:50177] sid:0xb1(177), opId:0x1(1), opType:0x6(6), senderHandleId:0xb1010677, seqNr:0x77(119), proc:0, dataType:0, length:21
12-29 20:58:59.190 D/libipcp ( 1852): handle_incoming_notification_cyc: xxx_enter handle_incoming_notification_cyc
12-29 20:58:59.190 D/libipcp ( 1852): build_work_item: xxx_enter build_work_item.
12-29 20:58:59.190 D/libipcp ( 1852): lookup_service_config: [2/19, 1/19] Found the config 0xb4000074b0c1d6b0 with the same sid:0xb1(177) and opid:0x1(1)!
12-29 20:58:59.190 D/libipcp ( 1852): build_work_item: xxx_enter build_work_item, add item to work thread queue
12-29 20:58:59.190 I/libipcp ( 1852): dispatch_handler: <<<<< DISPATCH <<<<<  END
12-29 20:58:59.190 I/Ipcp_Client( 1852): received_cb_client - IN([198.18.32.17:50177])
12-29 20:58:59.190 D/Ipcp_Client( 1852): IPCPClient find_client_mp_handler ok (sid:0xb1,handler:0xb400007440c22960)
12-29 20:58:59.190 I/Ipcp_Client( 1852): <<<<< CLI-RCV-CB <<<<< cbCode:0, [198.18.32.17:50177] sid:0xb1(177), opId:0x1(1), opType:0x6(6), seqNr:1655(0x677-119), proc:0, dataType:0, length:13(13)
12-29 20:58:59.190 D/Ipcp_Client( 1852): callClientCallBack, add msg to client callback queue
12-29 20:58:59.190 I/Ipcp_Client( 1852): received_cb_client - OUT([198.18.32.17:50177])
12-29 20:58:59.190 I/Ipcp_Client( 1852): <<<<< CLI-JNI-CB <<<<< START - cbCode:0, [198.18.32.17:50177] sid:0xb1(177), opId:0x1(1), opType:0x6(6), seqNr:1655(0x677-119), proc:0, dataType:0, length:13
12-29 20:58:59.190 D/IPCP.Client( 1852): ClientCbData{mCbCode=0, serviceId=177, operationId=1, mSeqNr=1655, opType=6, dataType=0, proc=0, payloadLen=0, payload= 80 0f 80 00 00 00 00 00 00 00 00 00 00}
12-29 20:58:59.190 I/Ipcp_Client( 1852): <<<<< CLI-JNI-CB <<<<<  END  - cbCode:0, [198.18.32.17:50177] sid:0xb1(177), opId:0x1(1), opType:0x6(6), seqNr:1655(0x677-119), proc:0, dataType:0, length:13
12-29 20:58:59.190 I/Adapt_1_3_1202_Adapt-IpcpManager( 1826): onClientCallback funcKey = 11599873
12-29 20:58:59.190 I/NetworkAvailableImpl( 1711): mNewESimState = false
12-29 20:58:59.190 I/NetworkAvailableImpl( 1711): mLastESimState = false
12-29 20:58:59.190 I/Adapt_1_3_1202_Adapt-IpcpManager( 1826): ReceiveHandler RECEIVE_CLIENT funcKey = 11599873
12-29 20:58:59.190 I/Adapt_1_3_1202_Adapt-IpcpManager( 1826): callBackClientMsg funcKey = 11599873, mClientMsgMap.size() = 41
12-29 20:58:59.190 D/Adapt_1_3_1202_AdaptInternalImplWifi( 1826): onClientDataCallback: funckey: 11599873
12-29 20:58:59.191 D/AdaptB_1_3_1202_IB_AdaptInternalImplWifi( 1826): onInternalServiceDataEvent->onInternalServiceDataEvent: domain = Adapt-Wifi, ifname = adaptservice.out.to.adaptlib, msgId = IPCP_ESIM_CONNECTION_STATUS, data = {"status":0,"isSpeed":true,"isAvailable":false,"operatorStatus":0,"signalStrength":31,"signalLevel":0,"rxByteCount":0,"txByteCount":0,"connStatus":0}
12-29 20:58:59.191 D/AdaptB_1_3_1202_AdaptInternalImplService( 1826): onInternalServiceDataEvent ifname: adaptservice.out.to.adaptlib, msgId: IPCP_ESIM_CONNECTION_STATUS, data: {"status":0,"isSpeed":true,"isAvailable":false,"operatorStatus":0,"signalStrength":31,"signalLevel":0,"rxByteCount":0,"txByteCount":0,"connStatus":0}
12-29 20:58:59.191 D/AdaptL_1942_AdaptInternalManager( 1942): onInternalDataEvent domain = Adapt-Wifi, ifname = adaptservice.out.to.adaptlib, msgId = IPCP_ESIM_CONNECTION_STATUS, data = {"status":0,"isSpeed":true,"isAvailable":false,"operatorStatus":0,"signalStrength":31,"signalLevel":0,"rxByteCount":0,"txByteCount":0,"connStatus":0}
12-29 20:58:59.191 D/AdaptL_2687_AdaptInternalManager( 2687): onInternalDataEvent domain = Adapt-Wifi, ifname = adaptservice.out.to.adaptlib, msgId = IPCP_ESIM_CONNECTION_STATUS, data = {"status":0,"isSpeed":true,"isAvailable":false,"operatorStatus":0,"signalStrength":31,"signalLevel":0,"rxByteCount":0,"txByteCount":0,"connStatus":0}
12-29 20:58:59.191 D/AdaptL_3126_AdaptInternalManager( 3126): onInternalDataEvent domain = Adapt-Wifi, ifname = adaptservice.out.to.adaptlib, msgId = IPCP_ESIM_CONNECTION_STATUS, data = {"status":0,"isSpeed":true,"isAvailable":false,"operatorStatus":0,"signalStrength":31,"signalLevel":0,"rxByteCount":0,"txByteCount":0,"connStatus":0}
12-29 20:58:59.191 D/AdaptL_4068_AdaptInternalManager( 4068): onInternalDataEvent domain = Adapt-Wifi, ifname = adaptservice.out.to.adaptlib, msgId = IPCP_ESIM_CONNECTION_STATUS, data = {"status":0,"isSpeed":true,"isAvailable":false,"operatorStatus":0,"signalStrength":31,"signalLevel":0,"rxByteCount":0,"txByteCount":0,"connStatus":0}
12-29 20:58:59.191 D/AdaptL_3637_AdaptInternalManager( 3637): onInternalDataEvent domain = Adapt-Wifi, ifname = adaptservice.out.to.adaptlib, msgId = IPCP_ESIM_CONNECTION_STATUS, data = {"status":0,"isSpeed":true,"isAvailable":false,"operatorStatus":0,"signalStrength":31,"signalLevel":0,"rxByteCount":0,"txByteCount":0,"connStatus":0}
12-29 20:58:59.191 D/AdaptL_4068_WifiApHostImpl( 4068): notifyTcamEsimConnectStatus IPCP_ESIM_CONNECTION_STATUS: status: 0; isSpeed: true; isAvailble: false; operatorStatus: 0; tcmIP: ; signalStrength: 31; signalLevel： 0; connStatus: 0
12-29 20:58:59.191 D/AdaptL_2884_AdaptInternalManager( 2884): onInternalDataEvent domain = Adapt-Wifi, ifname = adaptservice.out.to.adaptlib, msgId = IPCP_ESIM_CONNECTION_STATUS, data = {"status":0,"isSpeed":true,"isAvailable":false,"operatorStatus":0,"signalStrength":31,"signalLevel":0,"rxByteCount":0,"txByteCount":0,"connStatus":0}
12-29 20:58:59.191 D/AdaptL_8259_AdaptInternalManager( 8259): onInternalDataEvent domain = Adapt-Wifi, ifname = adaptservice.out.to.adaptlib, msgId = IPCP_ESIM_CONNECTION_STATUS, data = {"status":0,"isSpeed":true,"isAvailable":false,"operatorStatus":0,"signalStrength":31,"signalLevel":0,"rxByteCount":0,"txByteCount":0,"connStatus":0}
12-29 20:58:59.191 D/AdaptL_4529_AdaptInternalManager( 4529): onInternalDataEvent domain = Adapt-Wifi, ifname = adaptservice.out.to.adaptlib, msgId = IPCP_ESIM_CONNECTION_STATUS, data = {"status":0,"isSpeed":true,"isAvailable":false,"operatorStatus":0,"signalStrength":31,"signalLevel":0,"rxByteCount":0,"txByteCount":0,"connStatus":0}
12-29 20:58:59.191 D/AdaptB_1_3_1202_AdaptInternalImplService( 1826): onInternalServiceDataEvent pids:[2687, 1942, 3126, 4068, 3637, 8259, 2884, 3658, 4529, 1977, 7733] domain:Adapt-Wifi ifname:adaptservice.out.to.adaptlib msgId:IPCP_ESIM_CONNECTION_STATUS
12-29 20:58:59.191 D/AdaptL_2687_WifiApHostImpl( 2687): notifyTcamEsimConnectStatus IPCP_ESIM_CONNECTION_STATUS: status: 0; isSpeed: true; isAvailble: false; operatorStatus: 0; tcmIP: ; signalStrength: 31; signalLevel： 0; connStatus: 0
12-29 20:58:59.191 I/[ZHK]   ( 2687): [zeekrNetDetect-NetworkDetectManager]---> mEsimAvailable =  false
12-29 20:58:59.191 D/AdaptL_7733_AdaptInternalManager( 7733): onInternalDataEvent domain = Adapt-Wifi, ifname = adaptservice.out.to.adaptlib, msgId = IPCP_ESIM_CONNECTION_STATUS, data = {"status":0,"isSpeed":true,"isAvailable":false,"operatorStatus":0,"signalStrength":31,"signalLevel":0,"rxByteCount":0,"txByteCount":0,"connStatus":0}
12-29 20:58:59.191 D/AdaptL_3126_WifiApHostImpl( 3126): notifyTcamEsimConnectStatus IPCP_ESIM_CONNECTION_STATUS: status: 0; isSpeed: true; isAvailble: false; operatorStatus: 0; tcmIP: ; signalStrength: 31; signalLevel： 0; connStatus: 0
12-29 20:58:59.191 D/AdaptL_2884_WifiApHostImpl( 2884): notifyTcamEsimConnectStatus IPCP_ESIM_CONNECTION_STATUS: status: 0; isSpeed: true; isAvailble: false; operatorStatus: 0; tcmIP: ; signalStrength: 31; signalLevel： 0; connStatus: 0
12-29 20:58:59.191 D/AdaptL_8259_WifiApHostImpl( 8259): notifyTcamEsimConnectStatus IPCP_ESIM_CONNECTION_STATUS: status: 0; isSpeed: true; isAvailble: false; operatorStatus: 0; tcmIP: ; signalStrength: 31; signalLevel： 0; connStatus: 0
12-29 20:58:59.191 D/PNSNetManager( 3126): [ZeekrNetworkMonitor]isNetworkConnected: mESimConnect:false,mWlanConnect:false
12-29 20:58:59.191 D/AdaptL_3637_WifiApHostImpl( 3637): notifyTcamEsimConnectStatus IPCP_ESIM_CONNECTION_STATUS: status: 0; isSpeed: true; isAvailble: false; operatorStatus: 0; tcmIP: ; signalStrength: 31; signalLevel： 0; connStatus: 0
12-29 20:58:59.191 I/PNSNetManager( 3126): onTcamEsimConnectStatus: status = disconnected, isAvailable = false, operator = noregnetwork, dataConnStatus = disconnected, tcmIp = 
12-29 20:58:59.191 D/AdaptL_2687_WifiApHostImpl( 2687): notifyTcamEsimConnectStatus IPCP_ESIM_CONNECTION_STATUS: status: 0; isSpeed: true; isAvailble: false; operatorStatus: 0; tcmIP: ; signalStrength: 31; signalLevel： 0; connStatus: 0
12-29 20:58:59.191 D/PNSNetManager( 3126): [ZeekrNetworkMonitor]isNetworkConnected: mESimConnect:false,mWlanConnect:false
12-29 20:58:59.191 I/[ZHK]   ( 2687): [zeekrNetDetect-NetworkInfoHelper]---> onTcamEsimConnectStatus signalStrength = 31, signalLevel = 0, isESIMConn: false
12-29 20:58:59.191 I/[ZHK]   ( 2687): [zeekrNetDetect-NetworkDetectManager]---> onTcamEsimSignalInfo signalStrength: 31, signalLevel: 0
12-29 20:58:59.191 D/[ZHK][85]( 2687): [NetStructLogImpl]---> NetStructLogImpl onTcamEsimSignalInfo signalLevel: 0, isESIMConn: false
12-29 20:58:59.191 D/[ZHK][85]( 2687): [NetStructLogImpl]---> mCurInSSWeakCycle: false, mLastInSSWeak: false, mSSWeakTimes: 0, mSSNomalTimes: 0, mEsimDisConnTimes: 1173
12-29 20:58:59.191 D/TcamUtils( 8259): [AutoTest]2.47.2.1[ (TcamUtils.java:1)#OnTcamEsimConnectStatus ] onTcamEsimConnectStatus
12-29 20:58:59.191 D/AdaptL_2687_WifiApHostImpl( 2687): notifyTcamEsimConnectStatus IPCP_ESIM_CONNECTION_STATUS: status: 0; isSpeed: true; isAvailble: false; operatorStatus: 0; tcmIP: ; signalStrength: 31; signalLevel： 0; connStatus: 0
12-29 20:58:59.191 D/[ZHK][85]( 2687): [AdapterApiWifiManager]---> on sim con status->0
12-29 20:58:59.191 D/[ZHK][85]( 2687): [AdapterApiWifiManager]---> on sim ope status->0
12-29 20:58:59.191 D/[ZHK][85]( 2687): [[Restrict]DetermineManager]---> on sim con ope status->0, o 0
12-29 20:58:59.191 D/AdaptL_3658_AdaptInternalManager( 3658): onInternalDataEvent domain = Adapt-Wifi, ifname = adaptservice.out.to.adaptlib, msgId = IPCP_ESIM_CONNECTION_STATUS, data = {"status":0,"isSpeed":true,"isAvailable":false,"operatorStatus":0,"signalStrength":31,"signalLevel":0,"rxByteCount":0,"txByteCount":0,"connStatus":0}
12-29 20:58:59.191 D/AdaptL_4529_WifiApHostImpl( 4529): notifyTcamEsimConnectStatus IPCP_ESIM_CONNECTION_STATUS: status: 0; isSpeed: true; isAvailble: false; operatorStatus: 0; tcmIP: ; signalStrength: 31; signalLevel： 0; connStatus: 0
12-29 20:58:59.191 D/AdaptL_1942_WifiApHostImpl( 1942): notifyTcamEsimConnectStatus IPCP_ESIM_CONNECTION_STATUS: status: 0; isSpeed: true; isAvailble: false; operatorStatus: 0; tcmIP: ; signalStrength: 31; signalLevel： 0; connStatus: 0
12-29 20:58:59.191 D/PNSNetManager( 1942): [ZeekrNetworkMonitor]isNetworkConnected: mESimConnect:false,mWlanConnect:false
12-29 20:58:59.191 I/PNSNetManager( 1942): onTcamEsimConnectStatus: status = disconnected, isAvailable = false, operator = noregnetwork, dataConnStatus = disconnected, tcmIp = 
12-29 20:58:59.191 D/PNSNetManager( 1942): [ZeekrNetworkMonitor]isNetworkConnected: mESimConnect:false,mWlanConnect:false
12-29 20:58:59.191 D/AdaptL_1977_AdaptInternalManager( 1977): onInternalDataEvent domain = Adapt-Wifi, ifname = adaptservice.out.to.adaptlib, msgId = IPCP_ESIM_CONNECTION_STATUS, data = {"status":0,"isSpeed":true,"isAvailable":false,"operatorStatus":0,"signalStrength":31,"signalLevel":0,"rxByteCount":0,"txByteCount":0,"connStatus":0}
12-29 20:58:59.191 D/AdaptL_3658_WifiApHostImpl( 3658): notifyTcamEsimConnectStatus IPCP_ESIM_CONNECTION_STATUS: status: 0; isSpeed: true; isAvailble: false; operatorStatus: 0; tcmIP: ; signalStrength: 31; signalLevel： 0; connStatus: 0
12-29 20:58:59.191 D/ZMap_SdkNetworkUtil( 4529): [AdaptInternalManager-Event]try to switch2ZeekrMonitor
12-29 20:58:59.191 D/ZMap_SdkNetworkUtil( 4529): [AdaptInternalManager-Event]handleNetStateChange：switchSuccess：false
12-29 20:58:59.191 D/ZMap_SdkNetworkUtil( 4529): [AdaptInternalManager-Event][ZeekrNetworkMonitor]isNetworkConnected: mESimConnect:false,mWlanConnect:false
12-29 20:58:59.191 D/ZMap_SdkNetworkUtil( 4529): [AdaptInternalManager-Event]handleNetStateChanged: latestNetStatus = false
12-29 20:58:59.191 D/com.geely.pma.settings20241111_ConnectServiceManager( 3658): onTcamEsimConnectStatus=com.zeekrlife.adaptapi.wifiap.WifiApHostImpl$ESimConnectStatusInfoImpl@ab8e41b
12-29 20:58:59.191 D/ZMap_SdkNetworkUtil( 4529): [AdaptInternalManager-Event][ZeekrNetworkMonitor]isNetworkConnected: mESimConnect:false,mWlanConnect:false
12-29 20:58:59.192 D/AdaptL_1977_WifiApHostImpl( 1977): notifyTcamEsimConnectStatus IPCP_ESIM_CONNECTION_STATUS: status: 0; isSpeed: true; isAvailble: false; operatorStatus: 0; tcmIP: ; signalStrength: 31; signalLevel： 0; connStatus: 0
12-29 20:58:59.192 D/AdaptL_3658_WifiApHostImpl( 3658): notifyTcamEsimConnectStatus IPCP_ESIM_CONNECTION_STATUS: status: 0; isSpeed: true; isAvailble: false; operatorStatus: 0; tcmIP: ; signalStrength: 31; signalLevel： 0; connStatus: 0
12-29 20:58:59.192 D/CarSettings20250103-20250103_ConnectNetManager( 3658): onTcamEsimConnectStatus=com.zeekrlife.adaptapi.wifiap.WifiApHostImpl$ESimConnectStatusInfoImpl@e1b89b8
12-29 20:58:59.192 D/AdaptL_7733_WifiApHostImpl( 7733): notifyTcamEsimConnectStatus IPCP_ESIM_CONNECTION_STATUS: status: 0; isSpeed: true; isAvailble: false; operatorStatus: 0; tcmIP: ; signalStrength: 31; signalLevel： 0; connStatus: 0
12-29 20:58:59.192 D/11326-20241211_WifiApHostFunction( 1977): (LogUtils.kt:45)#d$default(): onTcamEsimConnectStatus->false
12-29 20:58:59.192 D/11326-20241211_WifiApHostFunction( 1977): (LogUtils.kt:45)#d$default(): getSIMSingnalLevel:  simState = :disconnectedsimSingalStrength = :0
12-29 20:58:59.192 D/AdaptL_1977_WifiApHostImpl( 1977): notifyTcamEsimConnectStatus IPCP_ESIM_CONNECTION_STATUS: status: 0; isSpeed: true; isAvailble: false; operatorStatus: 0; tcmIP: ; signalStrength: 31; signalLevel： 0; connStatus: 0
12-29 20:58:59.192 D/11326-20241211_StatusBarNetworkView( 1977): (LogUtils.kt:45)#d$default(): updateESIMSignalStrength: mESIMSignalLevelShow = false, mESIMSignalLevel = 5, mESIMConnectStatusLevel = disconnected
12-29 20:58:59.192 D/SafeStart( 3891): QNNForward end  
12-29 20:58:59.194 D/SafeStart( 3891): PostProcess end  
12-29 20:58:59.194 D/SafeStart( 3891): results.size() 0
12-29 20:58:59.194 D/SafeStart( 3891): this_frame_result 0,0,0,0
12-29 20:58:59.194 D/SafeStart( 3891): before 0_camera_result
12-29 20:58:59.194 D/SafeStart( 3891): this_frame_result[j] 0 all_camera_result[j]
12-29 20:58:59.194 D/SafeStart( 3891): after 0_camera_result
12-29 20:58:59.194 D/SafeStart( 3891): before result_0or1[j] 3
12-29 20:58:59.194 D/SafeStart( 3891): after result_0or1[j] 4
12-29 20:58:59.194 D/SafeStart( 3891): result_0or1 cam:0 init_result 0 0 0 0
12-29 20:58:59.194 D/SafeStart( 3891): after 0 push_back
12-29 20:58:59.194 D/SafeStart( 3891): before 1_camera_result
12-29 20:58:59.194 D/SafeStart( 3891): this_frame_result[j] 0 all_camera_result[j]
12-29 20:58:59.194 D/SafeStart( 3891): after 1_camera_result
12-29 20:58:59.194 D/SafeStart( 3891): before result_0or1[j] 3
12-29 20:58:59.194 D/SafeStart( 3891): after result_0or1[j] 4
12-29 20:58:59.194 D/SafeStart( 3891): result_0or1 cam:1 init_result 0 0 0 0
12-29 20:58:59.194 D/SafeStart( 3891): after 1 push_back
12-29 20:58:59.194 D/SafeStart( 3891): before 2_camera_result
12-29 20:58:59.194 D/SafeStart( 3891): this_frame_result[j] 0 all_camera_result[j]
12-29 20:58:59.194 D/SafeStart( 3891): after 2_camera_result
12-29 20:58:59.194 D/SafeStart( 3891): before result_0or1[j] 3
12-29 20:58:59.194 D/SafeStart( 3891): after result_0or1[j] 4
12-29 20:58:59.194 D/SafeStart( 3891): result_0or1 cam:2 init_result 0 0 0 0
12-29 20:58:59.194 D/SafeStart( 3891): after 2 push_back
12-29 20:58:59.194 D/SafeStart( 3891): before 3_camera_result
12-29 20:58:59.194 D/SafeStart( 3891): this_frame_result[j] 0 all_camera_result[j]
12-29 20:58:59.194 D/SafeStart( 3891): after 3_camera_result
12-29 20:58:59.194 D/SafeStart( 3891): before result_0or1[j] 3
12-29 20:58:59.194 D/SafeStart( 3891): after result_0or1[j] 4
12-29 20:58:59.194 D/SafeStart( 3891): result_0or1 cam:3 init_result 0 0 0 0
12-29 20:58:59.194 D/SafeStart( 3891): after 3 push_back
12-29 20:58:59.194 D/SafeStart( 3891): all_camera_result 0,0,0,0
12-29 20:58:59.194 D/SafeStart( 3891): after paint_result
12-29 20:58:59.194 D/SafeStart( 3891): frame_id 2350 time: 16.337000 ms
12-29 20:58:59.194 I/AlgoService( 3891): <AlgoService>[postJavaMessage] called, algoType 8, event 2001
12-29 20:58:59.194 D/AlgoService( 3891): <AlgoService>[postJavaMessage] data is empty!
12-29 20:58:59.194 I/AlgoService( 3891): <AlgoService>[postJavaMessage] event 2001, data size 0
12-29 20:58:59.194 D/AlgoService( 3891): <BaseAlgoService> transmit data: AlgoCbData{algoType=8, event=2001, payload={"algoType":8,"event":2001,"payload":{"size":0,"data":[]}}}
12-29 20:58:59.194 I/[AIScene][127]VisualPerceptionImpl( 3891): onUpdate, json: {"algoType":8,"event":2001,"payload":{"size":0,"data":[]}}
12-29 20:58:59.194 I/[AIScene][127]VisualPerceptionImpl( 3891): onUpdate, get bean: n4.p@890b911, VisualDispatcherBean{iVisualDispatcher=n4.p@890b911, type= add: {2 }; init: {2 }
12-29 20:58:59.194 I/[AIScene][127]VisualPerceptionImpl( 3891): onUpdate, get bean: r4.f@a143c6, VisualDispatcherBean{iVisualDispatcher=r4.f@a143c6, type= add: {8 }; init: {8 }
12-29 20:58:59.194 I/[AIScene][127]SafeRemindService( 3891): to send safe remind data receive, algotype->8, jsonStr->{"algoType":8,"event":2001,"payload":{"size":0,"data":[]}}
12-29 20:58:59.194 D/[AIScene][127]SafeRemindService( 3891): safe remind data update, algotype->8, jsonStr->{"algoType":8,"event":2001,"payload":{"size":0,"data":[]}}
12-29 20:58:59.195 D/[AIScene][127]SafeRemindService( 3891): safe remind data to json success!
12-29 20:58:59.195 D/[AIScene][127]SafeRemindService( 3891): not need send pay load data to qnx
12-29 20:58:59.202 D/[ZVS][155][2024-12-18]Base[1.0.7]AdasMapperImpl( 4083): onChange FaultListInfo [vUID = 4007;vOperation = 1] 
12-29 20:58:59.202 D/[ZVS][155][2024-12-18]Base[1.0.7]CacheHelper0( 4083):  set value 2response moduleName:adas,propertyName:FaultListInfo,extra:oneValue
12-29 20:58:59.202 I/AVMCombinedCameraDeviceSessionExtend(  540): CameraDeviceSession::handle current opened service id 2 request
12-29 20:58:59.202 I/SomeipAlertManager( 2994): mFaultObserver size:1
12-29 20:58:59.202 D/SomeipAlertManager( 2994): handlerSomeipAlarm not exist4007
12-29 20:58:59.212 D/CarLocationManager( 4529): setProperty, propId: 0x102, area: 0x0, class: class [B, val: [B@4766ffb
12-29 20:58:59.212 I/CAR.PHS.LOCATION( 1569): setProperty mId=0x102 halId=0x21701010 areaId=0x0 status=0x0 bytes=[1, 31, -1, 2, 2, 0, 31, 1, -1, 7, 7, 1, -1, -1]
12-29 20:58:59.212 D/APTIV.VHAL.VPLAT(  369): Socket:TX=0x0508543000000000011fff0202001f01ff070701ffff
12-29 20:58:59.234 I/AVMCombinedCameraDeviceSessionExtend(  540): CameraDeviceSession::handle current opened service id 2 request
12-29 20:58:59.234 W/ZeekrRenderEngine(  540): [cvFuncMutiHwBuf2RGB32H264@AI_CV_Func_Processor.cpp(421)] srcs[0] index: 1
12-29 20:58:59.234 W/ZeekrRenderEngine(  540): [cvFuncMutiHwBuf2RGB32H264@AI_CV_Func_Processor.cpp(421)] srcs[1] index: 6
12-29 20:58:59.234 W/ZeekrRenderEngine(  540): [cvFuncMutiHwBuf2RGB32H264@AI_CV_Func_Processor.cpp(421)] srcs[2] index: 11
12-29 20:58:59.234 W/ZeekrRenderEngine(  540): [cvFuncMutiHwBuf2RGB32H264@AI_CV_Func_Processor.cpp(421)] srcs[3] index: 16
12-29 20:58:59.235 I/AVMCombinedCameraDeviceSessionExtend(  540): after CVP_Func_MUTI_SRC_CROP_2_RGB32ENC 0927
12-29 20:58:59.236 D/AVMCombinedCameraDeviceSessionExtend(  540): notifyCaptureResult notify capture result, service id is:2, camera id is {8,9,10,11}
12-29 20:58:59.236 I/ZeekrCameraService( 3891): <CameraHalCallback>[zeekr_onCameraDataChangeNotify] msg_type 0, msg_content 26, size 11796480, format 26, cameralist size 4, memory addr 0x7355003188
12-29 20:58:59.236 I/Jni-Camera( 3891): <NanoImageUtil>[dumpInfo] format 7
12-29 20:58:59.236 I/Jni-Camera( 3891): <NanoImageUtil>[dumpInfo] width 1920
12-29 20:58:59.236 I/Jni-Camera( 3891): <NanoImageUtil>[dumpInfo] height 1536
12-29 20:58:59.236 I/Jni-Camera( 3891): <NanoImageUtil>[dumpInfo] size 11796480
12-29 20:58:59.236 I/Jni-Camera( 3891): <NanoImageUtil>[dumpInfo] channels 0
12-29 20:58:59.236 I/ZeekrCameraService( 3891): <ZeekrCameraHal>[zeekr_onCameraDataChangeNotify] image.size 11796480, msg.size 11796480
12-29 20:58:59.236 D/AlgoService( 3891): <CameraManager>[onCameraFrame] convert avm frame +
12-29 20:58:59.240 D/AlgoService( 3891): <CameraManager>[onCameraFrame] convert avm frame -
12-29 20:58:59.240 I/AlgoService( 3891): execute called, (1920x1536) format:7
12-29 20:58:59.240 I/AlgoService( 3891): <AlgoQueueMessage>[execute] monitor startSafety algo.
12-29 20:58:59.249 D/[ZVS][155][2024-12-18]Base[1.0.7]AdasMapperImpl( 4083): onChange FaultListInfo [vUID = 4007;vOperation = 0] 
12-29 20:58:59.250 D/[ZVS][155][2024-12-18]Base[1.0.7]CacheHelper0( 4083):  set value 2response moduleName:adas,propertyName:FaultListInfo,extra:oneValue
12-29 20:58:59.250 I/SomeipAlertManager( 2994): mFaultObserver size:1
12-29 20:58:59.268 I/AVMCombinedCameraDeviceSessionExtend(  540): CameraDeviceSession::handle current opened service id 2 request
12-29 20:58:59.273 I/libipcp ( 1852): socket_says_data_received: <<<<< RCV-DATA <<<<< [198.18.32.17:50177] sid:0xb1(177), opId:0x37(55), opType:0x6(6), senderHandleId:0xb137063a, seqNr:0x3a(58), proc:0, dataType:0, length:9(17)
12-29 20:58:59.273 D/libipcp ( 1852): socket_says_data_received: add to dispatch queue: 177 55 9 -1321793990 3 6 0 0
12-29 20:58:59.273 I/libipcp ( 1852): dispatch_handler: <<<<< DISPATCH <<<<< START - [198.18.32.17:50177] sid:0xb1(177), opId:0x37(55), opType:0x6(6), senderHandleId:0xb137063a, seqNr:0x3a(58), proc:0, dataType:0, length:9
12-29 20:58:59.273 D/libipcp ( 1852): handle_incoming_notification_cyc: xxx_enter handle_incoming_notification_cyc
12-29 20:58:59.273 D/libipcp ( 1852): build_work_item: xxx_enter build_work_item.
12-29 20:58:59.273 D/libipcp ( 1852): lookup_service_config: [2/19, 19/19] Found the config 0xb4000074b0c1d6b0 with the same sid:0xb1(177) and opid:0x37(55)!
12-29 20:58:59.273 D/libipcp ( 1852): build_work_item: xxx_enter build_work_item, add item to work thread queue
12-29 20:58:59.273 I/libipcp ( 1852): dispatch_handler: <<<<< DISPATCH <<<<<  END
12-29 20:58:59.274 I/Ipcp_Client( 1852): received_cb_client - IN([198.18.32.17:50177])
12-29 20:58:59.274 D/Ipcp_Client( 1852): IPCPClient find_client_mp_handler ok (sid:0xb1,handler:0xb400007440c22960)
12-29 20:58:59.274 I/Ipcp_Client( 1852): <<<<< CLI-RCV-CB <<<<< cbCode:0, [198.18.32.17:50177] sid:0xb1(177), opId:0x37(55), opType:0x6(6), seqNr:1594(0x63a-58), proc:0, dataType:0, length:1(1)
12-29 20:58:59.274 D/Ipcp_Client( 1852): callClientCallBack, add msg to client callback queue
12-29 20:58:59.274 I/Ipcp_Client( 1852): received_cb_client - OUT([198.18.32.17:50177])
12-29 20:58:59.274 I/Ipcp_Client( 1852): <<<<< CLI-JNI-CB <<<<< START - cbCode:0, [198.18.32.17:50177] sid:0xb1(177), opId:0x37(55), opType:0x6(6), seqNr:1594(0x63a-58), proc:0, dataType:0, length:1
12-29 20:58:59.274 D/IPCP.Client( 1852): ClientCbData{mCbCode=0, serviceId=177, operationId=55, mSeqNr=1594, opType=6, dataType=0, proc=0, payloadLen=0, payload= 40}
12-29 20:58:59.274 I/Ipcp_Client( 1852): <<<<< CLI-JNI-CB <<<<<  END  - cbCode:0, [198.18.32.17:50177] sid:0xb1(177), opId:0x37(55), opType:0x6(6), seqNr:1594(0x63a-58), proc:0, dataType:0, length:1
12-29 20:58:59.274 I/Adapt_1_3_1202_Adapt-IpcpManager( 1826): onClientCallback funcKey = 11599927
12-29 20:58:59.274 I/Adapt_1_3_1202_Adapt-IpcpManager( 1826): ReceiveHandler RECEIVE_CLIENT funcKey = 11599927
12-29 20:58:59.274 I/Adapt_1_3_1202_Adapt-IpcpManager( 1826): callBackClientMsg funcKey = 11599927, mClientMsgMap.size() = 41
12-29 20:58:59.274 D/Adapt_1_3_1202_AdaptInternalImplWifi( 1826): onClientDataCallback: funckey: 11599927
12-29 20:58:59.274 D/AdaptB_1_3_1202_IB_AdaptInternalImplWifi( 1826): onInternalServiceDataEvent->onInternalServiceDataEvent: domain = Adapt-Wifi, ifname = adaptservice.out.to.adaptlib, msgId = IPCP_SIMCARD_TYPE_STATUS, data = {"SIMCARDTYPE":2}
12-29 20:58:59.274 D/AdaptB_1_3_1202_AdaptInternalImplService( 1826): onInternalServiceDataEvent ifname: adaptservice.out.to.adaptlib, msgId: IPCP_SIMCARD_TYPE_STATUS, data: {"SIMCARDTYPE":2}
12-29 20:58:59.274 D/AdaptL_2687_AdaptInternalManager( 2687): onInternalDataEvent domain = Adapt-Wifi, ifname = adaptservice.out.to.adaptlib, msgId = IPCP_SIMCARD_TYPE_STATUS, data = {"SIMCARDTYPE":2}
12-29 20:58:59.275 D/AdaptL_1942_AdaptInternalManager( 1942): onInternalDataEvent domain = Adapt-Wifi, ifname = adaptservice.out.to.adaptlib, msgId = IPCP_SIMCARD_TYPE_STATUS, data = {"SIMCARDTYPE":2}
12-29 20:58:59.275 D/AdaptL_3126_AdaptInternalManager( 3126): onInternalDataEvent domain = Adapt-Wifi, ifname = adaptservice.out.to.adaptlib, msgId = IPCP_SIMCARD_TYPE_STATUS, data = {"SIMCARDTYPE":2}
12-29 20:58:59.275 D/AdaptL_4068_AdaptInternalManager( 4068): onInternalDataEvent domain = Adapt-Wifi, ifname = adaptservice.out.to.adaptlib, msgId = IPCP_SIMCARD_TYPE_STATUS, data = {"SIMCARDTYPE":2}
12-29 20:58:59.275 D/AdaptL_8259_AdaptInternalManager( 8259): onInternalDataEvent domain = Adapt-Wifi, ifname = adaptservice.out.to.adaptlib, msgId = IPCP_SIMCARD_TYPE_STATUS, data = {"SIMCARDTYPE":2}
12-29 20:58:59.275 D/AdaptB_1_3_1202_AdaptInternalImplService( 1826): onInternalServiceDataEvent pids:[2687, 1942, 3126, 4068, 3637, 8259, 2884, 3658, 4529, 1977, 7733] domain:Adapt-Wifi ifname:adaptservice.out.to.adaptlib msgId:IPCP_SIMCARD_TYPE_STATUS
12-29 20:58:59.275 D/AdaptL_2884_AdaptInternalManager( 2884): onInternalDataEvent domain = Adapt-Wifi, ifname = adaptservice.out.to.adaptlib, msgId = IPCP_SIMCARD_TYPE_STATUS, data = {"SIMCARDTYPE":2}
12-29 20:58:59.275 D/AdaptL_2687_WifiApHostImpl( 2687): notifySIMTypeStatus simtype: 2
12-29 20:58:59.275 D/AdaptL_1977_AdaptInternalManager( 1977): onInternalDataEvent domain = Adapt-Wifi, ifname = adaptservice.out.to.adaptlib, msgId = IPCP_SIMCARD_TYPE_STATUS, data = {"SIMCARDTYPE":2}
12-29 20:58:59.275 D/AdaptL_1942_WifiApHostImpl( 1942): notifySIMTypeStatus simtype: 2
12-29 20:58:59.275 D/AdaptL_3637_AdaptInternalManager( 3637): onInternalDataEvent domain = Adapt-Wifi, ifname = adaptservice.out.to.adaptlib, msgId = IPCP_SIMCARD_TYPE_STATUS, data = {"SIMCARDTYPE":2}
12-29 20:58:59.275 D/AdaptL_3658_AdaptInternalManager( 3658): onInternalDataEvent domain = Adapt-Wifi, ifname = adaptservice.out.to.adaptlib, msgId = IPCP_SIMCARD_TYPE_STATUS, data = {"SIMCARDTYPE":2}
12-29 20:58:59.275 D/AdaptL_2687_WifiApHostImpl( 2687): notifySIMTypeStatus simtype: 2
12-29 20:58:59.275 D/AdaptL_7733_AdaptInternalManager( 7733): onInternalDataEvent domain = Adapt-Wifi, ifname = adaptservice.out.to.adaptlib, msgId = IPCP_SIMCARD_TYPE_STATUS, data = {"SIMCARDTYPE":2}
12-29 20:58:59.275 D/AdaptL_4068_WifiApHostImpl( 4068): notifySIMTypeStatus simtype: 2
12-29 20:58:59.275 D/AdaptL_2687_WifiApHostImpl( 2687): notifySIMTypeStatus simtype: 2
12-29 20:58:59.275 D/AdaptL_8259_WifiApHostImpl( 8259): notifySIMTypeStatus simtype: 2
12-29 20:58:59.275 D/[ZHK][85]( 2687): [AdapterApiWifiManager]---> on sim type status->2
12-29 20:58:59.275 D/AdaptL_3637_WifiApHostImpl( 3637): notifySIMTypeStatus simtype: 2
12-29 20:58:59.275 D/AdaptL_2884_WifiApHostImpl( 2884): notifySIMTypeStatus simtype: 2
12-29 20:58:59.275 D/AdaptL_1977_WifiApHostImpl( 1977): notifySIMTypeStatus simtype: 2
12-29 20:58:59.275 D/AdaptL_7733_WifiApHostImpl( 7733): notifySIMTypeStatus simtype: 2
12-29 20:58:59.275 I/AdaptL_2687_AdaptAPI.Device( 2687): persist.sys.vehiclecode = CS1E
12-29 20:58:59.275 I/AdaptL_2687_AdaptAPI.Device( 2687): getVehicleType SystemProperties vehicleType-->CS1E
12-29 20:58:59.275 D/AdaptL_1977_WifiApHostImpl( 1977): notifySIMTypeStatus simtype: 2
12-29 20:58:59.275 D/AdaptL_3658_WifiApHostImpl( 3658): notifySIMTypeStatus simtype: 2
12-29 20:58:59.275 I/[ZHK]   ( 2687): [[Restrict]DetermineManager]---> force trans sim type, vehicle type->CS1E, sim type ->2
12-29 20:58:59.275 D/[ZHK][85]( 2687): [[Restrict]DetermineManager]---> vehicle type is white, do nothing.
12-29 20:58:59.275 D/AdaptL_3658_WifiApHostImpl( 3658): notifySIMTypeStatus simtype: 2
12-29 20:58:59.275 I/[ZHK]   ( 2687): [[Restrict]DetermineManager]---> simType change, sim type...o->2, n->2, no change & do nothing
12-29 20:58:59.275 D/AdaptL_4529_AdaptInternalManager( 4529): onInternalDataEvent domain = Adapt-Wifi, ifname = adaptservice.out.to.adaptlib, msgId = IPCP_SIMCARD_TYPE_STATUS, data = {"SIMCARDTYPE":2}
12-29 20:58:59.275 D/AdaptL_3126_WifiApHostImpl( 3126): notifySIMTypeStatus simtype: 2
12-29 20:58:59.275 D/AdaptL_4529_WifiApHostImpl( 4529): notifySIMTypeStatus simtype: 2
12-29 20:58:59.278 D/SomeipAlertManager( 2994): handlerSomeipAlarm not exist0
12-29 20:58:59.284 D/APTIV.VHAL.VPLAT(  369): Socket:RX=0x0c01ca51000000003d000000
12-29 20:58:59.284 D/APTIV.VHAL.PLATVHAL(  369): setPropertyFromVehicle success,doHalEvent:0x2140f399
12-29 20:58:59.290 D/AdaptL_3658_AdaptInternalManager( 3658): set domain = Adapt-Privatelock, msgId = MSGID_CALLBACK_PRIVATE_LOCK_STATUS, jsonString{"position":48,"activate":false,"REASON":0,"ISCYCLE":true}
12-29 20:58:59.291 I/AdaptB_1_3_1202_AdaptInternalImplService( 1826): set pid:0 domain:Adapt-Privatelock msgId:MSGID_CALLBACK_PRIVATE_LOCK_STATUS
12-29 20:58:59.291 I/Adapt_1_3_1202_AdaptInternalImplPrivateLock( 1826): setMsg:domainAdapt-Privatelock msgId MSGID_CALLBACK_PRIVATE_LOCK_STATUS jsonString {"position":48,"activate":false,"REASON":0,"ISCYCLE":true}
12-29 20:58:59.291 I/Adapt_1_3_1202_Adapt-IpcpManager( 1826): serverSendCicleMsg funcKey = 12124163
12-29 20:58:59.291 D/IPCP.ServerManager( 1852): functionid : 0xb90003  doNotifyCicle
12-29 20:58:59.291 I/ipcptest( 1852): seqNrPlus operationid before: functionid : 0x002c 
12-29 20:58:59.291 I/ipcptest( 1852): seqNrPlus operationid after: functionid : 0x002d 
12-29 20:58:59.291 I/Ipcp_Server( 1852): Java_ipcp_native_1nativeServerNotificationMessage - IN, sid:0xb9(185)
12-29 20:58:59.291 D/Ipcp_Server( 1852): IPCPServer find_server_mp_handler ok (sid:0xb9,handler:0xb400007440c329f0)
12-29 20:58:59.291 D/Ipcp_Server( 1852): IPCPServer NotificationMessage In!
12-29 20:58:59.291 I/Ipcp_Server( 1852): >>>>> SVR-JNI-SND >>>>> sid:0xb9(185), opId:0x3(3), opType:0x6(6), seqNr:1581(0x62d-45), proc:0, dataType:0, payloadLen:2(2,2)
12-29 20:58:59.291 D/libvintf(  310): HalManifest::getHidlTransport(framework): Cannot find vendor.zeekr.hardware.iplm@1.0::IIplm/default
12-29 20:58:59.292 I/IPLM_Impl(  820): doReceive, recevied IP_activity from ECU [VGM] [ip:198.18.32.1], recvSize is 20
12-29 20:58:59.292 I/IPLM_Impl(  820): handleRequestData, ecuNode: [VGM], action: 0xf, priority: 0, function: 0
12-29 20:58:59.292 I/IPLM_Impl(  820): getRGState, get 0x2-[RG-1] state - success, state:1
