12-29 20:58:59.634 W/ZeekrRenderEngine(  540): [cvFuncMutiHwBuf2RGB32H264@AI_CV_Func_Processor.cpp(421)] srcs[0] index: 3
12-29 20:58:59.634 W/ZeekrRenderEngine(  540): [cvFuncMutiHwBuf2RGB32H264@AI_CV_Func_Processor.cpp(421)] srcs[1] index: 8
12-29 20:58:59.634 W/ZeekrRenderEngine(  540): [cvFuncMutiHwBuf2RGB32H264@AI_CV_Func_Processor.cpp(421)] srcs[2] index: 13
12-29 20:58:59.634 W/ZeekrRenderEngine(  540): [cvFuncMutiHwBuf2RGB32H264@AI_CV_Func_Processor.cpp(421)] srcs[3] index: 18
12-29 20:58:59.635 I/AVMCombinedCameraDeviceSessionExtend(  540): after CVP_Func_MUTI_SRC_CROP_2_RGB32ENC 0927
12-29 20:58:59.637 D/AVMCombinedCameraDeviceSessionExtend(  540): notifyCaptureResult notify capture result, service id is:2, camera id is {8,9,10,11}
12-29 20:58:59.638 I/ZeekrCameraService( 3891): <CameraHalCallback>[zeekr_onCameraDataChangeNotify] msg_type 0, msg_content 26, size 11796480, format 26, cameralist size 4, memory addr 0x7355003188
12-29 20:58:59.638 I/Jni-Camera( 3891): <NanoImageUtil>[dumpInfo] format 7
12-29 20:58:59.638 I/Jni-Camera( 3891): <NanoImageUtil>[dumpInfo] width 1920
12-29 20:58:59.638 I/Jni-Camera( 3891): <NanoImageUtil>[dumpInfo] height 1536
12-29 20:58:59.638 I/Jni-Camera( 3891): <NanoImageUtil>[dumpInfo] size 11796480
12-29 20:58:59.638 I/Jni-Camera( 3891): <NanoImageUtil>[dumpInfo] channels 0
12-29 20:58:59.638 I/ZeekrCameraService( 3891): <ZeekrCameraHal>[zeekr_onCameraDataChangeNotify] image.size 11796480, msg.size 11796480
12-29 20:58:59.638 D/AlgoService( 3891): <CameraManager>[onCameraFrame] convert avm frame +
12-29 20:58:59.640 D/AlgoService( 3891): <CameraManager>[onCameraFrame] convert avm frame -
12-29 20:58:59.640 I/AlgoService( 3891): execute called, (1920x1536) format:7
12-29 20:58:59.640 I/AlgoService( 3891): <AlgoQueueMessage>[execute] monitor startSafety algo.
12-29 20:58:59.650 D/[ZVS][155][2024-12-18]Base[1.0.7]AdasMapperImpl( 4083): onChange FaultListInfo [vUID = 4007;vOperation = 0] 
12-29 20:58:59.650 D/[ZVS][155][2024-12-18]Base[1.0.7]CacheHelper0( 4083):  set value 2response moduleName:adas,propertyName:FaultListInfo,extra:oneValue
12-29 20:58:59.650 I/SomeipAlertManager( 2994): mFaultObserver size:1
12-29 20:58:59.654 D/APTIV.VHAL.VPLAT(  369): Socket:RX=0x0801e4a500000000190c1d143b00
12-29 20:58:59.654 I/VehicleSettingHandle(  369): error: hisipid[0x801e4a5] not exist 
12-29 20:58:59.654 D/APTIV.VHAL.PLATVHAL(  369): setPropertyFromVehicle success,doHalEvent:0x2170f827
12-29 20:58:59.670 I/AVMCombinedCameraDeviceSessionExtend(  540): CameraDeviceSession::handle current opened service id 2 request
12-29 20:58:59.679 D/SomeipAlertManager( 2994): handlerSomeipAlarm not exist0
12-29 20:58:59.701 D/[ZVS][155][2024-12-18]Base[1.0.7]AdasMapperImpl( 4083): onChange FaultListInfo [vUID = 4007;vOperation = 1] 
12-29 20:58:59.701 D/[ZVS][155][2024-12-18]Base[1.0.7]CacheHelper0( 4083):  set value 2response moduleName:adas,propertyName:FaultListInfo,extra:oneValue
12-29 20:58:59.701 I/AVMCombinedCameraDeviceSessionExtend(  540): CameraDeviceSession::handle current opened service id 2 request
12-29 20:58:59.701 W/ZeekrRenderEngine(  540): [cvFuncMutiHwBuf2RGB32H264@AI_CV_Func_Processor.cpp(421)] srcs[0] index: 0
12-29 20:58:59.701 W/ZeekrRenderEngine(  540): [cvFuncMutiHwBuf2RGB32H264@AI_CV_Func_Processor.cpp(421)] srcs[1] index: 5
12-29 20:58:59.701 W/ZeekrRenderEngine(  540): [cvFuncMutiHwBuf2RGB32H264@AI_CV_Func_Processor.cpp(421)] srcs[2] index: 10
12-29 20:58:59.701 W/ZeekrRenderEngine(  540): [cvFuncMutiHwBuf2RGB32H264@AI_CV_Func_Processor.cpp(421)] srcs[3] index: 15
12-29 20:58:59.701 I/SomeipAlertManager( 2994): mFaultObserver size:1
12-29 20:58:59.701 D/SomeipAlertManager( 2994): handlerSomeipAlarm not exist4007
12-29 20:58:59.701 I/AVMCombinedCameraDeviceSessionExtend(  540): after CVP_Func_MUTI_SRC_CROP_2_RGB32ENC 0927
12-29 20:58:59.704 D/AVMCombinedCameraDeviceSessionExtend(  540): notifyCaptureResult notify capture result, service id is:2, camera id is {8,9,10,11}
12-29 20:58:59.704 I/ZeekrCameraService( 3891): <CameraHalCallback>[zeekr_onCameraDataChangeNotify] msg_type 0, msg_content 26, size 11796480, format 26, cameralist size 4, memory addr 0x7355003188
12-29 20:58:59.704 I/Jni-Camera( 3891): <NanoImageUtil>[dumpInfo] format 7
12-29 20:58:59.704 I/Jni-Camera( 3891): <NanoImageUtil>[dumpInfo] width 1920
12-29 20:58:59.704 I/Jni-Camera( 3891): <NanoImageUtil>[dumpInfo] height 1536
12-29 20:58:59.704 I/Jni-Camera( 3891): <NanoImageUtil>[dumpInfo] size 11796480
12-29 20:58:59.704 I/Jni-Camera( 3891): <NanoImageUtil>[dumpInfo] channels 0
12-29 20:58:59.704 I/ZeekrCameraService( 3891): <ZeekrCameraHal>[zeekr_onCameraDataChangeNotify] image.size 11796480, msg.size 11796480
12-29 20:58:59.704 D/AlgoService( 3891): <CameraManager>[onCameraFrame] convert avm frame +
12-29 20:58:59.706 D/AlgoService( 3891): <CameraManager>[onCameraFrame] convert avm frame -
12-29 20:58:59.706 I/AlgoService( 3891): execute called, (1920x1536) format:7
12-29 20:58:59.706 I/AlgoService( 3891): <AlgoQueueMessage>[execute] monitor startSafety algo.
12-29 20:58:59.707 I/IPLM_Impl(  820): doReceive, recevied IP_activity from ECU [TCAM] [ip:198.18.32.17], recvSize is 20
12-29 20:58:59.707 I/IPLM_Impl(  820): handleRequestData, ecuNode: [TCAM], action: 0x1, priority: 0, function: 0
12-29 20:58:59.712 D/CarLocationManager( 4529): setProperty, propId: 0x102, area: 0x0, class: class [B, val: [B@33cddc4
12-29 20:58:59.713 I/CAR.PHS.LOCATION( 1569): setProperty mId=0x102 halId=0x21701010 areaId=0x0 status=0x0 bytes=[1, 31, -1, 3, 2, 0, 31, 1, -1, 7, 7, 1, -1, -1]
12-29 20:58:59.713 D/APTIV.VHAL.VPLAT(  369): Socket:TX=0x0508543000000000011fff0302001f01ff070701ffff
12-29 20:58:59.731 D/CAR.HAL ( 1569): onPropertyEvent -> mServicesToDispatch.size: 2
12-29 20:58:59.731 D/zeekr_gxk( 1569): PropertyHalServiceBase->listener is null!!!
12-29 20:58:59.731 D/CAR.PropertyHalService( 1569): onHalEvents mId=0x11600207 halId=0x11600207 areaId=0x0 status=0x0 timestamp=2369000118730 floatValues=[0.0]
12-29 20:58:59.731 D/CAR.PropertyHalService( 1569): onHalEvents mId=0x11600703 halId=0x11600703 areaId=0x0 status=0x0 timestamp=2369000122949 floatValues=[25.0]
12-29 20:58:59.731 E/CarPropertyService( 1569): onPropertyChange: no listener registered for propId=0x11600703
12-29 20:58:59.734 I/AVMCombinedCameraDeviceSessionExtend(  540): CameraDeviceSession::handle current opened service id 2 request
12-29 20:58:59.735 D/CarLocationManager( 4529): setProperty, propId: 0x105, area: 0x0, class: class java.lang.Integer, val: 0
12-29 20:58:59.735 I/CAR.PHS.LOCATION( 1569): setProperty mId=0x105 halId=0x21401015 areaId=0x0 status=0x0 int32Values=[0]
12-29 20:58:59.735 D/APTIV.VHAL.VPLAT(  369): Socket:TX=0x0508543c0000000000000000
12-29 20:58:59.750 D/[ZVS][155][2024-12-18]Base[1.0.7]AdasMapperImpl( 4083): onChange FaultListInfo [vUID = 4007;vOperation = 0] 
12-29 20:58:59.750 D/[ZVS][155][2024-12-18]Base[1.0.7]CacheHelper0( 4083):  set value 2response moduleName:adas,propertyName:FaultListInfo,extra:oneValue
12-29 20:58:59.750 I/SomeipAlertManager( 2994): mFaultObserver size:1
12-29 20:58:59.760 D/APTIV.VHAL.VPLAT(  369): Socket:RX=0x0c01dce900000000190c1d143a3b01
12-29 20:58:59.760 D/APTIV.VHAL.PLATVHAL(  369): setPropertyFromVehicle success,doHalEvent:0x2270a63c
12-29 20:58:59.760 D/APTIV.VHAL.VPLAT(  369): Socket:RX=0x0c015b110000000000000000
12-29 20:58:59.760 I/RtcHal  (  550): RtcVehicleClient::onPropertyEvent PropTime:577807932
12-29 20:58:59.760 I/RtcHal  (  550): RtcMaster::againonCemTimeMessage cemTimeValue 2025-12-29 20:58:59
12-29 20:58:59.760 I/RtcHal  (  550): RtcArbitrator::againarbitrateCemTime cemTimeValue 2025-12-29 20:58:59
12-29 20:58:59.760 I/RtcHal  (  550): RtcTimeZoneManager::diffsetcemTime
12-29 20:58:59.760 I/RtcHal  (  550): RtcTimeZoneManager::diffsetcemTime timeInfo 125-11-29 20:58:59
12-29 20:58:59.760 I/RtcHal  (  550): RtcTimeZoneManager::diffsetcemTime rawTime:1767031139
12-29 20:58:59.760 I/RtcHal  (  550): RtcTimeZoneManager::diffsetcemTime setCemtimeInfo 125-11-29 20:19:58
12-29 20:58:59.760 I/RtcHal  (  550): RtcTimeZoneManager::diffsetcemTime setrawTime:1767028798
12-29 20:58:59.760 I/RtcHal  (  550): RtcTimeZoneManager::diffsetcemTime diff:2341
12-29 20:58:59.760 I/RtcHal  (  550): RtcArbitrator::againarbitrateCemTime diff:2341
12-29 20:58:59.760 W/RtcHal  (  550): RtcMaster::againonCemTimeMessage arbitrateCemTime diff>5
12-29 20:58:59.760 D/APTIV.VHAL.PLATVHAL(  369): setPropertyFromVehicle success,doHalEvent:0x2260f1d4
12-29 20:58:59.760 D/CAR.HAL ( 1569): onPropertyEvent -> mServicesToDispatch.size: 2
12-29 20:58:59.760 I/CAR.PHS.SETTING( 1569): onHalEvents mId=0x60e6 halId=0x2270a63c areaId=0x80000000 status=0xffffffff bytes=[25, 12, 29, 20, 58, 59, 1]
12-29 20:58:59.760 D/CAR.PropertyHalService( 1569): onHalEvents mId=0x2270a63c halId=0x2270a63c areaId=0x80000000 status=0xffffffff timestamp=2369030836803 bytes=[25, 12, 29, 20, 58, 59, 1]
12-29 20:58:59.760 E/CarPropertyService( 1569): onPropertyChange: no listener registered for propId=0x2270a63c
12-29 20:58:59.760 D/Autopilot( 8258): [VehicleManager]SettingEventCallback onChangeEvent called: property[24806], value[[B@ea9094b]
12-29 20:58:59.762 I/IPLM_Impl(  820): doReceive, recevied IP_activity from ECU [ADCU] [ip:198.18.36.1], recvSize is 20
12-29 20:58:59.762 I/IPLM_Impl(  820): handleRequestData, ecuNode: [ADCU], action: 0x3, priority: 0, function: 0
12-29 20:58:59.765 I/Unity   (30931): [SimpleProfiler] heart beat, count=43, FPS=29.93
12-29 20:58:59.765 I/Unity   (30931): FrameInfo:frome 12-29 20:58:46.441 to 12-29 20:58:59.765 AverageFrameTime=33.42, MaxFrameTime=49.97
12-29 20:58:59.765 I/Unity   (30931): MemoryInfo:Total Reserved Memory: 201.0469Mb,GC Reserved Memory: 5.910156Mb,System Used Memory: 536Mb,
12-29 20:58:59.769 I/AVMCombinedCameraDeviceSessionExtend(  540): CameraDeviceSession::handle current opened service id 2 request
12-29 20:58:59.769 W/ZeekrRenderEngine(  540): [cvFuncMutiHwBuf2RGB32H264@AI_CV_Func_Processor.cpp(421)] srcs[0] index: 2
12-29 20:58:59.769 W/ZeekrRenderEngine(  540): [cvFuncMutiHwBuf2RGB32H264@AI_CV_Func_Processor.cpp(421)] srcs[1] index: 7
12-29 20:58:59.769 W/ZeekrRenderEngine(  540): [cvFuncMutiHwBuf2RGB32H264@AI_CV_Func_Processor.cpp(421)] srcs[2] index: 12
12-29 20:58:59.769 W/ZeekrRenderEngine(  540): [cvFuncMutiHwBuf2RGB32H264@AI_CV_Func_Processor.cpp(421)] srcs[3] index: 17
12-29 20:58:59.770 I/AVMCombinedCameraDeviceSessionExtend(  540): after CVP_Func_MUTI_SRC_CROP_2_RGB32ENC 0927
12-29 20:58:59.773 D/AVMCombinedCameraDeviceSessionExtend(  540): notifyCaptureResult notify capture result, service id is:2, camera id is {8,9,10,11}
12-29 20:58:59.773 I/ZeekrCameraService( 3891): <CameraHalCallback>[zeekr_onCameraDataChangeNotify] msg_type 0, msg_content 26, size 11796480, format 26, cameralist size 4, memory addr 0x7355003188
12-29 20:58:59.773 I/Jni-Camera( 3891): <NanoImageUtil>[dumpInfo] format 7
12-29 20:58:59.773 I/Jni-Camera( 3891): <NanoImageUtil>[dumpInfo] width 1920
12-29 20:58:59.773 I/Jni-Camera( 3891): <NanoImageUtil>[dumpInfo] height 1536
12-29 20:58:59.773 I/Jni-Camera( 3891): <NanoImageUtil>[dumpInfo] size 11796480
12-29 20:58:59.773 I/Jni-Camera( 3891): <NanoImageUtil>[dumpInfo] channels 0
12-29 20:58:59.773 I/ZeekrCameraService( 3891): <ZeekrCameraHal>[zeekr_onCameraDataChangeNotify] image.size 11796480, msg.size 11796480
12-29 20:58:59.773 D/AlgoService( 3891): <CameraManager>[onCameraFrame] convert avm frame +
12-29 20:58:59.775 D/AlgoService( 3891): <CameraManager>[onCameraFrame] convert avm frame -
12-29 20:58:59.775 I/AlgoService( 3891): execute called, (1920x1536) format:7
12-29 20:58:59.775 I/AlgoService( 3891): <AlgoQueueMessage>[execute] monitor startSafety algo.
12-29 20:58:59.779 D/SomeipAlertManager( 2994): handlerSomeipAlarm not exist0
12-29 20:58:59.799 D/[ZVS][155][2024-12-18]Base[1.0.7]AdasMapperImpl( 4083): onChange FaultListInfo [vUID = 4007;vOperation = 1] 
12-29 20:58:59.799 D/[ZVS][155][2024-12-18]Base[1.0.7]CacheHelper0( 4083):  set value 2response moduleName:adas,propertyName:FaultListInfo,extra:oneValue
12-29 20:58:59.800 I/SomeipAlertManager( 2994): mFaultObserver size:1
12-29 20:58:59.800 D/SomeipAlertManager( 2994): handlerSomeipAlarm not exist4007
12-29 20:58:59.801 I/AVMCombinedCameraDeviceSessionExtend(  540): CameraDeviceSession::handle current opened service id 2 request
12-29 20:58:59.813 D/CarLocationManager( 4529): setProperty, propId: 0x102, area: 0x0, class: class [B, val: [B@61454ad
12-29 20:58:59.813 I/CAR.PHS.LOCATION( 1569): setProperty mId=0x102 halId=0x21701010 areaId=0x0 status=0x0 bytes=[1, 31, -1, 0, 2, 0, 31, 1, -1, 7, 7, 1, -1, -1]
12-29 20:58:59.813 D/APTIV.VHAL.VPLAT(  369): Socket:TX=0x0508543000000000011fff0002001f01ff070701ffff
12-29 20:58:59.834 I/AVMCombinedCameraDeviceSessionExtend(  540): CameraDeviceSession::handle current opened service id 2 request
12-29 20:58:59.834 W/ZeekrRenderEngine(  540): [cvFuncMutiHwBuf2RGB32H264@AI_CV_Func_Processor.cpp(421)] srcs[0] index: 4
12-29 20:58:59.834 W/ZeekrRenderEngine(  540): [cvFuncMutiHwBuf2RGB32H264@AI_CV_Func_Processor.cpp(421)] srcs[1] index: 9
12-29 20:58:59.834 W/ZeekrRenderEngine(  540): [cvFuncMutiHwBuf2RGB32H264@AI_CV_Func_Processor.cpp(421)] srcs[2] index: 14
12-29 20:58:59.834 W/ZeekrRenderEngine(  540): [cvFuncMutiHwBuf2RGB32H264@AI_CV_Func_Processor.cpp(421)] srcs[3] index: 19
12-29 20:58:59.834 I/ZeekrRenderEngine(  540): [printFpsPreSec@AI_CV_Func_Processor.cpp(545)] printFpsPreSec<doCovertRender> fps: 45
12-29 20:58:59.835 I/AVMCombinedCameraDeviceSessionExtend(  540): after CVP_Func_MUTI_SRC_CROP_2_RGB32ENC 0927
12-29 20:58:59.838 D/AVMCombinedCameraDeviceSessionExtend(  540): notifyCaptureResult notify capture result, service id is:2, camera id is {8,9,10,11}
12-29 20:58:59.838 I/ZeekrCameraService( 3891): <CameraHalCallback>[zeekr_onCameraDataChangeNotify] msg_type 0, msg_content 26, size 11796480, format 26, cameralist size 4, memory addr 0x7355003188
12-29 20:58:59.838 I/Jni-Camera( 3891): <NanoImageUtil>[dumpInfo] format 7
12-29 20:58:59.838 I/Jni-Camera( 3891): <NanoImageUtil>[dumpInfo] width 1920
12-29 20:58:59.838 I/Jni-Camera( 3891): <NanoImageUtil>[dumpInfo] height 1536
12-29 20:58:59.838 I/Jni-Camera( 3891): <NanoImageUtil>[dumpInfo] size 11796480
12-29 20:58:59.838 I/Jni-Camera( 3891): <NanoImageUtil>[dumpInfo] channels 0
12-29 20:58:59.838 I/ZeekrCameraService( 3891): <ZeekrCameraHal>[zeekr_onCameraDataChangeNotify] image.size 11796480, msg.size 11796480
12-29 20:58:59.838 D/AlgoService( 3891): <CameraManager>[onCameraFrame] convert avm frame +
12-29 20:58:59.838 I/libipcp ( 1852): socket_says_data_received: <<<<< RCV-DATA <<<<< [198.18.32.17:50176] sid:0xb0(176), opId:0x6(6), opType:0x6(6), senderHandleId:0xb00606bb, seqNr:0xbb(187), proc:0, dataType:0, length:1527(1535)
12-29 20:58:59.838 D/libipcp ( 1852): socket_says_data_received: add to dispatch queue: 176 6 1527 -1341782341 3 6 0 0
12-29 20:58:59.838 I/libipcp ( 1852): dispatch_handler: <<<<< DISPATCH <<<<< START - [198.18.32.17:50176] sid:0xb0(176), opId:0x6(6), opType:0x6(6), senderHandleId:0xb00606bb, seqNr:0xbb(187), proc:0, dataType:0, length:1527
12-29 20:58:59.838 D/libipcp ( 1852): handle_incoming_notification_cyc: xxx_enter handle_incoming_notification_cyc
12-29 20:58:59.838 D/libipcp ( 1852): build_work_item: xxx_enter build_work_item.
12-29 20:58:59.838 D/libipcp ( 1852): lookup_service_config: [11/19, 1/2] Found the config 0xb4000074b0c1d590 with the same sid:0xb0(176) and opid:0x6(6)!
12-29 20:58:59.838 D/libipcp ( 1852): build_work_item: xxx_enter build_work_item, add item to work thread queue
12-29 20:58:59.838 I/libipcp ( 1852): dispatch_handler: <<<<< DISPATCH <<<<<  END
12-29 20:58:59.838 I/Ipcp_Client( 1852): received_cb_client - IN([198.18.32.17:50176])
12-29 20:58:59.838 D/Ipcp_Client( 1852): IPCPClient find_client_mp_handler ok (sid:0xb0,handler:0xb400007440c32e50)
12-29 20:58:59.838 I/Ipcp_Client( 1852): <<<<< CLI-RCV-CB <<<<< cbCode:0, [198.18.32.17:50176] sid:0xb0(176), opId:0x6(6), opType:0x6(6), seqNr:1723(0x6bb-187), proc:0, dataType:0, length:1519(1519)
12-29 20:58:59.839 D/Ipcp_Client( 1852): callClientCallBack, add msg to client callback queue
12-29 20:58:59.839 I/Ipcp_Client( 1852): received_cb_client - OUT([198.18.32.17:50176])
12-29 20:58:59.839 I/Ipcp_Client( 1852): <<<<< CLI-JNI-CB <<<<< START - cbCode:0, [198.18.32.17:50176] sid:0xb0(176), opId:0x6(6), opType:0x6(6), seqNr:1723(0x6bb-187), proc:0, dataType:0, length:1519
12-29 20:58:59.840 D/AlgoService( 3891): <CameraManager>[onCameraFrame] convert avm frame -
12-29 20:58:59.840 I/AlgoService( 3891): execute called, (1920x1536) format:7
12-29 20:58:59.840 I/AlgoService( 3891): <AlgoQueueMessage>[execute] monitor startSafety algo.
12-29 20:58:59.840 D/SafeStart( 3891): start executeDetect 
12-29 20:58:59.840 D/SafeStart( 3891): after frame_rgba
12-29 20:58:59.840 D/IPCP.Client( 1852): ClientCbData{mCbCode=0, serviceId=176, operationId=6, mSeqNr=1723, opType=6, dataType=0, proc=0, payloadLen=0, payload= 15 11 c9 11 d3 91 d1 d0 4b 0c 4d cd 4e 4c 0c cb 8c 0c 0c 0b 0d 4c cd 4d 4b 8d 8e 4d 0d 4b 13 8b 0c 0c 8d cd 0c 4b 8c 4c ce 4c 8b 11 4b 0c 8b 0c cd 0b 0c 0b 8d 0d 8b 0c 8c ce 0b 8d 4b 13 4b 0c 8d 8b 8c 0b 13 4b 0c 0b 8c 0b 0c 0a 8d 90 43 42 84 42 44 74 e5 24 d4 32 c3 13 73 53 93 03 32 e3 03 03 02 c4 12 c3 53 33 53 52 e3 63 93 43 52 c4 e2 c3 03 23 73 43 12 e3 13 33 93 22 c4 52 c3 02 e3 03 63 62 c3 13 53 72 e3 83 52 c3 23 93 13 23 23 52 c2 c2 c4 42 c5 62 a3 33 60 d0 a0 88 91 1d 39 59 51 1c b0 c4 d4 dc b8 e0 d4 b1 50 b0 b1 34 b0 c0 b8 c0 d8 d8 b1 38 b0 c0 b8 c4 c8 c8 b1 2c b1 10 a8 c8 e4 34 28 1d 24 47 4e 44 54 4d 2c 57 38 34 2c 2c 30 2e 30 2c 4e 2c 30 2e 30 2c 45 2c 30 2e 30 2c 57 38 34 2a 37 31 0d 0a 06 c9 11 d3 90 50 d0 d5 54 90 50 d6 4b 0c 4b 8c 4b 0c 4d ce 4b 8e 4b 0c 0b 8d 8b 0d 4b 8c 0a 8c 4c 43 42 84 62 44 75 04 75 35 62 c3 13 52 c3 12 c3 53 82 c3 13 82 c3 73 72 c3 03 73 92 c3 43 52 e3 32 c3 43 22 c3 63 42 c3 33 53 02 c2 c3 13 62 c3 53 42 c3 23 73 42 c3 43 12 e3 22 c3 23 32 c3 43 52 c3 13 53 62 c3 43 12 e3 02 c3 12 a3 43 20 d0 a1 28 91 1d 41 1d 4d 58 b0 c4 d4 b0 c8 b0 d4 e0 b0 c8 d8 b0 d0 d0 b0 c8 c4 dc b0 cc d8 b8 c8 b0 c8 dc b0 cc c4 b0 c8 e4 c4 b0 c4 e4 b8 e0 b0 cc d8 b0 c8 e0 b0 c4 e0 d4 b0 cc c0 b8 c0 b0 d0 e4 b0 c8 d4 b0 c8 c0 dc b0 c8 e4 b8 c0 b0 c4 a8 d4 c4 34 28 4a 24 47 50 47 53 56 2c 31 35 2c 33 2c 35 38 2c 32 39 2c 31 39 2c 31 31 31 2c 33 36 2e 38 2c 31 35 2c 31 37 2c 30 38 39 2c 33 37 2e 35 2c 30 35 2c 31 35 2c 30 33 38 2c 33 30 2e 38 2c 31 30 2c 31 35 2c 31 38 34 2c 33 37 2e 37 2c 31 2a 35 39 0d 0a 0d c9 11 d4 11 d4 d5 8b 0c 4d 4b 0d 0b 0d 4e 0b 0c 4c cb 0c 4c 0b 0c 0d 4e 4b 0c 8e 4b 8c 8b 0c 0d cb 0c 0d 8b 0c cd 0d 4b 0c 8c 0b 8c 0b 0c 0e 0b 0c 0c 8b 0c 8e 4d 0b 0b 0c 4a 8d 98 83 42 84 a2 44 75 04 75 35 62 c3 13 52 c3 52 c3 53 82 c3 83 52 c3 73 52 c3 03 03 42 c3 13 82 e3 02 c3 73 62 c3 43 42 c3 33 03 22 c3 33 52 e3 92 c3 73 52 c3 33 72 c3 23 23 02 c3 23 52 e3 82 c3 63 92 c3 33 32 c3 03 73 02 c3 33 12 e3 52 c3 12 a3 53 30 d0 a1 08 91 1d 41 1d 4d 58 b0 c4 d4 b0 d8 b0 d4 e0 b0 e0 d8 b0 c8 e0 b0 c8 d8 d4 b0 cc dc b8 d4 b0 d8 e0 b0 c4 e4 b0 c0 c4 dc b0 b0 dc c0 b0 c4 dc b0 c4 c8 d0 b0 cc d4 b8 cc b0 dc dc b0 c4 c4 b0 cc d0 c4 b0 b0 c4 a8 d5 84 34 28 4e 24 47 50 47 53 56 2c 31 35 2c 37 2c 35 38 2c 33 31 33 2c 37 32 2c 30 37 31 2c 33 39 2e 37 2c 33 32 33 2c 35 35 2c 32 38 30 2c 33 39 2e 36 2c 33 32 36 2c 35 31 2c 32 33 31 2c 33 32 2e 36 2c 33 32 31 2c 34 37 2c 31 38 36 2c 32 35 2e 36 2c 37 2a 35 65 0d 0a 11 89 11 d4 11 d4 d5 8b 0c 4d 4b 0e 0b 0d 4e 0b 0c cc 4d 4b 0c 4e 4b 0c 0d 4e 4b 0c cd 0b 8e 0b 0c cc cc 4b 0c 4d 0b 0c cc 4e 4b 0b 0c cc 0c cb 0c 4c 4b 0c 0d 4c 8b 0c 8e 0b 8d 8b 0c cc 0d 4b 0c 0d cb 0c 0c 0d 0b 0b 0d ca 8d 59 43 42 83 e2 44 75 04 75 35 62 c3 13 52 c3 92 c3 53 82 c3 33 33 32 c3 03 32 c3 23 33 62 c3 13 02 e3 42 c3 33 23 72 c3 03 32 c3 13 53 72 c3 13 92 e3 82 c3 33 03 82 c3 03 22 c3 03 93 92 c3 13 22 e3 62 c3 72 a3 43 40 d0 a1 2c 91 1d 41 1d 4d 58 b0 c4 d4 b0 c4 c0 b0 d4 e0 b0 c8 c8 e0 b0 e0 e4 b0 cc c0 c8 b0 cc e0 b8 d8 b0 c8 c4 cc b0 d4 d8 b0 c0 dc e0 b0 c8 e0 b8 dc b0 c8 cc c4 b0 d4 c8 b0 c0 dc c4 b0 b0 c8 c0 e0 b0 d4 c0 b0 c0 d4 e0 b0 c8 e0 b8 cc b0 c4 a8 dd 8c 34 28 47 24 47 50 47 53 56 2c 31 35 2c 31 31 2c 35 38 2c 32 32 37 2c 34 33 2c 32 36 39 2c 33 33 2e 39 2c 32 33 38 2c 33 38 2c 30 34 38 2c 33 35 2e 36 2c 32 35 37 2c 33 38 2c 31 37 32 2c 2c 32 34 36 2c 33 34 2c 32 38 36 2c 2c 31 2a 36 33 0d 0a 13 c9 11 d4 11 d4 d5 8b 0c 4d 4b 0c 4c 8b 0d 4e 0b 0c 8c 4d 0b 0c cc cb 0c 0e 4d 0b 0c 8d 4b 8c 8b 0c 8d 0c cb 0c cc 4b 0c 0e 0e 4b 0c cc 0b 8d 4b 0c 8d 0c 8b 0c cc 0b 0c 0d 8c 8b 0c ce 0b 8c 8b 0c 8c cc cb 0c 8d 8b 0c 4c 8d 0b 0c 8d 0b 8d 4b 0c 4a 8d 8e 43 42 84 72 44 75 04 75 35 62 c3 13 52 c3 13 32 c3 53 82 c3 23 33 72 c3 23 52 c3 23 23 32 c3 33 62 e3 32 c3 23 03 52 c3 23 22 c3 13 43 32 c2 c3 23 63 02 c3 13 42 c3 13 23 12 c3 23 82 e3 22 c3 23 03 22 c3 13 22 c3 13 13 82 c2 c3 12 a3 66 10 d0 a1 1c 91 1d 41 1d 4d 58 b0 c4 d4 b0 c4 d0 b
12-29 20:58:59.840 I/Ipcp_Client( 1852): <<<<< CLI-JNI-CB <<<<<  END  - cbCode:0, [198.18.32.17:50176] sid:0xb0(176), opId:0x6(6), opType:0x6(6), seqNr:1723(0x6bb-187), proc:0, dataType:0, length:1519
12-29 20:58:59.841 I/Adapt_1_3_1202_Adapt-IpcpManager( 1826): onClientCallback funcKey = 11534342
12-29 20:58:59.841 I/[ZHK]   ( 2687): [zeekrNetDetect-NetworkDetectManager]---> funckey = 11534342
12-29 20:58:59.841 I/Adapt_1_3_1202_Adapt-IpcpManager( 1826): ReceiveHandler RECEIVE_CLIENT funcKey = 11534342
12-29 20:58:59.841 D/FusedLocation.GnssSource( 1669): Receiver gnss nmea
12-29 20:58:59.841 D/SafeStart( 3891): after cvtColor
12-29 20:58:59.841 I/Adapt_1_3_1202_Adapt-IpcpManager( 1826): callBackClientMsg funcKey = 11534342, mClientMsgMap.size() = 41
12-29 20:58:59.842 D/Adapt_1_3_1202_AdaptInternalImplLocation( 1826): mNMEA Format = GGA
12-29 20:58:59.842 D/Adapt_1_3_1202_AdaptInternalImplLocation( 1826): GGA TO analysis
12-29 20:58:59.842 D/Adapt_1_3_1202_AdaptInternalImplLocation( 1826): mNMEA Format = RMC
12-29 20:58:59.842 D/Adapt_1_3_1202_AdaptInternalImplLocation( 1826): RMC TO analysis
12-29 20:58:59.842 D/Adapt_1_3_1202_AdaptInternalImplLocation( 1826): mNMEA Format = VTG
12-29 20:58:59.842 D/Adapt_1_3_1202_AdaptInternalImplLocation( 1826): mNMEA Format = GSV
12-29 20:58:59.842 D/Adapt_1_3_1202_AdaptInternalImplLocation( 1826): mNMEA Format = GSV
12-29 20:58:59.842 D/Adapt_1_3_1202_AdaptInternalImplLocation( 1826): mNMEA Format = GSV
12-29 20:58:59.843 D/Adapt_1_3_1202_AdaptInternalImplLocation( 1826): mNMEA Format = GSV
12-29 20:58:59.843 D/Adapt_1_3_1202_AdaptInternalImplLocation( 1826): mNMEA Format = GSV
12-29 20:58:59.843 D/Adapt_1_3_1202_AdaptInternalImplLocation( 1826): mNMEA Format = GSV
12-29 20:58:59.843 D/Adapt_1_3_1202_AdaptInternalImplLocation( 1826): mNMEA Format = GSV
12-29 20:58:59.843 D/Adapt_1_3_1202_AdaptInternalImplLocation( 1826): mNMEA Format = GSV
12-29 20:58:59.843 D/Adapt_1_3_1202_AdaptInternalImplLocation( 1826): mNMEA Format = GSV
12-29 20:58:59.843 D/Adapt_1_3_1202_AdaptInternalImplLocation( 1826): mNMEA Format = GSV
12-29 20:58:59.843 D/Adapt_1_3_1202_AdaptInternalImplLocation( 1826): mNMEA Format = GSV
12-29 20:58:59.843 D/Adapt_1_3_1202_AdaptInternalImplLocation( 1826): mNMEA Format = GSV
12-29 20:58:59.843 D/Adapt_1_3_1202_AdaptInternalImplLocation( 1826): mNMEA Format = GSV
12-29 20:58:59.843 D/Adapt_1_3_1202_AdaptInternalImplLocation( 1826): mNMEA Format = GSV
12-29 20:58:59.843 D/SafeStart( 3891): PreProcess 2360 time: 9.754000 ms
12-29 20:58:59.843 D/Adapt_1_3_1202_AdaptInternalImplLocation( 1826): mNMEA Format = GSV
12-29 20:58:59.843 D/Adapt_1_3_1202_AdaptInternalImplLocation( 1826): mNMEA Format = GSA
12-29 20:58:59.843 D/Adapt_1_3_1202_FusedLocation.Utils( 1826): formatDataToUTCTime UTCTimeBuffer:2025-12-29 17:59:3.0
12-29 20:58:59.844 D/Adapt_1_3_1202_FusedLocation.Utils( 1826): utcTime: 1767031143000; date: Mon Dec 29 20:59:03 GMT+03:00 2025
12-29 20:58:59.844 I/FusedLocation.GnssSource( 1669): NMEA DATA = [$GNGGA,175903.000,5355.6945,N,02741.1392,E,2,34,0.46,238.5,M,26.0,M,0.0,0*6A
12-29 20:58:59.844 I/FusedLocation.GnssSource( 1669): , $GNRMC,175903.000,A,5355.6945,N,02741.1392,E,0.066,157.85,291225,,,D,V*36
12-29 20:58:59.844 I/FusedLocation.GnssSource( 1669): , $GNVTG,157.85,T,,M,0.066,N,0.122,K,D*29
12-29 20:58:59.844 I/FusedLocation.GnssSource( 1669): , $GNDTM,W84,,0.0,N,0.0,E,0.0,W84*71
12-29 20:58:59.844 I/FusedLocation.GnssSource( 1669): , $GNACCURACY,1.1,179.9,0.6,5.0*11
12-29 20:58:59.844 I/FusedLocation.GnssSource( 1669): , $GPGSV,15,1,58,18,77,079,45.3,42,64,350,,16,54,274,41.2,23,45,156,41.0,1*42
12-29 20:58:59.844 I/FusedLocation.GnssSource( 1669): , $GPGSV,15,2,58,26,44,217,36.2,27,31,291,19.8,36,28,185,30.0,49,25,207,29.0,1*51
12-29 20:58:59.844 I/FusedLocation.GnssSource( 1669): , $GPGSV,15,3,58,29,19,111,36.8,15,17,089,37.5,05,15,038,30.8,10,15,184,37.7,1*59
12-29 20:58:59.844 I/FusedLocation.GnssSource( 1669): , $GPGSV,15,4,58,13,10,059,29.2,07,06,345,20.0,08,02,294,,1*6b
12-29 20:58:59.844 I/FusedLocation.GnssSource( 1669): , $GPGSV,15,5,58,85,75,004,18.0,76,44,302,35.9,75,37,220,25.8,69,33,070,31.5,1*53
12-29 20:58:59.844 I/FusedLocation.GnssSource( 1669): , $GPGSV,15,6,58,86,28,265,37.5,68,19,017,,70,17,124,35.3,77,11,341,,1*5a
12-29 20:58:59.844 I/FusedLocation.GnssSource( 1669): , $GPGSV,15,7,58,313,72,071,39.7,323,55,280,39.6,326,51,231,32.6,321,47,186,25.6,7*5e
12-29 20:58:59.844 I/FusedLocation.GnssSource( 1669): , $GPGSV,15,8,58,315,19,059,34.8,331,14,319,,303,11,052,28.6,305,07,004,,7*5e
12-29 20:58:59.844 I/FusedLocation.GnssSource( 1669): , $GPGSV,15,9,58,333,03,236,10.4,327,03,157,19.8,308,02,099,12.6,7*44
12-29 20:58:59.844 I/FusedLocation.GnssSource( 1669): , $GPGSV,15,10,58,228,89,302,38.6,213,56,078,28.7,231,52,071,,208,50,058,28.3,1*7c
12-29 20:58:59.844 I/FusedLocation.GnssSource( 1669): , $GPGSV,15,11,58,227,43,269,33.9,238,38,048,35.6,257,38,172,,246,34,286,,1*63
12-29 20:58:59.844 I/FusedLocation.GnssSource( 1669): , $GPGSV,15,12,58,214,33,094,25.2,243,31,089,30.5,242,30,062,38.2,233,26,124,24.5,1*69
12-29 20:58:59.844 I/FusedLocation.GnssSource( 1669): , $GPGSV,15,13,58,237,25,223,36.3,205,22,143,,260,14,121,28.2,202,12,118,,1*6a
12-29 20:58:59.844 I/FusedLocation.GnssSource( 1669): , $GPGSV,15,14,58,256,12,092,,236,09,334,14.5,221,06,018,,211,04,085,16.6,1*6f
12-29 20:58:59.844 I/FusedLocation.GnssSource( 1669): , $GPGSV,15,15,58,210,02,116,16.4,249,,,38.9,250,,,29.2,258,,,36.8,1*5c
12-29 20:58:59.844 I/FusedLocation.GnssSource( 1669): , $GPGSA,A,3,18,29,26,16,27,05,23,13,15,10,07,76,0.87,0.46,0.73,1*17
12-29 20:58:59.844 I/FusedLocation.GnssSource( 1669): ]
12-29 20:58:59.844 D/Adapt_1_3_1202_FusedLocation.Utils( 1826): 1767031143000, getRawOffset() = 10800000
12-29 20:58:59.844 D/AdaptB_1_3_1202_IB_AdaptInternalImplLocation( 1826): onInternalServiceDataEvent->onInternalServiceDataEvent: domain = Adapt-Location, ifname = adaptservice.out.to.adaptlib, msgId = LOCATION_IPCP_LOCATION_INFO, data = {"Longitude":27.685653333333335,"Latitude":53.928241666666665,"UTCTIME":1767031143000}
12-29 20:58:59.844 D/AdaptB_1_3_1202_AdaptInternalImplService( 1826): onInternalServiceDataEvent ifname: adaptservice.out.to.adaptlib, msgId: LOCATION_IPCP_LOCATION_INFO, data: {"Longitude":27.685653333333335,"Latitude":53.928241666666665,"UTCTIME":1767031143000}
12-29 20:58:59.844 D/AdaptB_1_3_1202_AdaptInternalImplService( 1826): onInternalServiceDataEvent pids:[2687, 4083] domain:Adapt-Location ifname:adaptservice.out.to.adaptlib msgId:LOCATION_IPCP_LOCATION_INFO
12-29 20:58:59.844 D/AdaptL_2687_AdaptInternalManager( 2687): onInternalDataEvent domain = Adapt-Location, ifname = adaptservice.out.to.adaptlib, msgId = LOCATION_IPCP_LOCATION_INFO, data = {"Longitude":27.685653333333335,"Latitude":53.928241666666665,"UTCTIME":1767031143000}
12-29 20:58:59.844 D/AdaptL_4083_AdaptInternalManager( 4083): onInternalDataEvent domain = Adapt-Location, ifname = adaptservice.out.to.adaptlib, msgId = LOCATION_IPCP_LOCATION_INFO, data = {"Longitude":27.685653333333335,"Latitude":53.928241666666665,"UTCTIME":1767031143000}
12-29 20:58:59.844 D/AdaptL_4083_AdaptApi-LocationImpl( 4083): notifyGPSInfoToListener pos: lon: 27.685653333333335; lat: 53.928241666666665; time: 1767031143000
12-29 20:58:59.844 D/AdaptL_2687_AdaptApi-LocationImpl( 2687): notifyGPSInfoToListener pos: lon: 27.685653333333335; lat: 53.928241666666665; time: 1767031143000
12-29 20:58:59.844 I/[ZHK]   ( 2687): [AdapterApiLocationManager]---> handleGPSEventChange->com.zeekrlife.adaptapi.loctionimpl.LocationImpl$GPSPosInfo@3bbfdf3, observer->1
12-29 20:58:59.844 I/[ZVS][155][2024-12-18]Base[1.0.7]AdapterApiLocationManager( 4083): handleGPSEventChange->com.zeekrlife.adaptapi.loctionimpl.LocationImpl$GPSPosInfo@b33a78a, observer->t5.c@6a2bbbc
12-29 20:58:59.844 I/[ZVS][155][2024-12-18]Base[1.0.7]LocationService( 4083): gps event->GpsInfo{, lat=53.928241666666665, lon=27.685653333333335, time=1767031143000, currentTime=1767031139844}
12-29 20:58:59.845 D/FusedLocation.Utils( 1669): formatDataToUTCTime UTCTimeBuffer:2025-12-29 17:59:3
12-29 20:58:59.845 I/FusedLocation.GnssSource( 1669): Unknown constellation type with Svid = 42
12-29 20:58:59.845 I/FusedLocation.GnssSource( 1669): Unknown constellation type with Svid = 36
12-29 20:58:59.845 I/FusedLocation.GnssSource( 1669): Unknown constellation type with Svid = 49
12-29 20:58:59.845 I/FusedLocation.GnssSource( 1669): Unknown constellation type with Svid = 238
12-29 20:58:59.845 I/FusedLocation.GnssSource( 1669): Unknown constellation type with Svid = 257
12-29 20:58:59.845 I/FusedLocation.GnssSource( 1669): Unknown constellation type with Svid = 246
12-29 20:58:59.845 I/FusedLocation.GnssSource( 1669): Unknown constellation type with Svid = 243
12-29 20:58:59.845 I/FusedLocation.GnssSource( 1669): Unknown constellation type with Svid = 242
12-29 20:58:59.845 I/FusedLocation.GnssSource( 1669): Unknown constellation type with Svid = 237
12-29 20:58:59.845 I/FusedLocation.GnssSource( 1669): Unknown constellation type with Svid = 260
12-29 20:58:59.845 I/FusedLocation.GnssSource( 1669): Unknown constellation type with Svid = 256
12-29 20:58:59.845 I/FusedLocation.GnssSource( 1669): Unknown constellation type with Svid = 249
12-29 20:58:59.845 I/FusedLocation.GnssSource( 1669): Unknown constellation type with Svid = 250
12-29 20:58:59.845 I/FusedLocation.GnssSource( 1669): Unknown constellation type with Svid = 258
12-29 20:58:59.845 D/FusedLocation.TimeSynchronizer( 1669): notifyRusult : 1 gpsUtc : 1767031143000
12-29 20:58:59.845 W/libc    (  550): Access denied finding property "persist.zeekr.platform.autotime"
12-29 20:58:59.845 D/FusedLocation.TimeSynchronizer( 1669): Already post utc to hal , ignore
12-29 20:58:59.844 W/HwBinder:550_1(  550): type=1400 audit(0.0:17956): avc: denied { read } for name="u:object_r:persist_platform_prop:s0" dev="tmpfs" ino=16249 scontext=u:r:hal_rtc_zeekr:s0 tcontext=u:object_r:persist_platform_prop:s0 tclass=file permissive=0
12-29 20:58:59.846 D/FusedLocation.GnssSource( 1669): AnalysisHandler ANALYSIS_SEND_NMEA0183_DATA sendLocation svCount = 58
12-29 20:58:59.846 D/FusedLocation.System_server( 1235): call by FusedLocation already
12-29 20:58:59.847 D/GnssLocationProvider( 1235): WakeLock acquired by sendMessage(REPORT_LOCATION, 1, Location[gps 53.928242,27.685653 hAcc=2.3 et=+39m29s115ms alt=238.5 vAcc=0.73 vel=0.03388889 bear=157.85])
12-29 20:58:59.850 W/AlarmManager( 1235): Unrecognized alarm listener com.android.server.location.gnss.GnssLocationProvider$$ExternalSyntheticLambda1@f35181a
12-29 20:58:59.850 D/[ZVS][155][2024-12-18]Base[1.0.7]AdasMapperImpl( 4083): onChange FaultListInfo [vUID = 4007;vOperation = 0] 
12-29 20:58:59.850 D/[ZVS][155][2024-12-18]Base[1.0.7]CacheHelper0( 4083):  set value 2response moduleName:adas,propertyName:FaultListInfo,extra:oneValue
12-29 20:58:59.850 D/ZMap_Loc_InstrumentHelper( 4529): [LocationSignalThread]====speedometer = 0.0
12-29 20:58:59.850 D/GnssLocationProvider( 1235): WakeLock released by handleMessage(REPORT_LOCATION, 1, Location[gps 53.928242,27.685653 hAcc=2.3 et=+39m29s115ms alt=238.5 vAcc=0.73 vel=0.03388889 bear=157.85 {Bundle[{satellites=0, maxCn0=0, meanCn0=0}]}])
12-29 20:58:59.850 I/SomeipAlertManager( 2994): mFaultObserver size:1
12-29 20:58:59.858 D/SafeStart( 3891): QNNForward end  
12-29 20:58:59.859 D/SafeStart( 3891): PostProcess end  
12-29 20:58:59.859 D/SafeStart( 3891): results.size() 1
12-29 20:58:59.859 D/SafeStart( 3891): box 30 87 703 266 0.636363
12-29 20:58:59.859 D/SafeStart( 3891): detect 703.000000 266.000000 733.000000 353.000000 718.000000 309.500000
12-29 20:58:59.859 D/SafeStart( 3891): 0_bbox: 703.000000 266.000000 733.000000 353.000000 0.636363 0
12-29 20:58:59.859 D/SafeStart( 3891): no_min 87.000000 30.000000
12-29 20:58:59.859 D/SafeStart( 3891): this_frame_result 0,0,0,0
12-29 20:58:59.859 D/SafeStart( 3891): before 0_camera_result
12-29 20:58:59.859 D/SafeStart( 3891): this_frame_result[j] 0 all_camera_result[j]
12-29 20:58:59.859 D/SafeStart( 3891): after 0_camera_result
12-29 20:58:59.859 D/SafeStart( 3891): before result_0or1[j] 3
12-29 20:58:59.859 D/SafeStart( 3891): after result_0or1[j] 4
12-29 20:58:59.859 D/SafeStart( 3891): result_0or1 cam:0 init_result 0 0 0 0
12-29 20:58:59.859 D/SafeStart( 3891): after 0 push_back
12-29 20:58:59.859 D/SafeStart( 3891): before 1_camera_result
12-29 20:58:59.859 D/SafeStart( 3891): this_frame_result[j] 0 all_camera_result[j]
12-29 20:58:59.859 D/SafeStart( 3891): after 1_camera_result
12-29 20:58:59.859 D/SafeStart( 3891): before result_0or1[j] 3
12-29 20:58:59.859 D/SafeStart( 3891): after result_0or1[j] 4
12-29 20:58:59.859 D/SafeStart( 3891): result_0or1 cam:1 init_result 0 0 0 0
12-29 20:58:59.859 D/SafeStart( 3891): after 1 push_back
12-29 20:58:59.859 D/SafeStart( 3891): before 2_camera_result
12-29 20:58:59.859 D/SafeStart( 3891): this_frame_result[j] 0 all_camera_result[j]
12-29 20:58:59.859 D/SafeStart( 3891): after 2_camera_result
12-29 20:58:59.859 D/SafeStart( 3891): before result_0or1[j] 3
12-29 20:58:59.859 D/SafeStart( 3891): after result_0or1[j] 4
12-29 20:58:59.859 D/SafeStart( 3891): result_0or1 cam:2 init_result 0 0 0 0
12-29 20:58:59.859 D/SafeStart( 3891): after 2 push_back
12-29 20:58:59.859 D/SafeStart( 3891): before 3_camera_result
12-29 20:58:59.859 D/SafeStart( 3891): this_frame_result[j] 0 all_camera_result[j]
12-29 20:58:59.859 D/SafeStart( 3891): after 3_camera_result
12-29 20:58:59.859 D/SafeStart( 3891): before result_0or1[j] 3
12-29 20:58:59.859 D/SafeStart( 3891): after result_0or1[j] 4
12-29 20:58:59.859 D/SafeStart( 3891): result_0or1 cam:3 init_result 0 0 0 0
12-29 20:58:59.859 D/SafeStart( 3891): after 3 push_back
12-29 20:58:59.859 D/SafeStart( 3891): all_camera_result 0,0,0,0
12-29 20:58:59.859 D/SafeStart( 3891): after paint_result
12-29 20:58:59.859 D/SafeStart( 3891): frame_id 2360 time: 14.411000 ms
12-29 20:58:59.859 I/AlgoService( 3891): <AlgoService>[postJavaMessage] called, algoType 8, event 2001
12-29 20:58:59.859 D/AlgoService( 3891): <AlgoService>[postJavaMessage] data is empty!
12-29 20:58:59.859 I/AlgoService( 3891): <AlgoService>[postJavaMessage] event 2001, data size 0
12-29 20:58:59.860 D/AlgoService( 3891): <BaseAlgoService> transmit data: AlgoCbData{algoType=8, event=2001, payload={"algoType":8,"event":2001,"payload":{"size":0,"data":[]}}}
12-29 20:58:59.860 I/[AIScene][127]VisualPerceptionImpl( 3891): onUpdate, json: {"algoType":8,"event":2001,"payload":{"size":0,"data":[]}}
12-29 20:58:59.860 I/[AIScene][127]VisualPerceptionImpl( 3891): onUpdate, get bean: n4.p@890b911, VisualDispatcherBean{iVisualDispatcher=n4.p@890b911, type= add: {2 }; init: {2 }
12-29 20:58:59.860 I/[AIScene][127]VisualPerceptionImpl( 3891): onUpdate, get bean: r4.f@a143c6, VisualDispatcherBean{iVisualDispatcher=r4.f@a143c6, type= add: {8 }; init: {8 }
12-29 20:58:59.860 I/[AIScene][127]SafeRemindService( 3891): to send safe remind data receive, algotype->8, jsonStr->{"algoType":8,"event":2001,"payload":{"size":0,"data":[]}}
12-29 20:58:59.860 D/[AIScene][127]SafeRemindService( 3891): safe remind data update, algotype->8, jsonStr->{"algoType":8,"event":2001,"payload":{"size":0,"data":[]}}
12-29 20:58:59.860 D/com.thunder.dotupapp(29121): 20 seconds timeout, begin upload
12-29 20:58:59.860 D/[AIScene][127]SafeRemindService( 3891): safe remind data to json success!
12-29 20:58:59.860 D/[AIScene][127]SafeRemindService( 3891): not need send pay load data to qnx
12-29 20:58:59.860 D/com.thunder.dotupapp(29121): DotUploadCycleThread UpLoadData
12-29 20:58:59.860 D/com.thunder.dotupapp(29121): *nDotInfoCnt < 0 , value = 0
12-29 20:58:59.860 D/com.thunder.dotupapp(29121): No dot data in database, don't need upload
12-29 20:58:59.864 D/CarLocationManager( 4529): setProperty, propId: 0x103, area: 0x0, class: class [B, val: [B@342f3e2
12-29 20:58:59.864 I/CAR.PHS.LOCATION( 1569): setProperty mId=0x103 halId=0x2170100f areaId=0x0 status=0x0 bytes=[6, 2, 0, 0, 2, 0, 4, 0, 0, 1, 0, 0, 0, 63, 0, 6]
12-29 20:58:59.864 D/APTIV.VHAL.VPLAT(  369): Socket:TX=0x0508543400000000060200000200040000010000003f0006
12-29 20:58:59.869 I/AVMCombinedCameraDeviceSessionExtend(  540): CameraDeviceSession::handle current opened service id 2 request
12-29 20:58:59.881 D/SomeipAlertManager( 2994): handlerSomeipAlarm not exist0
12-29 20:58:59.882 I/IPLM_Impl(  820): doReceive, recevied IP_activity from ECU [ADPU] [ip:198.18.36.177], recvSize is 20
12-29 20:58:59.882 I/IPLM_Impl(  820): handleRequestData, ecuNode: [ADPU], action: 0x3, priority: 0, function: 0
12-29 20:58:59.894 I/libipcp ( 1852): socket_says_data_received: <<<<< RCV-DATA <<<<< [198.18.32.17:50166] sid:0xa6(166), opId:0x7(7), opType:0x5(5), senderHandleId:0xa6070569, seqNr:0x69(105), proc:0, dataType:0, length:25(33)
12-29 20:58:59.894 D/libipcp ( 1852): socket_says_data_received: add to dispatch queue: 166 7 25 -1509489303 3 5 0 0
12-29 20:58:59.894 I/libipcp ( 1852): dispatch_handler: <<<<< DISPATCH <<<<< START - [198.18.32.17:50166] sid:0xa6(166), opId:0x7(7), opType:0x5(5), senderHandleId:0xa6070569, seqNr:0x69(105), proc:0, dataType:0, length:25
12-29 20:58:59.894 D/libipcp ( 1852): handle_incoming_packets: xxx_enter handle_incoming_packets
12-29 20:58:59.894 D/libipcp ( 1852): build_work_item: xxx_enter build_work_item.
12-29 20:58:59.894 D/libipcp ( 1852): lookup_service_config: [9/19, 2/2] Found the config 0xb4000074b0c1e8b0 with the same sid:0xa6(166) and opid:0x7(7)!
12-29 20:58:59.894 D/libipcp ( 1852): build_work_item: xxx_enter build_work_item, add item to work thread queue
12-29 20:58:59.894 I/libipcp ( 1852): ipcp_do_xmit: >>>>> DO-XMIT >>>>> [198.18.32.17:50166] sid:0xa6(166), opId:0x7(7), opType:0x70(112), senderHandleId:0xa6070569, seqNr:0x69(105), proc:0, dataType:0, length:8
12-29 20:58:59.894 D/libipcp ( 1852): ipcp_do_xmit: ipcp_do_xmit others
12-29 20:58:59.894 D/libipcp ( 1852): lookup_service_config: [9/19, 2/2] Found the config 0xb4000074b0c1e8b0 with the same sid:0xa6(166) and opid:0x7(7)!
12-29 20:58:59.894 I/libipcp ( 1852): ipcp_transport_send: [10.1.2.6:50166] -> [198.18.32.17:50166]
12-29 20:58:59.894 I/libipcp ( 1852): dispatch_handler: <<<<< DISPATCH <<<<<  END
12-29 20:58:59.894 I/ipcp_osi_socket( 1852): >>>>> UDP-SND >>>>> fd:188, [198.18.32.17:50166], dataSize:16, sendLen:16
12-29 20:58:59.894 I/libipcp ( 1852): ipcp_do_xmit: ipcp_do_xmit release the sent ACK packet
12-29 20:58:59.894 E/libipcp ( 1852): free_retry_ineffective_packet: Retry list is null or empty
12-29 20:58:59.894 E/libipcp ( 1852): free_wfa_completed_packet: WFA list is null or empty
12-29 20:58:59.894 I/libipcp ( 1852): ipcp_do_xmit: ipcp_do_xmit out(sentLen:16)
12-29 20:58:59.894 I/Ipcp_Client( 1852): received_cb_client - IN([198.18.32.17:50166])
12-29 20:58:59.894 D/Ipcp_Client( 1852): IPCPClient find_client_mp_handler ok (sid:0xa6,handler:0xb400007440c32db0)
12-29 20:58:59.894 I/Ipcp_Client( 1852): <<<<< CLI-RCV-CB <<<<< cbCode:0, [198.18.32.17:50166] sid:0xa6(166), opId:0x7(7), opType:0x5(5), seqNr:1385(0x569-105), proc:0, dataType:0, length:17(17)
12-29 20:58:59.894 D/Ipcp_Client( 1852): callClientCallBack, add msg to client callback queue
12-29 20:58:59.894 I/Ipcp_Client( 1852): received_cb_client - OUT([198.18.32.17:50166])
12-29 20:58:59.894 I/Ipcp_Client( 1852): <<<<< CLI-JNI-CB <<<<< START - cbCode:0, [198.18.32.17:50166] sid:0xa6(166), opId:0x7(7), opType:0x5(5), seqNr:1385(0x569-105), proc:0, dataType:0, length:17
12-29 20:58:59.894 D/IPCP.Client( 1852): ClientCbData{mCbCode=0, serviceId=166, operationId=7, mSeqNr=1385, opType=5, dataType=0, proc=0, payloadLen=0, payload= 80 00 00 00 00 00 00 00 00 00 00 00 00 00 00 00 00}
12-29 20:58:59.894 I/Ipcp_Client( 1852): <<<<< CLI-JNI-CB <<<<<  END  - cbCode:0, [198.18.32.17:50166] sid:0xa6(166), opId:0x7(7), opType:0x5(5), seqNr:1385(0x569-105), proc:0, dataType:0, length:17
12-29 20:58:59.894 I/TCAMinfoImpl( 1711): uploadStatus = 1
12-29 20:58:59.894 I/Adapt_1_3_1202_Adapt-IpcpManager( 1826): onClientCallback funcKey = 10878983
12-29 20:58:59.895 I/Adapt_1_3_1202_Adapt-IpcpManager( 1826): ReceiveHandler RECEIVE_CLIENT funcKey = 10878983
12-29 20:58:59.895 I/Adapt_1_3_1202_Adapt-IpcpManager( 1826): callBackClientMsg funcKey = 10878983, mClientMsgMap.size() = 41
12-29 20:58:59.895 D/Adapt_1_3_1202_CarFuncImplSetting( 1826): handleIpcpDataChanged funckey:10878983
12-29 20:58:59.895 D/Adapt_1_3_1202_CarFuncImplSetting( 1826): IpcpContact.IPCP_SECROW_FACIALINFO_UPLOAD value: 1
12-29 20:58:59.895 D/AdaptB_1_3_1202_ICarFunctionImplService( 1826): handleIntPropChanged functionId:540191232 zone:0x80000000 value:1 pids: [3658]
12-29 20:58:59.895 D/AdaptL_3658_AdaptFuncManager( 3658): onFunctionValueChanged:540191232, zone = 0x80000000, value = 1
12-29 20:58:59.895 I/com.geely.pma.settings20241111_CarControlService( 3658): onFunctionValueChanged functionId: 540191232, zone: -2147483648, type: 1, value: 1
12-29 20:58:59.896 I/com.geely.pma.settings20241111_CarControlService( 3658): map size=1,hashCode=452551780865
12-29 20:58:59.896 I/com.geely.pma.settings20241111_CarControlService( 3658): callback get functionId: 540191232, zone: -2147483648, type: 1, dataSource: CALLBACK_VALUE, int value: 1 is same
12-29 20:58:59.902 I/AVMCombinedCameraDeviceSessionExtend(  540): CameraDeviceSession::handle current opened service id 2 request
12-29 20:58:59.902 W/ZeekrRenderEngine(  540): [cvFuncMutiHwBuf2RGB32H264@AI_CV_Func_Processor.cpp(421)] srcs[0] index: 1
12-29 20:58:59.902 W/ZeekrRenderEngine(  540): [cvFuncMutiHwBuf2RGB32H264@AI_CV_Func_Processor.cpp(421)] srcs[1] index: 6
12-29 20:58:59.902 W/ZeekrRenderEngine(  540): [cvFuncMutiHwBuf2RGB32H264@AI_CV_Func_Processor.cpp(421)] srcs[2] index: 11
12-29 20:58:59.902 W/ZeekrRenderEngine(  540): [cvFuncMutiHwBuf2RGB32H264@AI_CV_Func_Processor.cpp(421)] srcs[3] index: 16
12-29 20:58:59.902 D/[ZVS][155][2024-12-18]Base[1.0.7]AdasMapperImpl( 4083): onChange FaultListInfo [vUID = 4007;vOperation = 1] 
12-29 20:58:59.902 D/[ZVS][155][2024-12-18]Base[1.0.7]CacheHelper0( 4083):  set value 2response moduleName:adas,propertyName:FaultListInfo,extra:oneValue
12-29 20:58:59.902 I/AVMCombinedCameraDeviceSessionExtend(  540): after CVP_Func_MUTI_SRC_CROP_2_RGB32ENC 0927
12-29 20:58:59.903 I/SomeipAlertManager( 2994): mFaultObserver size:1
12-29 20:58:59.903 D/SomeipAlertManager( 2994): handlerSomeipAlarm not exist4007
12-29 20:58:59.906 D/AVMCombinedCameraDeviceSessionExtend(  540): notifyCaptureResult notify capture result, service id is:2, camera id is {8,9,10,11}
12-29 20:58:59.906 I/ZeekrCameraService( 3891): <CameraHalCallback>[zeekr_onCameraDataChangeNotify] msg_type 0, msg_content 26, size 11796480, format 26, cameralist size 4, memory addr 0x7355003188
12-29 20:58:59.906 I/Jni-Camera( 3891): <NanoImageUtil>[dumpInfo] format 7
12-29 20:58:59.906 I/Jni-Camera( 3891): <NanoImageUtil>[dumpInfo] width 1920
12-29 20:58:59.906 I/Jni-Camera( 3891): <NanoImageUtil>[dumpInfo] height 1536
12-29 20:58:59.906 I/Jni-Camera( 3891): <NanoImageUtil>[dumpInfo] size 11796480
12-29 20:58:59.906 I/Jni-Camera( 3891): <NanoImageUtil>[dumpInfo] channels 0
12-29 20:58:59.906 I/ZeekrCameraService( 3891): <ZeekrCameraHal>[zeekr_onCameraDataChangeNotify] image.size 11796480, msg.size 11796480
12-29 20:58:59.906 D/AlgoService( 3891): <CameraManager>[onCameraFrame] convert avm frame +
12-29 20:58:59.908 D/AlgoService( 3891): <CameraManager>[onCameraFrame] convert avm frame -
12-29 20:58:59.908 I/AlgoService( 3891): execute called, (1920x1536) format:7
12-29 20:58:59.908 I/AlgoService( 3891): <AlgoQueueMessage>[execute] monitor startSafety algo.
12-29 20:58:59.913 D/CarLocationManager( 4529): setProperty, propId: 0x102, area: 0x0, class: class [B, val: [B@c9ce373
12-29 20:58:59.913 I/CAR.PHS.LOCATION( 1569): setProperty mId=0x102 halId=0x21701010 areaId=0x0 status=0x0 bytes=[1, 31, -1, 1, 2, 0, 31, 1, -1, 7, 7, 1, -1, -1]
12-29 20:58:59.913 D/APTIV.VHAL.VPLAT(  369): Socket:TX=0x0508543000000000011fff0102001f01ff070701ffff
12-29 20:58:59.931 D/com.thunder.dotupapp(29121): 20 seconds timeout, should insert dot data into database
12-29 20:58:59.931 D/com.thunder.dotupapp(29121): No data in list, don't need insert into database
12-29 20:58:59.932 D/com.thunder.dotupapp(29121): After write db,current number is 0
12-29 20:58:59.934 D/CAR.HAL ( 1569): onPropertyEvent -> mServicesToDispatch.size: 1
12-29 20:58:59.934 D/CAR.PropertyHalService( 1569): onHalEvents mId=0x11600207 halId=0x11600207 areaId=0x0 status=0x0 timestamp=2369200095814 floatValues=[0.0]
12-29 20:58:59.934 I/AVMCombinedCameraDeviceSessionExtend(  540): CameraDeviceSession::handle current opened service id 2 request
12-29 20:58:59.939 D/AI-vad_Proxy( 4373): feed error not busy, return...
12-29 20:58:59.950 D/[ZVS][155][2024-12-18]Base[1.0.7]AdasMapperImpl( 4083): onChange FaultListInfo [vUID = 4007;vOperation = 0] 
12-29 20:58:59.950 D/[ZVS][155][2024-12-18]Base[1.0.7]CacheHelper0( 4083):  set value 2response moduleName:adas,propertyName:FaultListInfo,extra:oneValue
12-29 20:58:59.950 I/SomeipAlertManager( 2994): mFaultObserver size:1
12-29 20:58:59.952 D/AIN-PingWorker( 4373): list of delay : [219, 296]  optHost:  indexKey=duiopen.com
12-29 20:58:59.952 D/NetworkPolicy( 1235): 1000 is 7
12-29 20:58:59.952 D/AIN-PingWorker( 4373): call: ping task
12-29 20:58:59.953 D/resolv  (  451): GetAddrInfoHandler::run: {107 786539 107 983147 1000 0}
12-29 20:58:59.953 D/resolv  (  451): resolv_getaddrinfo: explore_fqdn(): ai_family=0 ai_socktype=1 ai_protocol=6
12-29 20:58:59.953 D/resolv  (  451): doQuery: (1, 1)
12-29 20:58:59.953 D/resolv  (  451): res_nmkquery: (QUERY, IN, A)
12-29 20:58:59.953 D/resolv  (  451): res_nsend
12-29 20:58:59.953 I/resolv  (  451): resolv_cache_lookup: lookup
12-29 20:58:59.953 I/resolv  (  451): resolv_cache_lookup: FOUND IN CACHE entry=0xb4000076733cef20
12-29 20:58:59.953 D/resolv  (  451): doQuery: rcode=0, ancount=1
12-29 20:58:59.953 I/ResolverController(  451): No valid NAT64 prefix (107, <unspecified>/0)
12-29 20:58:59.959 D/APTIV.VHAL.VPLAT(  369): Socket:RX=0x0c015b110000000000000000
12-29 20:58:59.959 D/APTIV.VHAL.PLATVHAL(  369): setPropertyFromVehicle success,doHalEvent:0x2260f1d4
12-29 20:58:59.968 I/AVMCombinedCameraDeviceSessionExtend(  540): CameraDeviceSession::handle current opened service id 2 request
12-29 20:58:59.969 W/ZeekrRenderEngine(  540): [cvFuncMutiHwBuf2RGB32H264@AI_CV_Func_Processor.cpp(421)] srcs[0] index: 3
12-29 20:58:59.969 W/ZeekrRenderEngine(  540): [cvFuncMutiHwBuf2RGB32H264@AI_CV_Func_Processor.cpp(421)] srcs[1] index: 8
12-29 20:58:59.969 W/ZeekrRenderEngine(  540): [cvFuncMutiHwBuf2RGB32H264@AI_CV_Func_Processor.cpp(421)] srcs[2] index: 13
12-29 20:58:59.969 W/ZeekrRenderEngine(  540): [cvFuncMutiHwBuf2RGB32H264@AI_CV_Func_Processor.cpp(421)] srcs[3] index: 18
12-29 20:58:59.969 I/AVMCombinedCameraDeviceSessionExtend(  540): after CVP_Func_MUTI_SRC_CROP_2_RGB32ENC 0927
12-29 20:58:59.972 D/AVMCombinedCameraDeviceSessionExtend(  540): notifyCaptureResult notify capture result, service id is:2, camera id is {8,9,10,11}
12-29 20:58:59.972 I/ZeekrCameraService( 3891): <CameraHalCallback>[zeekr_onCameraDataChangeNotify] msg_type 0, msg_content 26, size 11796480, format 26, cameralist size 4, memory addr 0x7355003188
12-29 20:58:59.972 I/Jni-Camera( 3891): <NanoImageUtil>[dumpInfo] format 7
12-29 20:58:59.972 I/Jni-Camera( 3891): <NanoImageUtil>[dumpInfo] width 1920
12-29 20:58:59.972 I/Jni-Camera( 3891): <NanoImageUtil>[dumpInfo] height 1536
12-29 20:58:59.972 I/Jni-Camera( 3891): <NanoImageUtil>[dumpInfo] size 11796480
12-29 20:58:59.972 I/Jni-Camera( 3891): <NanoImageUtil>[dumpInfo] channels 0
12-29 20:58:59.972 I/ZeekrCameraService( 3891): <ZeekrCameraHal>[zeekr_onCameraDataChangeNotify] image.size 11796480, msg.size 11796480
12-29 20:58:59.972 D/AlgoService( 3891): <CameraManager>[onCameraFrame] convert avm frame +
12-29 20:58:59.974 D/AlgoService( 3891): <CameraManager>[onCameraFrame] convert avm frame -
12-29 20:58:59.974 I/AlgoService( 3891): execute called, (1920x1536) format:7
12-29 20:58:59.974 I/AlgoService( 3891): <AlgoQueueMessage>[execute] monitor startSafety algo.
12-29 20:58:59.980 D/SomeipAlertManager( 2994): handlerSomeipAlarm not exist0
12-29 20:58:59.991 I/QC2Comp (  539): [avcD_30] Stats: Pending(2) i/p-done(2) Works: Q: 12/Done 11|Work-Rate: Q(0.0/s Avg=0.0/s) Done(0.000/s Avg=0.005/s)| Stream: 20.00fps 167.4Kbps
12-29 20:58:59.991 I/QC2Comp (  539): Mem-usage:  [In-1D - 4 bufs 27.000 MB] [1D-0 - 10 bufs 0.039 MB] [2D-17 - 18 bufs 39.797 MB]
12-29 20:58:59.991 I/QC2Comp (  539): Total Mem-usage: 66.836 MB
12-29 20:58:59.999 D/AdaptL_4529_AdaptFuncManager( 4529): setCustomizeFunctionValue, function=540114944, zone=0, funcValue=334.9242
12-29 20:58:59.999 D/AdaptB_1_3_1202_ICarFunctionImplService( 1826): setCustomizeFunctionValue2 functionId:540114944 zone:0x0 value:334.9242 pid:4529
