12-29 20:59:01.206 W/ActivityManager( 1235): Unable to start service Intent { act=android.bluetooth.IBluetoothA2dp pkg=android } U=0: not found
12-29 20:59:01.210 D/VersionPrinter( 4373): com.zeekr.speech.daemon- VersionName:[24.4.0_2025-01-03-15:29:44] - append:[] - active:[]
12-29 20:59:01.213 W/ContextImpl( 3248): Calling a method in the system process without a qualified user: android.app.ContextImpl.bindService:1912 android.content.ContextWrapper.bindService:812 com.zeekrlife.connect.core.manager.bluetooth.impl.BaseImpl.doBind:215 com.zeekrlife.connect.core.manager.bluetooth.impl.BaseImpl.checkBindService:178 com.zeekrlife.connect.core.manager.bluetooth.BluetoothProxyManager.checkService:96 
12-29 20:59:01.213 W/ActivityManager( 1235): Unable to start service Intent { act=android.bluetooth.IBluetoothHidHost pkg=android } U=0: not found
12-29 20:59:01.214 W/ActivityManager( 1235): Unable to start service Intent { act=android.bluetooth.IBluetoothHidHost pkg=android } U=0: not found
12-29 20:59:01.216 D/CarLocationManager( 4529): setProperty, propId: 0x102, area: 0x0, class: class [B, val: [B@8f53ff4
12-29 20:59:01.216 I/CAR.PHS.LOCATION( 1569): setProperty mId=0x102 halId=0x21701010 areaId=0x0 status=0x0 bytes=[1, 31, -1, 2, 2, 0, 31, 1, -1, 7, 7, 1, -1, -1]
12-29 20:59:01.216 D/APTIV.VHAL.VPLAT(  369): Socket:TX=0x0508543000000000011fff0202001f01ff070701ffff
12-29 20:59:01.235 I/AVMCombinedCameraDeviceSessionExtend(  540): CameraDeviceSession::handle current opened service id 2 request
12-29 20:59:01.235 W/ZeekrRenderEngine(  540): [cvFuncMutiHwBuf2RGB32H264@AI_CV_Func_Processor.cpp(421)] srcs[0] index: 1
12-29 20:59:01.235 W/ZeekrRenderEngine(  540): [cvFuncMutiHwBuf2RGB32H264@AI_CV_Func_Processor.cpp(421)] srcs[1] index: 6
12-29 20:59:01.235 W/ZeekrRenderEngine(  540): [cvFuncMutiHwBuf2RGB32H264@AI_CV_Func_Processor.cpp(421)] srcs[2] index: 11
12-29 20:59:01.235 W/ZeekrRenderEngine(  540): [cvFuncMutiHwBuf2RGB32H264@AI_CV_Func_Processor.cpp(421)] srcs[3] index: 16
12-29 20:59:01.235 I/AVMCombinedCameraDeviceSessionExtend(  540): after CVP_Func_MUTI_SRC_CROP_2_RGB32ENC 0927
12-29 20:59:01.238 D/CarLocationManager( 4529): setProperty, propId: 0x105, area: 0x0, class: class java.lang.Integer, val: 0
12-29 20:59:01.239 I/CAR.PHS.LOCATION( 1569): setProperty mId=0x105 halId=0x21401015 areaId=0x0 status=0x0 int32Values=[0]
12-29 20:59:01.239 D/APTIV.VHAL.VPLAT(  369): Socket:TX=0x0508543c0000000000000000
12-29 20:59:01.240 D/AVMCombinedCameraDeviceSessionExtend(  540): notifyCaptureResult notify capture result, service id is:2, camera id is {8,9,10,11}
12-29 20:59:01.240 I/ZeekrCameraService( 3891): <CameraHalCallback>[zeekr_onCameraDataChangeNotify] msg_type 0, msg_content 26, size 11796480, format 26, cameralist size 4, memory addr 0x7355003188
12-29 20:59:01.240 I/Jni-Camera( 3891): <NanoImageUtil>[dumpInfo] format 7
12-29 20:59:01.241 I/Jni-Camera( 3891): <NanoImageUtil>[dumpInfo] width 1920
12-29 20:59:01.241 I/Jni-Camera( 3891): <NanoImageUtil>[dumpInfo] height 1536
12-29 20:59:01.241 I/Jni-Camera( 3891): <NanoImageUtil>[dumpInfo] size 11796480
12-29 20:59:01.241 I/Jni-Camera( 3891): <NanoImageUtil>[dumpInfo] channels 0
12-29 20:59:01.241 I/ZeekrCameraService( 3891): <ZeekrCameraHal>[zeekr_onCameraDataChangeNotify] image.size 11796480, msg.size 11796480
12-29 20:59:01.241 D/AlgoService( 3891): <CameraManager>[onCameraFrame] convert avm frame +
12-29 20:59:01.242 W/ContextImpl( 3658): Calling a method in the system process without a qualified user: android.app.ContextImpl.bindService:1912 android.content.ContextWrapper.bindService:812 android.bluetooth.impl.BaseImpl.doBind:38 android.bluetooth.impl.BaseImpl.checkBindService:5 android.bluetooth.BluetoothProxyManager.checkService:43 
12-29 20:59:01.242 W/ActivityManager( 1235): Unable to start service Intent { act=android.bluetooth.IBluetoothHidHost pkg=android } U=0: not found
12-29 20:59:01.242 W/ActivityManager( 1235): Unable to start service Intent { act=android.bluetooth.IBluetoothA2dp pkg=android } U=0: not found
12-29 20:59:01.243 D/AlgoService( 3891): <CameraManager>[onCameraFrame] convert avm frame -
12-29 20:59:01.243 I/AlgoService( 3891): execute called, (1920x1536) format:7
12-29 20:59:01.243 I/AlgoService( 3891): <AlgoQueueMessage>[execute] monitor startSafety algo.
12-29 20:59:01.247 W/ActivityManager( 1235): Unable to start service Intent { act=android.bluetooth.IBluetoothA2dp pkg=android } U=0: not found
12-29 20:59:01.250 D/[ZVS][155][2024-12-18]Base[1.0.7]AdasMapperImpl( 4083): onChange FaultListInfo [vUID = 4007;vOperation = 0] 
12-29 20:59:01.250 D/[ZVS][155][2024-12-18]Base[1.0.7]CacheHelper0( 4083):  set value 2response moduleName:adas,propertyName:FaultListInfo,extra:oneValue
12-29 20:59:01.250 I/SomeipAlertManager( 2994): mFaultObserver size:1
12-29 20:59:01.269 I/AVMCombinedCameraDeviceSessionExtend(  540): CameraDeviceSession::handle current opened service id 2 request
12-29 20:59:01.269 W/ContextImpl( 3248): Calling a method in the system process without a qualified user: android.app.ContextImpl.bindService:1912 android.content.ContextWrapper.bindService:812 com.zeekrlife.connect.core.manager.bluetooth.impl.BaseImpl.doBind:215 com.zeekrlife.connect.core.manager.bluetooth.impl.BaseImpl.checkBindService:178 com.zeekrlife.connect.core.manager.bluetooth.BluetoothProxyManager.checkService:97 
12-29 20:59:01.270 W/ActivityManager( 1235): Unable to start service Intent { act=android.bluetooth.IBluetoothA2dp pkg=android } U=0: not found
12-29 20:59:01.274 I/libipcp ( 1852): socket_says_data_received: <<<<< RCV-DATA <<<<< [198.18.32.17:50177] sid:0xb1(177), opId:0x37(55), opType:0x6(6), senderHandleId:0xb137063b, seqNr:0x3b(59), proc:0, dataType:0, length:9(17)
12-29 20:59:01.274 D/libipcp ( 1852): socket_says_data_received: add to dispatch queue: 177 55 9 -1321793989 3 6 0 0
12-29 20:59:01.274 I/libipcp ( 1852): dispatch_handler: <<<<< DISPATCH <<<<< START - [198.18.32.17:50177] sid:0xb1(177), opId:0x37(55), opType:0x6(6), senderHandleId:0xb137063b, seqNr:0x3b(59), proc:0, dataType:0, length:9
12-29 20:59:01.274 D/libipcp ( 1852): handle_incoming_notification_cyc: xxx_enter handle_incoming_notification_cyc
12-29 20:59:01.274 D/libipcp ( 1852): build_work_item: xxx_enter build_work_item.
12-29 20:59:01.274 D/libipcp ( 1852): lookup_service_config: [2/19, 19/19] Found the config 0xb4000074b0c1d6b0 with the same sid:0xb1(177) and opid:0x37(55)!
12-29 20:59:01.274 D/libipcp ( 1852): build_work_item: xxx_enter build_work_item, add item to work thread queue
12-29 20:59:01.274 I/libipcp ( 1852): dispatch_handler: <<<<< DISPATCH <<<<<  END
12-29 20:59:01.275 I/Ipcp_Client( 1852): received_cb_client - IN([198.18.32.17:50177])
12-29 20:59:01.275 D/Ipcp_Client( 1852): IPCPClient find_client_mp_handler ok (sid:0xb1,handler:0xb400007440c22960)
12-29 20:59:01.275 I/Ipcp_Client( 1852): <<<<< CLI-RCV-CB <<<<< cbCode:0, [198.18.32.17:50177] sid:0xb1(177), opId:0x37(55), opType:0x6(6), seqNr:1595(0x63b-59), proc:0, dataType:0, length:1(1)
12-29 20:59:01.275 D/Ipcp_Client( 1852): callClientCallBack, add msg to client callback queue
12-29 20:59:01.275 I/Ipcp_Client( 1852): received_cb_client - OUT([198.18.32.17:50177])
12-29 20:59:01.275 I/Ipcp_Client( 1852): <<<<< CLI-JNI-CB <<<<< START - cbCode:0, [198.18.32.17:50177] sid:0xb1(177), opId:0x37(55), opType:0x6(6), seqNr:1595(0x63b-59), proc:0, dataType:0, length:1
12-29 20:59:01.275 D/IPCP.Client( 1852): ClientCbData{mCbCode=0, serviceId=177, operationId=55, mSeqNr=1595, opType=6, dataType=0, proc=0, payloadLen=0, payload= 40}
12-29 20:59:01.275 I/Ipcp_Client( 1852): <<<<< CLI-JNI-CB <<<<<  END  - cbCode:0, [198.18.32.17:50177] sid:0xb1(177), opId:0x37(55), opType:0x6(6), seqNr:1595(0x63b-59), proc:0, dataType:0, length:1
12-29 20:59:01.275 I/Adapt_1_3_1202_Adapt-IpcpManager( 1826): onClientCallback funcKey = 11599927
12-29 20:59:01.275 I/Adapt_1_3_1202_Adapt-IpcpManager( 1826): ReceiveHandler RECEIVE_CLIENT funcKey = 11599927
12-29 20:59:01.275 I/Adapt_1_3_1202_Adapt-IpcpManager( 1826): callBackClientMsg funcKey = 11599927, mClientMsgMap.size() = 41
12-29 20:59:01.275 D/Adapt_1_3_1202_AdaptInternalImplWifi( 1826): onClientDataCallback: funckey: 11599927
12-29 20:59:01.275 D/AdaptB_1_3_1202_IB_AdaptInternalImplWifi( 1826): onInternalServiceDataEvent->onInternalServiceDataEvent: domain = Adapt-Wifi, ifname = adaptservice.out.to.adaptlib, msgId = IPCP_SIMCARD_TYPE_STATUS, data = {"SIMCARDTYPE":2}
12-29 20:59:01.275 D/AdaptB_1_3_1202_AdaptInternalImplService( 1826): onInternalServiceDataEvent ifname: adaptservice.out.to.adaptlib, msgId: IPCP_SIMCARD_TYPE_STATUS, data: {"SIMCARDTYPE":2}
12-29 20:59:01.275 D/AdaptL_2687_AdaptInternalManager( 2687): onInternalDataEvent domain = Adapt-Wifi, ifname = adaptservice.out.to.adaptlib, msgId = IPCP_SIMCARD_TYPE_STATUS, data = {"SIMCARDTYPE":2}
12-29 20:59:01.275 D/AdaptL_1942_AdaptInternalManager( 1942): onInternalDataEvent domain = Adapt-Wifi, ifname = adaptservice.out.to.adaptlib, msgId = IPCP_SIMCARD_TYPE_STATUS, data = {"SIMCARDTYPE":2}
12-29 20:59:01.275 D/AdaptL_3126_AdaptInternalManager( 3126): onInternalDataEvent domain = Adapt-Wifi, ifname = adaptservice.out.to.adaptlib, msgId = IPCP_SIMCARD_TYPE_STATUS, data = {"SIMCARDTYPE":2}
12-29 20:59:01.275 D/AdaptL_4068_AdaptInternalManager( 4068): onInternalDataEvent domain = Adapt-Wifi, ifname = adaptservice.out.to.adaptlib, msgId = IPCP_SIMCARD_TYPE_STATUS, data = {"SIMCARDTYPE":2}
12-29 20:59:01.275 D/AdaptL_3637_AdaptInternalManager( 3637): onInternalDataEvent domain = Adapt-Wifi, ifname = adaptservice.out.to.adaptlib, msgId = IPCP_SIMCARD_TYPE_STATUS, data = {"SIMCARDTYPE":2}
12-29 20:59:01.275 D/AdaptL_2884_AdaptInternalManager( 2884): onInternalDataEvent domain = Adapt-Wifi, ifname = adaptservice.out.to.adaptlib, msgId = IPCP_SIMCARD_TYPE_STATUS, data = {"SIMCARDTYPE":2}
12-29 20:59:01.275 D/AdaptB_1_3_1202_AdaptInternalImplService( 1826): onInternalServiceDataEvent pids:[2687, 1942, 3126, 4068, 3637, 8259, 2884, 3658, 4529, 1977, 7733] domain:Adapt-Wifi ifname:adaptservice.out.to.adaptlib msgId:IPCP_SIMCARD_TYPE_STATUS
12-29 20:59:01.275 D/AdaptL_2687_WifiApHostImpl( 2687): notifySIMTypeStatus simtype: 2
12-29 20:59:01.276 D/AdaptL_4068_WifiApHostImpl( 4068): notifySIMTypeStatus simtype: 2
12-29 20:59:01.276 D/AdaptL_3126_WifiApHostImpl( 3126): notifySIMTypeStatus simtype: 2
12-29 20:59:01.276 D/AdaptL_7733_AdaptInternalManager( 7733): onInternalDataEvent domain = Adapt-Wifi, ifname = adaptservice.out.to.adaptlib, msgId = IPCP_SIMCARD_TYPE_STATUS, data = {"SIMCARDTYPE":2}
12-29 20:59:01.276 D/AdaptL_2687_WifiApHostImpl( 2687): notifySIMTypeStatus simtype: 2
12-29 20:59:01.276 D/AdaptL_8259_AdaptInternalManager( 8259): onInternalDataEvent domain = Adapt-Wifi, ifname = adaptservice.out.to.adaptlib, msgId = IPCP_SIMCARD_TYPE_STATUS, data = {"SIMCARDTYPE":2}
12-29 20:59:01.276 D/AdaptL_3658_AdaptInternalManager( 3658): onInternalDataEvent domain = Adapt-Wifi, ifname = adaptservice.out.to.adaptlib, msgId = IPCP_SIMCARD_TYPE_STATUS, data = {"SIMCARDTYPE":2}
12-29 20:59:01.276 D/AdaptL_2884_WifiApHostImpl( 2884): notifySIMTypeStatus simtype: 2
12-29 20:59:01.276 D/AdaptL_2687_WifiApHostImpl( 2687): notifySIMTypeStatus simtype: 2
12-29 20:59:01.276 D/[ZHK][85]( 2687): [AdapterApiWifiManager]---> on sim type status->2
12-29 20:59:01.276 I/AdaptL_2687_AdaptAPI.Device( 2687): persist.sys.vehiclecode = CS1E
12-29 20:59:01.276 D/AdaptL_3658_WifiApHostImpl( 3658): notifySIMTypeStatus simtype: 2
12-29 20:59:01.276 I/AdaptL_2687_AdaptAPI.Device( 2687): getVehicleType SystemProperties vehicleType-->CS1E
12-29 20:59:01.276 D/AdaptL_7733_WifiApHostImpl( 7733): notifySIMTypeStatus simtype: 2
12-29 20:59:01.276 D/AdaptL_1942_WifiApHostImpl( 1942): notifySIMTypeStatus simtype: 2
12-29 20:59:01.276 I/[ZHK]   ( 2687): [[Restrict]DetermineManager]---> force trans sim type, vehicle type->CS1E, sim type ->2
12-29 20:59:01.276 D/AdaptL_4529_AdaptInternalManager( 4529): onInternalDataEvent domain = Adapt-Wifi, ifname = adaptservice.out.to.adaptlib, msgId = IPCP_SIMCARD_TYPE_STATUS, data = {"SIMCARDTYPE":2}
12-29 20:59:01.276 D/[ZHK][85]( 2687): [[Restrict]DetermineManager]---> vehicle type is white, do nothing.
12-29 20:59:01.276 I/[ZHK]   ( 2687): [[Restrict]DetermineManager]---> simType change, sim type...o->2, n->2, no change & do nothing
12-29 20:59:01.276 D/AdaptL_3658_WifiApHostImpl( 3658): notifySIMTypeStatus simtype: 2
12-29 20:59:01.276 D/AdaptL_3637_WifiApHostImpl( 3637): notifySIMTypeStatus simtype: 2
12-29 20:59:01.276 D/AdaptL_1977_AdaptInternalManager( 1977): onInternalDataEvent domain = Adapt-Wifi, ifname = adaptservice.out.to.adaptlib, msgId = IPCP_SIMCARD_TYPE_STATUS, data = {"SIMCARDTYPE":2}
12-29 20:59:01.276 D/AdaptL_8259_WifiApHostImpl( 8259): notifySIMTypeStatus simtype: 2
12-29 20:59:01.276 D/AdaptL_4529_WifiApHostImpl( 4529): notifySIMTypeStatus simtype: 2
12-29 20:59:01.276 D/AdaptL_1977_WifiApHostImpl( 1977): notifySIMTypeStatus simtype: 2
12-29 20:59:01.276 D/AdaptL_1977_WifiApHostImpl( 1977): notifySIMTypeStatus simtype: 2
12-29 20:59:01.283 D/SomeipAlertManager( 2994): handlerSomeipAlarm not exist0
12-29 20:59:01.292 I/IPLM_Impl(  820): doReceive, recevied IP_activity from ECU [VGM] [ip:198.18.32.1], recvSize is 20
12-29 20:59:01.292 I/IPLM_Impl(  820): handleRequestData, ecuNode: [VGM], action: 0xf, priority: 0, function: 0
12-29 20:59:01.292 D/AdaptL_3658_AdaptInternalManager( 3658): set domain = Adapt-Privatelock, msgId = MSGID_CALLBACK_PRIVATE_LOCK_STATUS, jsonString{"position":48,"activate":false,"REASON":0,"ISCYCLE":true}
12-29 20:59:01.292 I/AdaptB_1_3_1202_AdaptInternalImplService( 1826): set pid:0 domain:Adapt-Privatelock msgId:MSGID_CALLBACK_PRIVATE_LOCK_STATUS
12-29 20:59:01.292 I/Adapt_1_3_1202_AdaptInternalImplPrivateLock( 1826): setMsg:domainAdapt-Privatelock msgId MSGID_CALLBACK_PRIVATE_LOCK_STATUS jsonString {"position":48,"activate":false,"REASON":0,"ISCYCLE":true}
12-29 20:59:01.292 I/Adapt_1_3_1202_Adapt-IpcpManager( 1826): serverSendCicleMsg funcKey = 12124163
12-29 20:59:01.293 D/IPCP.ServerManager( 1852): functionid : 0xb90003  doNotifyCicle
12-29 20:59:01.293 I/ipcptest( 1852): seqNrPlus operationid before: functionid : 0x002e 
12-29 20:59:01.293 I/ipcptest( 1852): seqNrPlus operationid after: functionid : 0x002f 
12-29 20:59:01.293 I/Ipcp_Server( 1852): Java_ipcp_native_1nativeServerNotificationMessage - IN, sid:0xb9(185)
12-29 20:59:01.293 D/Ipcp_Server( 1852): IPCPServer find_server_mp_handler ok (sid:0xb9,handler:0xb400007440c329f0)
12-29 20:59:01.293 D/Ipcp_Server( 1852): IPCPServer NotificationMessage In!
12-29 20:59:01.293 I/Ipcp_Server( 1852): >>>>> SVR-JNI-SND >>>>> sid:0xb9(185), opId:0x3(3), opType:0x6(6), seqNr:1583(0x62f-47), proc:0, dataType:0, payloadLen:2(2,2)
12-29 20:59:01.293 D/libvintf(  310): HalManifest::getHidlTransport(framework): Cannot find vendor.zeekr.hardware.iplm@1.0::IIplm/default
12-29 20:59:01.294 I/IPLM_Impl(  820): getRGState, get 0x2-[RG-1] state - success, state:1
12-29 20:59:01.294 I/IPLM_MANAGER( 1852): GetRGState, sid:0xb9(185), rgIndex:2, rgState:1
12-29 20:59:01.294 I/libipcp ( 1852): sanity_upper_msg: opType = [6], opTypeInSenderHandleId = [6]
12-29 20:59:01.294 I/libipcp ( 1852): ipcp_send: >>>>> IPCP-SND >>>>> [198.18.32.17:50185] sid:0xb9(185), opId:0x3(3), opType:0x6(6), senderHandleId:0xb903062f, seqNr:0x2f(47), proc:0, dataType:0, length:10
12-29 20:59:01.294 D/libipcp ( 1852): lookup_service_config: [13/19, 3/5] Found the config 0xb4000074b0c1b4f0 with the same sid:0xb9(185) and opid:0x3(3)!
12-29 20:59:01.294 D/Ipcp_Impl( 1852): notificationMessage ipcp success!
12-29 20:59:01.294 D/Ipcp_Server( 1852): IPCPServer NotificationMessage Out!
12-29 20:59:01.294 I/Ipcp_Server( 1852): Java_ipcp_native_1nativeServerNotificationMessage - OUT, sid:0xb9(185), ret:1
12-29 20:59:01.294 I/libipcp ( 1852): ipcp_do_xmit: >>>>> DO-XMIT >>>>> [198.18.32.17:50185] sid:0xb9(185), opId:0x3(3), opType:0x6(6), senderHandleId:0xb903062f, seqNr:0x2f(47), proc:0, dataType:0, length:10
12-29 20:59:01.294 D/libipcp ( 1852): ipcp_do_xmit: ipcp_do_xmit others
12-29 20:59:01.294 D/libipcp ( 1852): lookup_service_config: [13/19, 3/5] Found the config 0xb4000074b0c1b4f0 with the same sid:0xb9(185) and opid:0x3(3)!
12-29 20:59:01.294 I/libipcp ( 1852): ipcp_transport_send: [10.1.2.6:50185] -> [198.18.32.17:50185]
12-29 20:59:01.294 I/IPCP.Server( 1852): sendServerMessage truemsgInfo: IpcpMsgInfo{header=IpcpMsgHeader{serviceId=185, operationId=3, seqNr=1583, opType=6, dataType=0}, len=2, payload= 22 00}
12-29 20:59:01.294 I/ipcp_osi_socket( 1852): >>>>> UDP-SND >>>>> fd:193, [198.18.32.17:50185], dataSize:18, sendLen:18
12-29 20:59:01.294 I/libipcp ( 1852): ipcp_do_xmit: ipcp_do_xmit release the sent ACK packet
12-29 20:59:01.294 E/libipcp ( 1852): free_retry_ineffective_packet: Retry list is null or empty
12-29 20:59:01.294 E/libipcp ( 1852): free_wfa_completed_packet: WFA list is null or empty
12-29 20:59:01.294 I/libipcp ( 1852): ipcp_do_xmit: ipcp_do_xmit out(sentLen:18)
12-29 20:59:01.302 D/[ZVS][155][2024-12-18]Base[1.0.7]AdasMapperImpl( 4083): onChange FaultListInfo [vUID = 4007;vOperation = 1] 
12-29 20:59:01.302 D/[ZVS][155][2024-12-18]Base[1.0.7]CacheHelper0( 4083):  set value 2response moduleName:adas,propertyName:FaultListInfo,extra:oneValue
12-29 20:59:01.302 I/AVMCombinedCameraDeviceSessionExtend(  540): CameraDeviceSession::handle current opened service id 2 request
12-29 20:59:01.302 W/ZeekrRenderEngine(  540): [cvFuncMutiHwBuf2RGB32H264@AI_CV_Func_Processor.cpp(421)] srcs[0] index: 3
12-29 20:59:01.302 W/ZeekrRenderEngine(  540): [cvFuncMutiHwBuf2RGB32H264@AI_CV_Func_Processor.cpp(421)] srcs[1] index: 8
12-29 20:59:01.302 W/ZeekrRenderEngine(  540): [cvFuncMutiHwBuf2RGB32H264@AI_CV_Func_Processor.cpp(421)] srcs[2] index: 13
12-29 20:59:01.302 W/ZeekrRenderEngine(  540): [cvFuncMutiHwBuf2RGB32H264@AI_CV_Func_Processor.cpp(421)] srcs[3] index: 18
12-29 20:59:01.302 I/SomeipAlertManager( 2994): mFaultObserver size:1
12-29 20:59:01.302 D/SomeipAlertManager( 2994): handlerSomeipAlarm not exist4007
12-29 20:59:01.302 I/AVMCombinedCameraDeviceSessionExtend(  540): after CVP_Func_MUTI_SRC_CROP_2_RGB32ENC 0927
12-29 20:59:01.304 D/AVMCombinedCameraDeviceSessionExtend(  540): notifyCaptureResult notify capture result, service id is:2, camera id is {8,9,10,11}
12-29 20:59:01.304 I/ZeekrCameraService( 3891): <CameraHalCallback>[zeekr_onCameraDataChangeNotify] msg_type 0, msg_content 26, size 11796480, format 26, cameralist size 4, memory addr 0x7355003188
12-29 20:59:01.304 I/Jni-Camera( 3891): <NanoImageUtil>[dumpInfo] format 7
12-29 20:59:01.304 I/Jni-Camera( 3891): <NanoImageUtil>[dumpInfo] width 1920
12-29 20:59:01.304 I/Jni-Camera( 3891): <NanoImageUtil>[dumpInfo] height 1536
12-29 20:59:01.304 I/Jni-Camera( 3891): <NanoImageUtil>[dumpInfo] size 11796480
12-29 20:59:01.304 I/Jni-Camera( 3891): <NanoImageUtil>[dumpInfo] channels 0
12-29 20:59:01.304 I/ZeekrCameraService( 3891): <ZeekrCameraHal>[zeekr_onCameraDataChangeNotify] image.size 11796480, msg.size 11796480
12-29 20:59:01.304 D/AlgoService( 3891): <CameraManager>[onCameraFrame] convert avm frame +
12-29 20:59:01.308 D/AlgoService( 3891): <CameraManager>[onCameraFrame] convert avm frame -
12-29 20:59:01.308 I/AlgoService( 3891): execute called, (1920x1536) format:7
12-29 20:59:01.308 I/AlgoService( 3891): <AlgoQueueMessage>[execute] monitor startSafety algo.
12-29 20:59:01.316 D/CarLocationManager( 4529): setProperty, propId: 0x102, area: 0x0, class: class [B, val: [B@4a0c31d
12-29 20:59:01.316 I/CAR.PHS.LOCATION( 1569): setProperty mId=0x102 halId=0x21701010 areaId=0x0 status=0x0 bytes=[1, 31, -1, 3, 2, 0, 31, 1, -1, 7, 7, 1, -1, -1]
12-29 20:59:01.317 D/APTIV.VHAL.VPLAT(  369): Socket:TX=0x0508543000000000011fff0302001f01ff070701ffff
12-29 20:59:01.333 D/CAR.HAL ( 1569): onPropertyEvent -> mServicesToDispatch.size: 1
12-29 20:59:01.333 D/CAR.PropertyHalService( 1569): onHalEvents mId=0x11600207 halId=0x11600207 areaId=0x0 status=0x0 timestamp=2370600060136 floatValues=[0.0]
12-29 20:59:01.335 I/AVMCombinedCameraDeviceSessionExtend(  540): CameraDeviceSession::handle current opened service id 2 request
12-29 20:59:01.349 D/AIN-DuiSpeechHawk( 4373): isSpeechReady:true, true
12-29 20:59:01.349 D/AIN-NaviLocationPresenter( 4373): reportLocation: true
12-29 20:59:01.349 D/NaviLocationPresenter( 4373): uploadLocation:{"useIP":0,"city":"","latitude":53.92661555555556,"longitude":27.692487222222223,"time":"2025-12-29T20:59:01+0800"}, isAccOn=true
12-29 20:59:01.349 W/AIN-NaviLocationPresenter( 4373): >>> error ! not got lat/lng only upload ip locate close. lat = 53.92661555555556,lng = 27.692487222222223
12-29 20:59:01.349 D/[ZVS][155][2024-12-18]Base[1.0.7]AdasMapperImpl( 4083): onChange FaultListInfo [vUID = 4007;vOperation = 0] 
12-29 20:59:01.349 D/[ZVS][155][2024-12-18]Base[1.0.7]CacheHelper0( 4083):  set value 2response moduleName:adas,propertyName:FaultListInfo,extra:oneValue
12-29 20:59:01.350 I/SomeipAlertManager( 2994): mFaultObserver size:1
12-29 20:59:01.359 D/APTIV.VHAL.VPLAT(  369): Socket:RX=0x0c015b110000000000000000
12-29 20:59:01.359 D/APTIV.VHAL.PLATVHAL(  369): setPropertyFromVehicle success,doHalEvent:0x2260f1d4
12-29 20:59:01.364 D/APTIV.VHAL.VPLAT(  369): Socket:RX=0x0c01ca510000000035000000
12-29 20:59:01.364 D/APTIV.VHAL.PLATVHAL(  369): setPropertyFromVehicle success,doHalEvent:0x2140f399
12-29 20:59:01.369 I/AVMCombinedCameraDeviceSessionExtend(  540): CameraDeviceSession::handle current opened service id 2 request
12-29 20:59:01.370 W/ZeekrRenderEngine(  540): [cvFuncMutiHwBuf2RGB32H264@AI_CV_Func_Processor.cpp(421)] srcs[0] index: 0
12-29 20:59:01.370 W/ZeekrRenderEngine(  540): [cvFuncMutiHwBuf2RGB32H264@AI_CV_Func_Processor.cpp(421)] srcs[1] index: 5
12-29 20:59:01.370 W/ZeekrRenderEngine(  540): [cvFuncMutiHwBuf2RGB32H264@AI_CV_Func_Processor.cpp(421)] srcs[2] index: 10
12-29 20:59:01.370 W/ZeekrRenderEngine(  540): [cvFuncMutiHwBuf2RGB32H264@AI_CV_Func_Processor.cpp(421)] srcs[3] index: 15
12-29 20:59:01.370 I/AVMCombinedCameraDeviceSessionExtend(  540): after CVP_Func_MUTI_SRC_CROP_2_RGB32ENC 0927
12-29 20:59:01.373 D/AVMCombinedCameraDeviceSessionExtend(  540): notifyCaptureResult notify capture result, service id is:2, camera id is {8,9,10,11}
12-29 20:59:01.373 I/ZeekrCameraService( 3891): <CameraHalCallback>[zeekr_onCameraDataChangeNotify] msg_type 0, msg_content 26, size 11796480, format 26, cameralist size 4, memory addr 0x7355003188
12-29 20:59:01.373 I/Jni-Camera( 3891): <NanoImageUtil>[dumpInfo] format 7
12-29 20:59:01.374 I/Jni-Camera( 3891): <NanoImageUtil>[dumpInfo] width 1920
12-29 20:59:01.374 I/Jni-Camera( 3891): <NanoImageUtil>[dumpInfo] height 1536
12-29 20:59:01.374 I/Jni-Camera( 3891): <NanoImageUtil>[dumpInfo] size 11796480
12-29 20:59:01.374 I/Jni-Camera( 3891): <NanoImageUtil>[dumpInfo] channels 0
12-29 20:59:01.374 I/ZeekrCameraService( 3891): <ZeekrCameraHal>[zeekr_onCameraDataChangeNotify] image.size 11796480, msg.size 11796480
12-29 20:59:01.374 D/AlgoService( 3891): <CameraManager>[onCameraFrame] convert avm frame +
12-29 20:59:01.375 D/AlgoService( 3891): <CameraManager>[onCameraFrame] convert avm frame -
12-29 20:59:01.375 I/AlgoService( 3891): execute called, (1920x1536) format:7
12-29 20:59:01.375 I/AlgoService( 3891): <AlgoQueueMessage>[execute] monitor startSafety algo.
12-29 20:59:01.380 D/AIN-PingWorker( 4373): list of delay : [219, 425]  optHost:  indexKey=log.aispeech.com
12-29 20:59:01.380 D/NetworkPolicy( 1235): 1000 is 7
12-29 20:59:01.380 D/AIN-PingWorker( 4373): call: ping task
12-29 20:59:01.380 D/resolv  (  451): GetAddrInfoHandler::run: {107 786539 107 983147 1000 0}
12-29 20:59:01.380 D/resolv  (  451): resolv_getaddrinfo: explore_fqdn(): ai_family=0 ai_socktype=1 ai_protocol=6
12-29 20:59:01.381 D/resolv  (  451): doQuery: (1, 1)
12-29 20:59:01.381 D/resolv  (  451): res_nmkquery: (QUERY, IN, A)
12-29 20:59:01.381 D/resolv  (  451): res_nsend
12-29 20:59:01.381 I/resolv  (  451): resolv_cache_lookup: lookup
12-29 20:59:01.381 I/resolv  (  451): resolv_cache_lookup: FOUND IN CACHE entry=0xb4000076833d1f10
12-29 20:59:01.381 D/resolv  (  451): doQuery: rcode=0, ancount=1
12-29 20:59:01.381 I/ResolverController(  451): No valid NAT64 prefix (107, <unspecified>/0)
12-29 20:59:01.384 D/SomeipAlertManager( 2994): handlerSomeipAlarm not exist0
12-29 20:59:01.401 I/AVMCombinedCameraDeviceSessionExtend(  540): CameraDeviceSession::handle current opened service id 2 request
12-29 20:59:01.402 D/[ZVS][155][2024-12-18]Base[1.0.7]AdasMapperImpl( 4083): onChange FaultListInfo [vUID = 4007;vOperation = 1] 
12-29 20:59:01.402 D/[ZVS][155][2024-12-18]Base[1.0.7]CacheHelper0( 4083):  set value 2response moduleName:adas,propertyName:FaultListInfo,extra:oneValue
12-29 20:59:01.403 I/SomeipAlertManager( 2994): mFaultObserver size:1
12-29 20:59:01.403 D/SomeipAlertManager( 2994): handlerSomeipAlarm not exist4007
12-29 20:59:01.416 D/CarLocationManager( 4529): setProperty, propId: 0x102, area: 0x0, class: class [B, val: [B@9541992
12-29 20:59:01.417 I/CAR.PHS.LOCATION( 1569): setProperty mId=0x102 halId=0x21701010 areaId=0x0 status=0x0 bytes=[1, 31, -1, 0, 2, 0, 31, 1, -1, 7, 7, 1, -1, -1]
12-29 20:59:01.417 D/APTIV.VHAL.VPLAT(  369): Socket:TX=0x0508543000000000011fff0002001f01ff070701ffff
12-29 20:59:01.435 I/AVMCombinedCameraDeviceSessionExtend(  540): CameraDeviceSession::handle current opened service id 2 request
12-29 20:59:01.435 W/ZeekrRenderEngine(  540): [cvFuncMutiHwBuf2RGB32H264@AI_CV_Func_Processor.cpp(421)] srcs[0] index: 2
12-29 20:59:01.435 W/ZeekrRenderEngine(  540): [cvFuncMutiHwBuf2RGB32H264@AI_CV_Func_Processor.cpp(421)] srcs[1] index: 7
12-29 20:59:01.435 W/ZeekrRenderEngine(  540): [cvFuncMutiHwBuf2RGB32H264@AI_CV_Func_Processor.cpp(421)] srcs[2] index: 12
12-29 20:59:01.435 W/ZeekrRenderEngine(  540): [cvFuncMutiHwBuf2RGB32H264@AI_CV_Func_Processor.cpp(421)] srcs[3] index: 17
12-29 20:59:01.435 I/AVMCombinedCameraDeviceSessionExtend(  540): after CVP_Func_MUTI_SRC_CROP_2_RGB32ENC 0927
12-29 20:59:01.438 D/AVMCombinedCameraDeviceSessionExtend(  540): notifyCaptureResult notify capture result, service id is:2, camera id is {8,9,10,11}
12-29 20:59:01.438 I/ZeekrCameraService( 3891): <CameraHalCallback>[zeekr_onCameraDataChangeNotify] msg_type 0, msg_content 26, size 11796480, format 26, cameralist size 4, memory addr 0x7355003188
12-29 20:59:01.439 I/Jni-Camera( 3891): <NanoImageUtil>[dumpInfo] format 7
12-29 20:59:01.439 I/Jni-Camera( 3891): <NanoImageUtil>[dumpInfo] width 1920
12-29 20:59:01.439 I/Jni-Camera( 3891): <NanoImageUtil>[dumpInfo] height 1536
12-29 20:59:01.439 I/Jni-Camera( 3891): <NanoImageUtil>[dumpInfo] size 11796480
12-29 20:59:01.439 I/Jni-Camera( 3891): <NanoImageUtil>[dumpInfo] channels 0
12-29 20:59:01.439 I/ZeekrCameraService( 3891): <ZeekrCameraHal>[zeekr_onCameraDataChangeNotify] image.size 11796480, msg.size 11796480
12-29 20:59:01.439 D/AlgoService( 3891): <CameraManager>[onCameraFrame] convert avm frame +
12-29 20:59:01.441 D/AlgoService( 3891): <CameraManager>[onCameraFrame] convert avm frame -
12-29 20:59:01.442 I/AlgoService( 3891): execute called, (1920x1536) format:7
12-29 20:59:01.442 I/AlgoService( 3891): <AlgoQueueMessage>[execute] monitor startSafety algo.
12-29 20:59:01.450 D/[ZVS][155][2024-12-18]Base[1.0.7]AdasMapperImpl( 4083): onChange FaultListInfo [vUID = 4007;vOperation = 0] 
12-29 20:59:01.450 D/[ZVS][155][2024-12-18]Base[1.0.7]CacheHelper0( 4083):  set value 2response moduleName:adas,propertyName:FaultListInfo,extra:oneValue
12-29 20:59:01.450 I/SomeipAlertManager( 2994): mFaultObserver size:1
12-29 20:59:01.455 D/NetworkPolicy( 1235): 10070 is allowed by default
12-29 20:59:01.455 D/NetworkPolicy( 1235): 10070 is allowed by default
12-29 20:59:01.469 I/AVMCombinedCameraDeviceSessionExtend(  540): CameraDeviceSession::handle current opened service id 2 request
12-29 20:59:01.484 D/SomeipAlertManager( 2994): handlerSomeipAlarm not exist0
12-29 20:59:01.501 I/AVMCombinedCameraDeviceSessionExtend(  540): CameraDeviceSession::handle current opened service id 2 request
12-29 20:59:01.501 W/ZeekrRenderEngine(  540): [cvFuncMutiHwBuf2RGB32H264@AI_CV_Func_Processor.cpp(421)] srcs[0] index: 4
12-29 20:59:01.501 W/ZeekrRenderEngine(  540): [cvFuncMutiHwBuf2RGB32H264@AI_CV_Func_Processor.cpp(421)] srcs[1] index: 9
12-29 20:59:01.501 W/ZeekrRenderEngine(  540): [cvFuncMutiHwBuf2RGB32H264@AI_CV_Func_Processor.cpp(421)] srcs[2] index: 14
12-29 20:59:01.501 W/ZeekrRenderEngine(  540): [cvFuncMutiHwBuf2RGB32H264@AI_CV_Func_Processor.cpp(421)] srcs[3] index: 19
12-29 20:59:01.502 I/AVMCombinedCameraDeviceSessionExtend(  540): after CVP_Func_MUTI_SRC_CROP_2_RGB32ENC 0927
12-29 20:59:01.502 D/AdaptL_4529_AdaptFuncManager( 4529): setCustomizeFunctionValue, function=540114944, zone=0, funcValue=334.9242
12-29 20:59:01.502 D/AdaptB_1_3_1202_ICarFunctionImplService( 1826): setCustomizeFunctionValue2 functionId:540114944 zone:0x0 value:334.9242 pid:4529
12-29 20:59:01.502 D/AdaptB_1_3_1202_FB_CarFuncImplSetting( 1826): setFloatProperty mode = 1, propId = 0x2160f490, funcId = 540114944, areaId = 0x0, val = 334.9242
12-29 20:59:01.502 D/[ZVS][155][2024-12-18]Base[1.0.7]AdasMapperImpl( 4083): onChange FaultListInfo [vUID = 4007;vOperation = 1] 
12-29 20:59:01.503 D/[ZVS][155][2024-12-18]Base[1.0.7]CacheHelper0( 4083):  set value 2response moduleName:adas,propertyName:FaultListInfo,extra:oneValue
12-29 20:59:01.503 D/CAR.PropertyHalService( 1569): setProperty mId=0x2160f490 halId=0x2160f490 areaId=0x0 status=0x0 timestamp=0 floatValues=[334.9242]
12-29 20:59:01.503 I/SomeipAlertManager( 2994): mFaultObserver size:1
12-29 20:59:01.503 D/SomeipAlertManager( 2994): handlerSomeipAlarm not exist4007
12-29 20:59:01.504 D/APTIV.VHAL.VPLAT(  369): Socket:TX=0x0508caac00000000fa1a3300
12-29 20:59:01.505 D/AVMCombinedCameraDeviceSessionExtend(  540): notifyCaptureResult notify capture result, service id is:2, camera id is {8,9,10,11}
12-29 20:59:01.506 I/ZeekrCameraService( 3891): <CameraHalCallback>[zeekr_onCameraDataChangeNotify] msg_type 0, msg_content 26, size 11796480, format 26, cameralist size 4, memory addr 0x7355003188
12-29 20:59:01.506 I/Jni-Camera( 3891): <NanoImageUtil>[dumpInfo] format 7
12-29 20:59:01.506 I/Jni-Camera( 3891): <NanoImageUtil>[dumpInfo] width 1920
12-29 20:59:01.506 I/Jni-Camera( 3891): <NanoImageUtil>[dumpInfo] height 1536
12-29 20:59:01.506 I/Jni-Camera( 3891): <NanoImageUtil>[dumpInfo] size 11796480
12-29 20:59:01.506 I/Jni-Camera( 3891): <NanoImageUtil>[dumpInfo] channels 0
12-29 20:59:01.506 I/ZeekrCameraService( 3891): <ZeekrCameraHal>[zeekr_onCameraDataChangeNotify] image.size 11796480, msg.size 11796480
12-29 20:59:01.506 D/AlgoService( 3891): <CameraManager>[onCameraFrame] convert avm frame +
12-29 20:59:01.507 I/keystore2(  367): keystore2::watchdog: Watchdog thread idle -> terminating. Have a great day.
12-29 20:59:01.507 D/AlgoService( 3891): <CameraManager>[onCameraFrame] convert avm frame -
12-29 20:59:01.508 I/AlgoService( 3891): execute called, (1920x1536) format:7
12-29 20:59:01.508 I/AlgoService( 3891): <AlgoQueueMessage>[execute] monitor startSafety algo.
12-29 20:59:01.508 D/SafeStart( 3891): start executeDetect 
12-29 20:59:01.508 D/SafeStart( 3891): after frame_rgba
12-29 20:59:01.509 D/SafeStart( 3891): after cvtColor
12-29 20:59:01.511 D/SafeStart( 3891): PreProcess 2385 time: 12.717000 ms
12-29 20:59:01.516 D/CarLocationManager( 4529): setProperty, propId: 0x102, area: 0x0, class: class [B, val: [B@1858f63
12-29 20:59:01.516 I/CAR.PHS.LOCATION( 1569): setProperty mId=0x102 halId=0x21701010 areaId=0x0 status=0x0 bytes=[1, 31, -1, 1, 2, 0, 31, 1, -1, 7, 7, 1, -1, -1]
12-29 20:59:01.517 D/APTIV.VHAL.VPLAT(  369): Socket:TX=0x0508543000000000011fff0102001f01ff070701ffff
12-29 20:59:01.527 D/SafeStart( 3891): QNNForward end  
12-29 20:59:01.529 D/SafeStart( 3891): PostProcess end  
12-29 20:59:01.529 D/SafeStart( 3891): results.size() 0
12-29 20:59:01.529 D/SafeStart( 3891): this_frame_result 0,0,0,0
12-29 20:59:01.529 D/SafeStart( 3891): before 0_camera_result
12-29 20:59:01.529 D/SafeStart( 3891): this_frame_result[j] 0 all_camera_result[j]
12-29 20:59:01.529 D/SafeStart( 3891): after 0_camera_result
12-29 20:59:01.529 D/SafeStart( 3891): before result_0or1[j] 3
12-29 20:59:01.529 D/SafeStart( 3891): after result_0or1[j] 4
12-29 20:59:01.529 D/SafeStart( 3891): result_0or1 cam:0 init_result 0 0 0 0
12-29 20:59:01.529 D/SafeStart( 3891): after 0 push_back
12-29 20:59:01.529 D/SafeStart( 3891): before 1_camera_result
12-29 20:59:01.529 D/SafeStart( 3891): this_frame_result[j] 0 all_camera_result[j]
12-29 20:59:01.529 D/SafeStart( 3891): after 1_camera_result
12-29 20:59:01.529 D/SafeStart( 3891): before result_0or1[j] 3
12-29 20:59:01.529 D/SafeStart( 3891): after result_0or1[j] 4
12-29 20:59:01.529 D/SafeStart( 3891): result_0or1 cam:1 init_result 0 0 0 0
12-29 20:59:01.529 D/SafeStart( 3891): after 1 push_back
12-29 20:59:01.529 D/SafeStart( 3891): before 2_camera_result
12-29 20:59:01.529 D/SafeStart( 3891): this_frame_result[j] 0 all_camera_result[j]
12-29 20:59:01.529 D/SafeStart( 3891): after 2_camera_result
12-29 20:59:01.529 D/SafeStart( 3891): before result_0or1[j] 3
12-29 20:59:01.529 D/SafeStart( 3891): after result_0or1[j] 4
12-29 20:59:01.529 D/SafeStart( 3891): result_0or1 cam:2 init_result 0 0 0 0
12-29 20:59:01.529 D/SafeStart( 3891): after 2 push_back
12-29 20:59:01.529 D/SafeStart( 3891): before 3_camera_result
12-29 20:59:01.529 D/SafeStart( 3891): this_frame_result[j] 0 all_camera_result[j]
12-29 20:59:01.529 D/SafeStart( 3891): after 3_camera_result
12-29 20:59:01.529 D/SafeStart( 3891): before result_0or1[j] 3
12-29 20:59:01.529 D/SafeStart( 3891): after result_0or1[j] 4
12-29 20:59:01.529 D/SafeStart( 3891): result_0or1 cam:3 init_result 0 0 0 0
12-29 20:59:01.529 D/SafeStart( 3891): after 3 push_back
12-29 20:59:01.529 D/SafeStart( 3891): all_camera_result 0,0,0,0
12-29 20:59:01.529 D/SafeStart( 3891): after paint_result
12-29 20:59:01.529 D/SafeStart( 3891): frame_id 2385 time: 19.029000 ms
12-29 20:59:01.529 I/AlgoService( 3891): <AlgoService>[postJavaMessage] called, algoType 8, event 2001
12-29 20:59:01.529 D/AlgoService( 3891): <AlgoService>[postJavaMessage] data is empty!
12-29 20:59:01.529 I/AlgoService( 3891): <AlgoService>[postJavaMessage] event 2001, data size 0
12-29 20:59:01.529 D/AlgoService( 3891): <BaseAlgoService> transmit data: AlgoCbData{algoType=8, event=2001, payload={"algoType":8,"event":2001,"payload":{"size":0,"data":[]}}}
12-29 20:59:01.529 I/[AIScene][127]VisualPerceptionImpl( 3891): onUpdate, json: {"algoType":8,"event":2001,"payload":{"size":0,"data":[]}}
12-29 20:59:01.530 I/[AIScene][127]VisualPerceptionImpl( 3891): onUpdate, get bean: n4.p@890b911, VisualDispatcherBean{iVisualDispatcher=n4.p@890b911, type= add: {2 }; init: {2 }
12-29 20:59:01.530 I/[AIScene][127]VisualPerceptionImpl( 3891): onUpdate, get bean: r4.f@a143c6, VisualDispatcherBean{iVisualDispatcher=r4.f@a143c6, type= add: {8 }; init: {8 }
12-29 20:59:01.530 I/[AIScene][127]SafeRemindService( 3891): to send safe remind data receive, algotype->8, jsonStr->{"algoType":8,"event":2001,"payload":{"size":0,"data":[]}}
12-29 20:59:01.530 D/[AIScene][127]SafeRemindService( 3891): safe remind data update, algotype->8, jsonStr->{"algoType":8,"event":2001,"payload":{"size":0,"data":[]}}
12-29 20:59:01.530 D/[AIScene][127]SafeRemindService( 3891): safe remind data to json success!
12-29 20:59:01.530 D/[AIScene][127]SafeRemindService( 3891): not need send pay load data to qnx
12-29 20:59:01.533 D/CAR.HAL ( 1569): onPropertyEvent -> mServicesToDispatch.size: 1
12-29 20:59:01.534 D/CAR.PropertyHalService( 1569): onHalEvents mId=0x11600207 halId=0x11600207 areaId=0x0 status=0x0 timestamp=2370800048469 floatValues=[0.0]
12-29 20:59:01.535 I/AVMCombinedCameraDeviceSessionExtend(  540): CameraDeviceSession::handle current opened service id 2 request
12-29 20:59:01.537 D/CarLocationManager( 4529): setProperty, propId: 0x105, area: 0x0, class: class java.lang.Integer, val: 0
12-29 20:59:01.538 I/CAR.PHS.LOCATION( 1569): setProperty mId=0x105 halId=0x21401015 areaId=0x0 status=0x0 int32Values=[0]
12-29 20:59:01.538 D/APTIV.VHAL.VPLAT(  369): Socket:TX=0x0508543c0000000000000000
12-29 20:59:01.539 D/APTIV.VHAL.VPLAT(  369): Socket:RX=0x0c01cac100000000000b925de005f0d1803b040000
12-29 20:59:01.539 D/APTIV.VHAL.VPLAT(  369): Socket:RX=0x0c01c83d00000000b07b0000
12-29 20:59:01.539 D/APTIV.VHAL.PLATVHAL(  369): setPropertyFromVehicle success,doHalEvent:0x2170f577
12-29 20:59:01.539 D/AI-vad_Proxy( 4373): feed error not busy, return...
12-29 20:59:01.539 D/APTIV.VHAL.PLATVHAL(  369): setPropertyFromVehicle success,doHalEvent:0x2160f136
12-29 20:59:01.539 D/APTIV.VHAL.VPLAT(  369): Socket:RX=0x0c01c841000000005e010000
12-29 20:59:01.539 D/APTIV.VHAL.PLATVHAL(  369): setPropertyFromVehicle success,doHalEvent:0x2160f137
12-29 20:59:01.539 D/CAR.HAL ( 1569): onPropertyEvent -> mServicesToDispatch.size: 2
12-29 20:59:01.539 D/CAR.PropertyHalService( 1569): onHalEvents mId=0x2170f577 halId=0x2170f577 areaId=0x0 status=0xffffffff timestamp=2370810121803 bytes=[0, 11, -110, 93, -32, 5, -16, -47, -128, 59, 4, 0, 0]
12-29 20:59:01.540 D/zeekr_gxk( 1569): PropertyHalServiceBase->listener is null!!!
12-29 20:59:01.540 D/AdaptB_1_3_1202_FB_CarFuncImplLocation( 1826): CarPropertyEventCallback onChangeEvent value = CarPropertyValue{mPropertyId=0x2170f577, mAreaId=0x0, mStatus=-1, mTimestamp=2370810121803, mValue=[B@e3d2}
12-29 20:59:01.540 D/AdaptB_1_3_1202_ICarFunctionImplService( 1826): handleBytesFunctionValueChanged functionId:1073742340 zone:0x0 value:[0, 11, -110, 93, -32, 5, -16, -47, -128, 59, 4, 0, 0] pids: [2687, 4083]
12-29 20:59:01.540 D/AdaptL_2687_AdaptFuncManager( 2687): onBytesFunctionValueChanged:1073742340, zone = 0x0, value = [0, 11, -110, 93, -32, 5, -16, -47, -128, 59, 4, 0, 0]
12-29 20:59:01.541 D/AdaptL_2687_AdaptApi-LocationImpl( 2687): onBytesFunctionValueChanged  function 1073742340 zone 0 value [0, 11, -110, 93, -32, 5, -16, -47, -128, 59, 4, 0, 0]
12-29 20:59:01.541 D/AdaptL_4083_AdaptFuncManager( 4083): onBytesFunctionValueChanged:1073742340, zone = 0x0, value = [0, 11, -110, 93, -32, 5, -16, -47, -128, 59, 4, 0, 0]
12-29 20:59:01.541 D/AdaptL_4083_AdaptApi-LocationImpl( 4083): onBytesFunctionValueChanged  function 1073742340 zone 0 value [0, 11, -110, 93, -32, 5, -16, -47, -128, 59, 4, 0, 0]
12-29 20:59:01.550 D/APTIV.VHAL.VPLAT(  369): Socket:RX=0x080430c1000000000400000000000000
12-29 20:59:01.550 I/VehicleSettingHandle(  369): error: hisipid[0x80430c1] not exist 
12-29 20:59:01.550 I/APTIV.VHAL.PropertyPreHandle(  369): callZeekrMsgTransfer: originalProp VehiclePropValue: {propId=0x11410a00, areaId=0x00,status=PROP_STATUS_UNKNOW(0),timestamp=2370821253886,VehiclePropertyType=4259840,int32Values=[4,0]}
12-29 20:59:01.550 D/APTIV.VHAL.PropertyPreHandle(  369): callZeekrMsgTransfer: call  powerMsgTransfer method
12-29 20:59:01.550 I/android.hardware.automotive.vehicle@2.0-service.aptiv(  369): powerMsgTransfer called, prop:289475072, value[0]:4, value[1]:0 
12-29 20:59:01.550 I/APTIV.VHAL.PropertyPreHandle(  369): callZeekrMsgTransfer: resultProp VehiclePropValue: {propId=0x11410a00, areaId=0x00,status=PROP_STATUS_UNKNOW(0),timestamp=2370821253886,VehiclePropertyType=4259840,int32Values=[4,0]}
12-29 20:59:01.550 D/[ZVS][155][2024-12-18]Base[1.0.7]AdasMapperImpl( 4083): onChange FaultListInfo [vUID = 4007;vOperation = 0] 
12-29 20:59:01.550 D/APTIV.VHAL.PLATVHAL(  369): setPropertyFromVehicle success,doHalEvent:0x11410a00
12-29 20:59:01.550 D/[ZVS][155][2024-12-18]Base[1.0.7]CacheHelper0( 4083):  set value 2response moduleName:adas,propertyName:FaultListInfo,extra:oneValue
12-29 20:59:01.550 I/RtcHal  (  550): RtcVehicleClient::onPropertyEvent PropPower:289475072
12-29 20:59:01.550 D/VendorFirewallService(  835): Recv PW prop value is 4
12-29 20:59:01.550 I/SomeipAlertManager( 2994): mFaultObserver size:1
12-29 20:59:01.550 I/ZkosStrStatus( 2629): ZkosStrStatus::onPropertyEvent propValue=289475072, value=4, value2=0
12-29 20:59:01.551 D/CAR.HAL ( 1569): onPropertyEvent -> mServicesToDispatch.size: 1
12-29 20:59:01.551 I/CAR.POWER( 1569): Received AP_POWER_STATE_REQ=CONVENIENCE(4) param=0
12-29 20:59:01.551 I/CAR.POWER( 1569): doHandlePowerStateChange: newState=ON(1)
12-29 20:59:01.551 D/CAR.POWER( 1569): Requested state is already in effect: ON(1)
12-29 20:59:01.559 D/APTIV.VHAL.VPLAT(  369): Socket:RX=0x0c015b110000000000000000
12-29 20:59:01.559 D/APTIV.VHAL.PLATVHAL(  369): setPropertyFromVehicle success,doHalEvent:0x2260f1d4
12-29 20:59:01.568 I/libipcp ( 1852): socket_says_data_received: <<<<< RCV-DATA <<<<< [198.18.32.17:50176] sid:0xb0(176), opId:0xa7(167), opType:0x6(6), senderHandleId:0xb0a70680, seqNr:0x80(128), proc:0, dataType:0, length:9(17)
12-29 20:59:01.568 D/libipcp ( 1852): socket_says_data_received: add to dispatch queue: 176 167 9 -1331231104 3 6 0 0
12-29 20:59:01.568 I/libipcp ( 1852): dispatch_handler: <<<<< DISPATCH <<<<< START - [198.18.32.17:50176] sid:0xb0(176), opId:0xa7(167), opType:0x6(6), senderHandleId:0xb0a70680, seqNr:0x80(128), proc:0, dataType:0, length:9
12-29 20:59:01.568 D/libipcp ( 1852): handle_incoming_notification_cyc: xxx_enter handle_incoming_notification_cyc
12-29 20:59:01.568 D/libipcp ( 1852): build_work_item: xxx_enter build_work_item.
12-29 20:59:01.568 D/libipcp ( 1852): lookup_service_config: [11/19, 2/2] Found the config 0xb4000074b0c1d590 with the same sid:0xb0(176) and opid:0xa7(167)!
12-29 20:59:01.568 D/libipcp ( 1852): build_work_item: xxx_enter build_work_item, add item to work thread queue
12-29 20:59:01.568 I/libipcp ( 1852): dispatch_handler: <<<<< DISPATCH <<<<<  END
12-29 20:59:01.568 I/Ipcp_Client( 1852): received_cb_client - IN([198.18.32.17:50176])
12-29 20:59:01.568 D/Ipcp_Client( 1852): IPCPClient find_client_mp_handler ok (sid:0xb0,handler:0xb400007440c32e50)
12-29 20:59:01.568 I/Ipcp_Client( 1852): <<<<< CLI-RCV-CB <<<<< cbCode:0, [198.18.32.17:50176] sid:0xb0(176), opId:0xa7(167), opType:0x6(6), seqNr:1664(0x680-128), proc:0, dataType:0, length:1(1)
12-29 20:59:01.568 D/Ipcp_Client( 1852): callClientCallBack, add msg to client callback queue
12-29 20:59:01.568 I/Ipcp_Client( 1852): received_cb_client - OUT([198.18.32.17:50176])
12-29 20:59:01.568 I/Ipcp_Client( 1852): <<<<< CLI-JNI-CB <<<<< START - cbCode:0, [198.18.32.17:50176] sid:0xb0(176), opId:0xa7(167), opType:0x6(6), seqNr:1664(0x680-128), proc:0, dataType:0, length:1
12-29 20:59:01.568 D/IPCP.Client( 1852): ClientCbData{mCbCode=0, serviceId=176, operationId=167, mSeqNr=1664, opType=6, dataType=0, proc=0, payloadLen=0, payload= 00}
12-29 20:59:01.569 I/Ipcp_Client( 1852): <<<<< CLI-JNI-CB <<<<<  END  - cbCode:0, [198.18.32.17:50176] sid:0xb0(176), opId:0xa7(167), opType:0x6(6), seqNr:1664(0x680-128), proc:0, dataType:0, length:1
12-29 20:59:01.569 I/AVMCombinedCameraDeviceSessionExtend(  540): CameraDeviceSession::handle current opened service id 2 request
12-29 20:59:01.569 W/ZeekrRenderEngine(  540): [cvFuncMutiHwBuf2RGB32H264@AI_CV_Func_Processor.cpp(421)] srcs[0] index: 1
12-29 20:59:01.569 W/ZeekrRenderEngine(  540): [cvFuncMutiHwBuf2RGB32H264@AI_CV_Func_Processor.cpp(421)] srcs[1] index: 6
12-29 20:59:01.569 W/ZeekrRenderEngine(  540): [cvFuncMutiHwBuf2RGB32H264@AI_CV_Func_Processor.cpp(421)] srcs[2] index: 11
12-29 20:59:01.569 W/ZeekrRenderEngine(  540): [cvFuncMutiHwBuf2RGB32H264@AI_CV_Func_Processor.cpp(421)] srcs[3] index: 16
12-29 20:59:01.569 I/Adapt_1_3_1202_Adapt-IpcpManager( 1826): onClientCallback funcKey = 11534503
12-29 20:59:01.569 I/Adapt_1_3_1202_Adapt-IpcpManager( 1826): ReceiveHandler RECEIVE_CLIENT funcKey = 11534503
12-29 20:59:01.569 I/Adapt_1_3_1202_Adapt-IpcpManager( 1826): callBackClientMsg funcKey = 11534503, mClientMsgMap.size() = 41
12-29 20:59:01.569 D/AdaptB_1_3_1202_IB_AdaptInternalImplLocation( 1826): onInternalServiceDataEvent->onInternalServiceDataEvent: domain = Adapt-Location, ifname = adaptservice.out.to.adaptlib, msgId = LOCATION_IPCP_GNSS_ERROR_CODE, data = {"ERRORCODE":0}
12-29 20:59:01.569 I/AVMCombinedCameraDeviceSessionExtend(  540): after CVP_Func_MUTI_SRC_CROP_2_RGB32ENC 0927
12-29 20:59:01.569 D/AdaptB_1_3_1202_AdaptInternalImplService( 1826): onInternalServiceDataEvent ifname: adaptservice.out.to.adaptlib, msgId: LOCATION_IPCP_GNSS_ERROR_CODE, data: {"ERRORCODE":0}
12-29 20:59:01.570 D/AdaptB_1_3_1202_AdaptInternalImplService( 1826): onInternalServiceDataEvent pids:[2687, 4083] domain:Adapt-Location ifname:adaptservice.out.to.adaptlib msgId:LOCATION_IPCP_GNSS_ERROR_CODE
12-29 20:59:01.570 D/AdaptL_4083_AdaptInternalManager( 4083): onInternalDataEvent domain = Adapt-Location, ifname = adaptservice.out.to.adaptlib, msgId = LOCATION_IPCP_GNSS_ERROR_CODE, data = {"ERRORCODE":0}
12-29 20:59:01.570 D/AdaptL_2687_AdaptInternalManager( 2687): onInternalDataEvent domain = Adapt-Location, ifname = adaptservice.out.to.adaptlib, msgId = LOCATION_IPCP_GNSS_ERROR_CODE, data = {"ERRORCODE":0}
12-29 20:59:01.570 D/AdaptL_2687_AdaptApi-LocationImpl( 2687): notifyGnssErrorCode errorCode: 0
12-29 20:59:01.570 I/[ZHK]   ( 2687): [AdapterApiLocationManager]---> notifyGNSSErrorStatus->0
12-29 20:59:01.570 I/[ZHK]   ( 2687): [[Restrict]DisableControl]---> judge gnss to pop window->0
12-29 20:59:01.570 D/AdaptL_4083_AdaptApi-LocationImpl( 4083): notifyGnssErrorCode errorCode: 0
12-29 20:59:01.571 I/[ZVS][155][2024-12-18]Base[1.0.7]AdapterApiLocationManager( 4083): notifyGNSSErrorStatus->0
12-29 20:59:01.572 D/AVMCombinedCameraDeviceSessionExtend(  540): notifyCaptureResult notify capture result, service id is:2, camera id is {8,9,10,11}
12-29 20:59:01.573 I/ZeekrCameraService( 3891): <CameraHalCallback>[zeekr_onCameraDataChangeNotify] msg_type 0, msg_content 26, size 11796480, format 26, cameralist size 4, memory addr 0x7355003188
12-29 20:59:01.573 I/Jni-Camera( 3891): <NanoImageUtil>[dumpInfo] format 7
12-29 20:59:01.573 I/Jni-Camera( 3891): <NanoImageUtil>[dumpInfo] width 1920
12-29 20:59:01.573 I/Jni-Camera( 3891): <NanoImageUtil>[dumpInfo] height 1536
12-29 20:59:01.573 I/Jni-Camera( 3891): <NanoImageUtil>[dumpInfo] size 11796480
12-29 20:59:01.573 I/Jni-Camera( 3891): <NanoImageUtil>[dumpInfo] channels 0
12-29 20:59:01.573 I/ZeekrCameraService( 3891): <ZeekrCameraHal>[zeekr_onCameraDataChangeNotify] image.size 11796480, msg.size 11796480
12-29 20:59:01.573 D/AlgoService( 3891): <CameraManager>[onCameraFrame] convert avm frame +
12-29 20:59:01.575 D/AlgoService( 3891): <CameraManager>[onCameraFrame] convert avm frame -
12-29 20:59:01.575 I/AlgoService( 3891): execute called, (1920x1536) format:7
12-29 20:59:01.575 I/AlgoService( 3891): <AlgoQueueMessage>[execute] monitor startSafety algo.
12-29 20:59:01.585 D/SomeipAlertManager( 2994): handlerSomeipAlarm not exist0
12-29 20:59:01.602 I/AVMCombinedCameraDeviceSessionExtend(  540): CameraDeviceSession::handle current opened service id 2 request
12-29 20:59:01.603 D/[ZVS][155][2024-12-18]Base[1.0.7]AdasMapperImpl( 4083): onChange FaultListInfo [vUID = 4007;vOperation = 1] 
12-29 20:59:01.603 D/[ZVS][155][2024-12-18]Base[1.0.7]CacheHelper0( 4083):  set value 2response moduleName:adas,propertyName:FaultListInfo,extra:oneValue
12-29 20:59:01.603 I/IPLM_Impl(  820): broadcastIpActivity, broadcast IP_activity message(seqNum:0x28(40), action:0x7, prio:0, function:0) success
12-29 20:59:01.603 I/IPLM_Vehicle(  820): notifyIpActive, The same IP_active(0x07, 0x00) has already been sent.
12-29 20:59:01.603 I/IPLM_Impl(  820): dumpInternalState, OptionalEcuNodes[0x3090], ip_activity[action:0x7, prio:0, function:0], ARS[states:0x1086, priorities:0], VFCWakeupCount[0/1]
12-29 20:59:01.603 I/SomeipAlertManager( 2994): mFaultObserver size:1
12-29 20:59:01.603 D/SomeipAlertManager( 2994): handlerSomeipAlarm not exist4007
12-29 20:59:01.608 D/AIN-PingTestHolder( 4373): getPingVal() called pingVal = 0
12-29 20:59:01.608 D/AIN-PingWorker( 4373): Thread id :78 ,try connect host log.aispeech.com ,delay : 227
12-29 20:59:01.608 D/AIN-TimesNetPolicy( 4373): onDelay add ping delay :227
12-29 20:59:01.608 D/AIN-TimesNetPolicy( 4373): HEALTHY , queue size = 1 , checkTimes = 3 , timeoutTimes =  0.0 , weakTimes = 0.0 , healthyTimes = 1.0
12-29 20:59:01.608 D/AIN-SpeechNetUtils( 4373): setOnline() called with: online = [true]
12-29 20:59:01.608 D/AIN-NetCheckerOutputer( 4373): checkDm() called with: policy = [2]
12-29 20:59:01.608 D/AIN-DuiInputer( 4373): isSpeechReady
12-29 20:59:01.608 D/AIN-DuiSpeechHawk( 4373): isSpeechReady:true, true
12-29 20:59:01.608 D/AIN-NetCheckerOutputer( 4373): checkTTSMode,currentTTSMode:1,policy:2
12-29 20:59:01.608 D/AIN-AIConfigInstance( 4373): readProp:is_use_offline_qsg,value:true
12-29 20:59:01.608 D/AIN-TimesNetPolicy( 4373): check net state : HEALTHY to :HEALTHY
12-29 20:59:01.616 D/CarLocationManager( 4529): setProperty, propId: 0x102, area: 0x0, class: class [B, val: [B@1206760
12-29 20:59:01.617 I/CAR.PHS.LOCATION( 1569): setProperty mId=0x102 halId=0x21701010 areaId=0x0 status=0x0 bytes=[1, 31, -1, 2, 2, 0, 31, 1, -1, 7, 7, 1, -1, -1]
12-29 20:59:01.617 D/APTIV.VHAL.VPLAT(  369): Socket:TX=0x0508543000000000011fff0202001f01ff070701ffff
12-29 20:59:01.635 I/AVMCombinedCameraDeviceSessionExtend(  540): CameraDeviceSession::handle current opened service id 2 request
12-29 20:59:01.635 W/ZeekrRenderEngine(  540): [cvFuncMutiHwBuf2RGB32H264@AI_CV_Func_Processor.cpp(421)] srcs[0] index: 3
12-29 20:59:01.635 W/ZeekrRenderEngine(  540): [cvFuncMutiHwBuf2RGB32H264@AI_CV_Func_Processor.cpp(421)] srcs[1] index: 8
12-29 20:59:01.635 W/ZeekrRenderEngine(  540): [cvFuncMutiHwBuf2RGB32H264@AI_CV_Func_Processor.cpp(421)] srcs[2] index: 13
12-29 20:59:01.635 W/ZeekrRenderEngine(  540): [cvFuncMutiHwBuf2RGB32H264@AI_CV_Func_Processor.cpp(421)] srcs[3] index: 18
12-29 20:59:01.635 I/AVMCombinedCameraDeviceSessionExtend(  540): after CVP_Func_MUTI_SRC_CROP_2_RGB32ENC 0927
